"""
<!DOCTYPE html>\n
<html lang="th">\n
<head>\n
    <meta charset="utf-8">\n
    <meta name="viewport" content="width=device-width, initial-scale=1.0">\n
\n
    <meta name="csrf-token" content="bsHLc7eBpLWbvdc25nzyym5lb7gVho07H9avRWNs">\n
\n
    <title>Company Records</title>\n
\n
    <link rel="preconnect" href="https://fonts.googleapis.com">\n
    <link rel="preconnect" href="https://fonts.gstatic.com" crossorigin>\n
    <link href="https://fonts.googleapis.com/css2?family=Inter:wght@400;500;600;700&display=swap" rel="stylesheet">\n
    <link href="https://fonts.googleapis.com/css2?family=Sarabun:wght@400;500;600;700&display=swap" rel="stylesheet">\n
\n
    <link href="https://cdn.jsdelivr.net/npm/bootstrap@5.3.2/dist/css/bootstrap.min.css" rel="stylesheet" integrity="sha384-T3c6CoIi6uLrA9TneNEoa7RxnatzjcDSCmG1MXxSR1GAsXEV/Dwwykc2MPK8M2HN" crossorigin="anonymous">\n
\n
    <link rel="stylesheet" href="https://cdn.jsdelivr.net/npm/bootstrap-icons@1.11.3/font/bootstrap-icons.min.css">\n
\n
    <link rel="stylesheet" href="https://cdn.jsdelivr.net/npm/sweetalert2@11/dist/sweetalert2.min.css">\n
\n
    <!-- Flatpickr CSS -->\n
    <link rel="stylesheet" href="https://cdn.jsdelivr.net/npm/flatpickr/dist/flatpickr.min.css">\n
\n
    <link rel="stylesheet" href="https://cdnjs.cloudflare.com/ajax/libs/cropperjs/1.6.1/cropper.min.css" crossorigin="anonymous" referrerpolicy="no-referrer" />\n
\n
    <!-- PWA Manifest & Meta Tags -->\n
    <link rel="manifest" href="http://localhost/manifest.json">\n
    <meta name="apple-mobile-web-app-capable" content="yes">\n
    <meta name="apple-mobile-web-app-status-bar-style" content="black-translucent">\n
    <meta name="apple-mobile-web-app-title" content="PWL System">\n
    <link rel="apple-touch-icon" href="http://localhost/images/icons/icon-192x192.png">\n
\n
    <!-- Tailwind CSS (Scoped/Utility) for Components using it -->\n
    <script src="https://cdn.tailwindcss.com"></script>\n
    <script>\n
        tailwind.config = {\n
            prefix: '', // No prefix to match component code\n
            corePlugins: {\n
               preflight: false, // Disable preflight to avoid conflict with Bootstrap\n
            }\n
        }\n
    </script>\n
\n
    <!-- Alpine.js -->\n
    <script defer src="https://cdn.jsdelivr.net/npm/alpinejs@3.x.x/dist/cdn.min.js"></script>\n
\n
    <style>\n
        :root {\n
            --bs-primary: #F97316;\n
            --bs-primary-rgb: 249, 115, 22;\n
            --bs-primary-dark: #EA580C;\n
            --bs-primary-light: #FB923C;\n
            --bs-body-font-family: 'Inter', 'Sarabun', sans-serif;\n
            --bs-body-bg: #f8fafc; /* Fallback color */\n
            --bs-border-color: #e2e8f0;\n
        }\n
\n
        body {\n
            font-size: 1rem;\n
            line-height: 1.6;\n
            background-color: var(--bs-body-bg);\n
            background-image: radial-gradient(var(--bs-border-color) 1px, transparent 1px);\n
            background-size: 1.5rem 1.5rem;\n
            background-attachment: fixed;\n
        }\n
\n
        .main-layout {\n
            display: flex;\n
            min-height: 100vh;\n
        }\n
\n
        #sidebar {\n
            width: 260px;\n
            background-color: #ffffff;\n
            box-shadow: 0 1px 3px rgba(0,0,0,.05);\n
            /* padding: 1.5rem; <-- REMOVED */\n
            --bs-offcanvas-width: 260px; /* <-- ADDED */\n
            display: flex;\n
            flex-direction: column;\n
            flex-shrink: 0;\n
        }\n
\n
        #sidebar .navbar-brand {\n
            font-weight: 700;\n
            color: var(--bs-primary);\n
            margin-bottom: 1.5rem;\n
            text-align: center;\n
            font-size: 1.5rem;\n
            text-decoration: none;\n
        }\n
\n
        #sidebar .list-group-item {\n
            border: none;\n
            padding: 0.75rem 1rem;\n
            margin-bottom: 0.5rem;\n
            border-radius: 0.5rem;\n
            font-weight: 600;\n
            color: #475569;\n
            transition: background-color 0.2s ease-in-out, color 0.2s ease-in-out;\n
            font-size: 0.95rem;\n
        }\n
\n
        #sidebar .list-group-item.active {\n
            background-color: var(--bs-primary-light);\n
            color: #ffffff;\n
            background-image: linear-gradient(to right, var(--bs-primary-light), var(--bs-primary));\n
            box-shadow: 0 4px 6px -1px rgba(249, 115, 22, 0.2), 0 2px 4px -2px rgba(249, 115, 22, 0.2);\n
        }\n
\n
        #sidebar .list-group-item:hover:not(.active) {\n
            background-color: #f1f5f9;\n
            color: #1e293b;\n
        }\n
\n
        #main-content {\n
            flex-grow: 1;\n
            padding: 2.5rem;\n
            overflow-y: auto;\n
        }\n
\n
        .content-section {\n
            background-color: #ffffff;\n
            border-radius: 0.75rem;\n
            border: 1px solid var(--bs-border-color);\n
            box-shadow: 0 1px 3px 0 rgb(0 0 0 / 0.07), 0 1px 2px -1px rgb(0 0 0 / 0.07);\n
            padding: 2rem;\n
        }\n
        .table thead {\n
            --bs-table-bg: #f8fafc;\n
            color: #64748b;\n
            text-transform: uppercase;\n
            font-size: 0.75rem;\n
            letter-spacing: 0.05em;\n
            font-weight: 600;\n
        }\n
        /* Highlight Animation for Employee Card */\n
        @keyframes highlightPulse {\n
            0% {\n
                box-shadow: 0 0 0 0 rgba(249, 115, 22, 0.7);\n
                border-color: #f97316;\n
                background-color: #fff7ed;\n
                transform: scale(1.02);\n
            }\n
            50% {\n
                box-shadow: 0 0 0 10px rgba(249, 115, 22, 0);\n
                border-color: #f97316;\n
                background-color: #fff7ed;\n
                transform: scale(1.02);\n
            }\n
            100% {\n
                box-shadow: 0 0 0 0 rgba(249, 115, 22, 0);\n
                border-color: #f97316;\n
                background-color: #fff7ed;\n
                transform: scale(1.02);\n
            }\n
        }\n
\n
        .employee-card.highlight {\n
            animation: highlightPulse 2s ease-out infinite;\n
            border: 2px solid #f97316 !important;\n
            background-color: #fff7ed !important;\n
            z-index: 10;\n
        }\n
        .modal-backdrop.fade.show{\n
            display: none;\n
        }\n
        .modal.fade.show{\n
            background: rgba(0, 0, 0, 0.6);\n
        }\n
        /* Restore padding to the new offcanvas body */\n
        #sidebar .offcanvas-body {\n
            padding: 1.5rem;\n
        }\n
        /* Reduce main content padding on mobile view */\n
        @media (max-width: 991.98px) {\n
            #main-content {\n
                padding: 1.5rem;\n
            }\n
        }\n
\n
        .scroll-to-top {\n
            position: fixed;\n
            bottom: 20px;\n
            width: 50px;\n
            height: 50px;\n
            border-radius: 50%;\n
            background-color: var(--bs-primary);\n
            color: #ffffff;\n
            text-align: center;\n
            line-height: 50px;\n
            font-size: 24px;\n
            cursor: pointer;\n
            z-index: 1000;\n
            opacity: 0;\n
            visibility: hidden;\n
            transition: opacity 0.3s, visibility 0.3s, transform 0.3s;\n
            transform: translateY(20px);\n
            box-shadow: 0 4px 8px rgba(0,0,0,0.2);\n
        }\n
        .scroll-to-top.left {\n
            left: 20px;\n
        }\n
        .scroll-to-top.right {\n
            right: 20px;\n
        }\n
        .scroll-to-top.show {\n
            opacity: 1;\n
            visibility: visible;\n
            transform: translateY(0);\n
        }\n
        .scroll-to-top:hover {\n
            background-color: var(--bs-primary-dark);\n
        }\n
\n
        /* Drawer Handle */\n
        .drawer-handle {\n
            position: fixed;\n
            left: 0;\n
            top: 50%;\n
            transform: translateY(-50%) translateX(-100%); /* Initially hidden off-screen */\n
            width: 12px;\n
            height: 50vh;\n
            background-color: var(--bs-primary);\n
            border-top-right-radius: 8px;\n
            border-bottom-right-radius: 8px;\n
            cursor: pointer;\n
            z-index: 999;\n
            transition: transform 0.3s ease, width 0.2s;\n
            display: flex;\n
            align-items: center;\n
            justify-content: center;\n
            box-shadow: 2px 0 5px rgba(0,0,0,0.1);\n
            opacity: 0.8;\n
        }\n
        .drawer-handle.show {\n
            transform: translateY(-50%) translateX(0); /* Slide in */\n
        }\n
        .drawer-handle:hover {\n
            width: 16px;\n
            opacity: 1;\n
        }\n
        .drawer-handle i {\n
            color: white;\n
            font-size: 10px;\n
        }\n
\n
        .form-check-input {\n
            border: 2px solid #0d6efd !important;\n
        }\n
    </style>\n
</head>\n
<body>\n
\n
    <div class="main-layout">\n
        <aside id="sidebar" class="offcanvas offcanvas-start" tabindex="-1" aria-labelledby="sidebarLabel">\n
            <div class="offcanvas-header">\n
                <h5 class="offcanvas-title" id="sidebarLabel">\n
                    <a href="http://localhost/dashboard" class="d-flex align-items-center gap-2 text-decoration-none text-reset">\n
                        <img src="http://localhost/images/logo_new.jpg" alt="Logo" style="height: 40px; width: auto;"> Proworker labour\n
                    </a>\n
                </h5>\n
                <button type="button" class="btn-close" data-bs-dismiss="offcanvas" data-bs-target="#sidebar" aria-label="Close"></button>\n
            </div>\n
            <div class="offcanvas-body d-flex flex-column p-0">\n
            <a class="navbar-brand d-flex flex-column align-items-center mb-4 mt-3" href="http://localhost/dashboard">\n
                <img src="http://localhost/images/logo_new.jpg" alt="Proworker Logo" class="mb-2" style="height: 130px; width: auto; max-width: 100%; border: none;">\n
                <span style="line-height: 1.2;">Proworker labour</span>\n
            </a>\n
            <div class="list-group" id="main-nav">\n
                                                \n
                                                <a href="http://localhost/admin/activity-logs" class="list-group-item list-group-item-action ">\n
                    <i class="bi bi-activity me-2"></i>Activity Logs\n
                </a>\n
                                \n
                                 \n
                                                            <a href="http://localhost/admin/incomplete-employees" class="list-group-item list-group-item-action active" style="padding-left: 2.5rem;">\n
                        <div class="d-flex justify-content-between align-items-center">\n
                            <span><i class="bi bi-exclamation-octagon-fill me-2"></i>ข้อมูลไม่ครบถ้วน</span>\n
                                                            <span class="badge bg-warning text-dark rounded-pill">1</span>\n
                                                    </div>\n
                    </a>\n
                                                                        \n
                \n
                \n
                                                <a href="http://localhost/admin/tickets" class="list-group-item list-group-item-action ">\n
                    <div class="d-flex justify-content-between align-items-center">\n
                        <span><i class="bi bi-inbox-fill me-2"></i>กล่องตั๋วงาน</span>\n
                                            </div>\n
                </a>\n
                <a href="http://localhost/admin/tickets/create" class="list-group-item list-group-item-action " style="padding-left: 2.5rem;">\n
                    <i class="bi bi-plus-circle me-2"></i>สร้างตั๋วใหม่ (Admin)\n
                </a>\n
                                                \n
                <hr>\n
                                                \n
                                                \n
                \n
                                                        <a href="http://localhost/production" class="list-group-item list-group-item-action ">\n
                        <i class="bi bi-clipboard-data-fill me-2"></i>P Production (ฝ่ายผลิต)\n
                    </a>\n
                                                            <a href="http://localhost/workflow" class="list-group-item list-group-item-action " style="padding-left: 2.5rem;">\n
                        <i class="bi bi-diagram-3-fill me-2"></i>กระบวนการทำงาน\n
                    </a>\n
                                                            <a href="http://localhost/production/registration" class="list-group-item list-group-item-action " style="padding-left: 2.5rem;">\n
                        <i class="bi bi-person-lines-fill me-2"></i>มติลงทะเบียน\n
                    </a>\n
                                                            <a href="http://localhost/production/renewal" class="list-group-item list-group-item-action " style="padding-left: 2.5rem;">\n
                        <i class="bi bi-arrow-repeat me-2"></i>มติต่ออายุ\n
                    </a>\n
                                    \n
                                                                                                                                                \n
                                                \n
                                                                            </div>\n
            </div>\n
        </aside>\n
\n
        <main id="main-content" style="position: relative; z-index: 1;">\n
            <div class="d-flex justify-content-between align-items-center mb-3">\n
                <div class="d-flex align-items-center gap-2">\n
                    <button class="btn btn-primary" type="button" data-bs-toggle="offcanvas" data-bs-target="#sidebar" aria-controls="sidebar">\n
                        <i class="bi bi-list"></i>\n
                    </button>\n
\n
                    \n
                    <button class="btn btn-outline-secondary d-none d-md-block" onclick="openDownloadCenter()">\n
                        <i class="bi bi-cloud-download-fill me-1"></i> Download Center\n
                    </button>\n
\n
                    \n
                    <a href="http://localhost/admin/incomplete-employees"\n
                       class="btn btn-outline-secondary d-none d-md-block ms-2"\n
                       draggable="true"\n
                       ondragstart="event.dataTransfer.setData('text/plain', this.href); event.dataTransfer.setData('text/uri-list', this.href);"\n
                       title="ลากเพื่อแยกหน้าจอ (Drag to Split)">\n
                        <i class="bi bi-grid-3x2-gap-fill me-1"></i> ลากเพื่อแยก\n
                    </a>\n
                </div>\n
\n
                <div class="d-flex align-items-center ms-auto gap-2">\n
                    <div class="dropdown">\n
                        <button class="btn btn-outline-secondary dropdown-toggle" type="button" data-bs-toggle="dropdown" aria-expanded="false">\n
                            <i class="bi bi-translate me-1"></i>\n
                             🇹🇭 ไทย                         </button>\n
                        <ul class="dropdown-menu dropdown-menu-end">\n
                            <li><a class="dropdown-item" href="http://localhost/lang/th">🇹🇭 ไทย (Thai)</a></li>\n
                            <li><a class="dropdown-item" href="http://localhost/lang/en">🇺🇸 English</a></li>\n
                            <li><a class="dropdown-item" href="http://localhost/lang/zh">🇨🇳 中文 (Chinese)</a></li>\n
                        </ul>\n
                    </div>\n
\n
                    <!-- User Dropdown (Top Right) -->\n
                    <div class="dropdown">\n
                        <button class="btn btn-outline-secondary dropdown-toggle d-flex align-items-center gap-2" type="button" data-bs-toggle="dropdown" aria-expanded="false">\n
                            <i class="bi bi-person-circle"></i>\n
                            <span class="d-none d-md-inline">Patience Jenkins</span>\n
                        </button>\n
                        <ul class="dropdown-menu dropdown-menu-end">\n
                            <li>\n
                                <form method="POST" action="http://localhost/logout" class="d-inline" id="logout-form">\n
                                    <input type="hidden" name="_token" value="bsHLc7eBpLWbvdc25nzyym5lb7gVho07H9avRWNs" autocomplete="off">                                    <a href="http://localhost/logout" class="dropdown-item text-danger" id="btn-logout">\n
                                        <i class="bi bi-box-arrow-right me-2"></i>ออกจากระบบ\n
                                    </a>\n
                                </form>\n
                            </li>\n
                        </ul>\n
                    </div>\n
                </div>\n
            </div>\n
                        \n
            \n
            \n
            \n
            \n
            \n
            <div class="container-fluid py-4">\n
    <div class="d-flex justify-content-between align-items-center mb-4">\n
        <div>\n
            <h1 class="h3 mb-0 text-gray-800">ข้อมูลไม่ครบถ้วน</h1>\n
            <p class="text-muted">Employees with missing mandatory information.</p>\n
        </div>\n
        <div>\n
                        <a href="http://localhost/admin/settings/completeness" class="btn btn-outline-primary">\n
                <i class="bi bi-gear-fill me-1"></i> ตั้งค่า\n
            </a>\n
                    </div>\n
    </div>\n
\n
    <div class="card mb-4 shadow-sm border-0 bg-light">\n
    <div class="card-body p-3">\n
        <div class="d-flex align-items-center mb-3">\n
            <div class="bg-primary bg-opacity-10 p-2 rounded me-2">\n
                <i class="bi bi-geo-alt-fill text-primary"></i>\n
            </div>\n
            <h6 class="mb-0 fw-bold">คัดกรองตามที่อยู่</h6>\n
            <span class="ms-2 badge bg-info bg-opacity-10 text-info border border-info border-opacity-25 small fw-normal">Dynamic Filter</span>\n
        </div>\n
        <form action="http://localhost/admin/incomplete-employees" method="GET" id="address-filter-form" class="row g-3">\n
            \n
            \n
            <div class="col-md-4">\n
                <label class="form-label small fw-bold text-secondary mb-1">จังหวัด</label>\n
                <select name="addrProvince" class="form-select form-select-sm border-0 shadow-sm" onchange="this.form.submit()">\n
                    <option value="">-- ทุกจังหวัด --</option>\n
                                    </select>\n
            </div>\n
\n
            \n
            <div class="col-md-4">\n
                <label class="form-label small fw-bold text-secondary mb-1">อำเภอ</label>\n
                <select name="addrDistrict" class="form-select form-select-sm border-0 shadow-sm" onchange="this.form.submit()" disabled>\n
                    <option value="">-- ทุกอำเภอ --</option>\n
                                                                                </select>\n
            </div>\n
\n
            <div class="col-md-4">\n
                <label class="form-label small fw-bold text-secondary mb-1">ตำบล</label>\n
                <select name="addrSubDistrict" class="form-select form-select-sm border-0 shadow-sm" onchange="this.form.submit()" disabled>\n
                    <option value="">-- ทุกตำบล --</option>\n
                                                                                </select>\n
            </div>\n
\n
                    </form>\n
    </div>\n
</div>\n
\n
    \n
    <div class="card p-3 mb-3">\n
        <div class="d-flex flex-column flex-md-row flex-wrap justify-content-md-between align-items-center gap-3">\n
            <form method="GET" action="http://localhost/admin/incomplete-employees" class="d-flex flex-wrap align-items-center gap-2">\n
                <input type="text" name="search" class="form-control form-control-sm" placeholder="ค้นหา..." value="" style="width: 200px;">\n
                <select name="nationality" class="form-select form-select-sm" style="width: auto;">\n
                    <option value="">-- ทุกสัญชาติ --</option>\n
                    <option value="เมียนมา" >เมียนมา</option>\n
                    <option value="ลาว" >ลาว</option>\n
                    <option value="กัมพูชา" >กัมพูชา</option>\n
                    <option value="เวียดนาม" >เวียดนาม</option>\n
                </select>\n
                <select name="mou_group" class="form-select form-select-sm" style="width: auto;">\n
                    <option value="">-- ทุกประเภท มติ. --</option>\n
                    <option value="MOU" >MOU</option>\n
                    <option value="มติต่ออายุในประเทศ" >มติต่ออายุในประเทศ</option>\n
                    <option value="มติขึ้นทะเบียน" >มติขึ้นทะเบียน</option>\n
                    <option value="อื่นๆ" >อื่นๆ</option>\n
                </select>\n
                <select name="pink_card" class="form-select form-select-sm" style="width: auto;">\n
                    <option value="">-- บัตรชมพู --</option>\n
                    <option value="yes" >มีบัตรชมพู</option>\n
                    <option value="no" >ไม่มีบัตรชมพู</option>\n
                </select>\n
                <select name="passport_type_myanmar" class="form-select form-select-sm" style="width: auto;">\n
                    <option value="">-- ประเภทพาสปอร์ต (เมียนมา) --</option>\n
                    <option value="CI" >เล่ม CI</option>\n
                    <option value="PJ" >เล่ม PJ</option>\n
                </select>\n
                <select name="passport_type_cambodia" class="form-select form-select-sm" style="width: auto;">\n
                    <option value="">-- ประเภทพาสปอร์ต (กัมพูชา) --</option>\n
                    <option value="เล่ม TD" >เล่ม TD</option>\n
                    <option value="เล่มอินเตอร์" >เล่มอินเตอร์</option>\n
                </select>\n
                <input type="date" name="work_permit_expiry_date" class="form-control form-control-sm" value="" title="ค้นหาตามวันหมดอายุใบอนุญาตทำงาน">\n
                <button type="submit" class="btn btn-sm btn-primary">กรอง</button>\n
                <a href="http://localhost/admin/incomplete-employees" class="btn btn-sm btn-secondary">ล้างค่า</a>\n
            </form>\n
            <div class="d-flex align-items-center gap-2">\n
                \n
                <div class="btn-group btn-group-sm">\n
                    <a href="http://localhost/admin/incomplete-employees?view=card&amp;page=1" class="btn btn-primary">การ์ด</a>\n
                    <a href="http://localhost/admin/incomplete-employees?view=table&amp;page=1" class="btn btn-outline-secondary">ตาราง</a>\n
                </div>\n
                \n
                <div class="btn-group btn-group-sm">\n
                                            <a href="http://localhost/admin/incomplete-employees?per_page=12&amp;page=1" class="btn btn-primary">12</a>\n
                                            <a href="http://localhost/admin/incomplete-employees?per_page=25&amp;page=1" class="btn btn-outline-secondary">25</a>\n
                                            <a href="http://localhost/admin/incomplete-employees?per_page=50&amp;page=1" class="btn btn-outline-secondary">50</a>\n
                                            <a href="http://localhost/admin/incomplete-employees?per_page=100&amp;page=1" class="btn btn-outline-secondary">100</a>\n
                                    </div>\n
            </div>\n
        </div>\n
    </div>\n
\n
            <div class="alert alert-warning d-flex align-items-center mb-4" role="alert">\n
            <i class="bi bi-exclamation-triangle-fill flex-shrink-0 me-2" style="font-size: 1.5rem;"></i>\n
            <div>\n
                พบ <strong>1</strong> รายการที่ตรงกับเงื่อนไข\n
            </div>\n
        </div>\n
\n
        <div id="incomplete-bulk-bar" class="bulk-action-bar mb-3 align-items-center gap-2" style="display: none;">\n
    <div class="form-check mb-0">\n
        <input class="form-check-input" type="checkbox" id="incomplete-bulk-bar-select-all">\n
        <label class="form-check-label" for="incomplete-bulk-bar-select-all">\n
            เลือกทั้งหมด (<span id="incomplete-bulk-bar-count">0</span>)\n
        </label>\n
    </div>\n
\n
    <div class="dropdown">\n
        <button class="btn btn-sm btn-secondary dropdown-toggle" type="button" data-bs-toggle="dropdown" aria-expanded="false">\n
            การจัดการ\n
        </button>\n
        <ul class="dropdown-menu">\n
            <li><a class="dropdown-item btn-bulk-download" href="#"><i class="bi bi-download me-2"></i>ดาวน์โหลดไฟล์</a></li>\n
            <li><a class="dropdown-item" href="#" id="incomplete-bulk-advanced-edit-btn"><i class="bi bi-pencil-square me-2"></i>แก้ไขขั้นสูง</a></li>\n
            <li><a class="dropdown-item" href="#" id="incomplete-bulk-advanced-export-btn"><i class="bi bi-file-earmark-spreadsheet me-2"></i>การส่งออกขั้นสูง</a></li>\n
            <li><a class="dropdown-item" href="#" id="incomplete-bulk-send-data-btn"><i class="bi bi-send me-2"></i>ส่งข้อมูล</a></li>\n
                        <li><a class="dropdown-item" href="#" id="incomplete-bulk-generate-pdf-btn"><i class="bi bi-file-earmark-pdf me-2"></i>Automated PDF</a></li>\n
        </ul>\n
    </div>\n
</div>\n
\n
<script>\n
    document.addEventListener('DOMContentLoaded', function() {\n
        (function() {\n
            const barId = 'incomplete-bulk-bar';\n
            const selector = '.employee-checkbox';\n
\n
            const bar = document.getElementById(barId);\n
            if (!bar) return;\n
\n
            const selectAll = document.getElementById(barId + '-select-all');\n
            const countSpan = document.getElementById(barId + '-count');\n
            const downloadBtn = bar.querySelector('.btn-bulk-download');\n
\n
            function update() {\n
                const checkboxes = document.querySelectorAll(selector);\n
                const checked = document.querySelectorAll(selector + ':checked');\n
                const count = checked.length;\n
\n
                if (countSpan) countSpan.textContent = count;\n
\n
                if (count > 0) {\n
                    bar.style.display = 'flex';\n
                } else {\n
                    bar.style.display = 'none';\n
                }\n
\n
                if (selectAll) {\n
                    if (checkboxes.length > 0 && checked.length === checkboxes.length) {\n
                        selectAll.checked = true;\n
                        selectAll.indeterminate = false;\n
                    } else if (count > 0) {\n
                        selectAll.checked = false;\n
                        selectAll.indeterminate = true;\n
                    } else {\n
                        selectAll.checked = false;\n
                        selectAll.indeterminate = false;\n
                    }\n
                }\n
            }\n
\n
            if (selectAll) {\n
                selectAll.addEventListener('change', function() {\n
                    const checkboxes = document.querySelectorAll(selector);\n
                    checkboxes.forEach(cb => cb.checked = this.checked);\n
                    update();\n
                });\n
            }\n
\n
            document.body.addEventListener('change', function(e) {\n
                if (e.target.matches(selector)) {\n
                    update();\n
                }\n
            });\n
\n
            // Listen for a custom event to force update (useful for AJAX reloads)\n
            document.addEventListener('bulk-action-bar:update', function() {\n
                update();\n
            });\n
\n
            if (downloadBtn) {\n
                downloadBtn.addEventListener('click', function(e) {\n
                    e.preventDefault();\n
                    const checked = Array.from(document.querySelectorAll(selector + ':checked')).map(cb => cb.value);\n
\n
                    if (window.openBulkDownloadModal) {\n
                        window.openBulkDownloadModal(checked);\n
                    } else {\n
                        console.error('Download modal function missing.');\n
                         // Fallback if showToast is available\n
                        if (typeof showToast === 'function') {\n
                            showToast('Download function not ready', 'danger');\n
                        }\n
                    }\n
                });\n
            }\n
\n
            // Initial update\n
            update();\n
        })();\n
    });\n
</script>\n
\n
                    <div class="row g-3">\n
                                    <div class="col-12 col-md-6 col-xl-4 position-relative">\n
                        <div id="employee-card-1"\n
     class="list-group-item list-group-item-action position-relative"\n
     draggable="true"\n
     data-drag-payload="{&quot;id&quot;:1,&quot;title&quot;:&quot;Faustino Bayer&quot;,&quot;subtitle&quot;:&quot;John Doe&quot;,&quot;photo_url&quot;:&quot;https:\/\/placehold.co\/48x48\/e2e8f0\/6c757d?text=PIC&quot;,&quot;url&quot;:&quot;http:\/\/localhost\/admin\/incomplete-employees#employee-card-1&quot;,&quot;employer_name&quot;:&quot;Kuhic Group&quot;,&quot;nationality&quot;:&quot;\u0e25\u0e32\u0e27&quot;}"\n
     ondragstart="window.startDragGlobal(event, 'employee', JSON.parse(this.dataset.dragPayload))">\n
\n
            <span class="position-absolute top-0 start-0 translate-middle badge rounded-pill bg-warning text-dark border border-light shadow-sm" style="z-index: 10; margin-left: 15px; margin-top: 15px; font-size: 0.8rem;">\n
            2\n
            <span class="visually-hidden">missing fields</span>\n
        </span>\n
        <div class="d-flex align-items-center">\n
        \n
        <div class="me-3">\n
            <input class="form-check-input employee-checkbox" type="checkbox" value="1" id="employee_checkbox_1" data-employee-id="1">\n
        </div>\n
\n
        \n
        <img src="https://placehold.co/48x48/e2e8f0/6c757d?text=PIC"\n
             alt="Photo" class="employee-photo-thumb">\n
\n
        \n
        <div class="flex-grow-1">\n
            <div class="d-flex w-100 justify-content-between">\n
                <h5 class="mb-1">\n
                    John Doe\n
                    <button class="btn btn-sm btn-link p-0 ms-1 btn-preview"\n
                            data-model-type="employee"\n
                            data-model-id="1"\n
                            @click.stop\n
                            title="Preview Employee">\n
                        <i class="bi bi-search"></i>\n
                    </button>\n
\n
                                                                                                <img src="https://flagcdn.com/w20/la.png" alt="ลาว" title="ลาว">\n
                                                            </h5>\n
                <small class="text-muted" title="นายจ้าง">\n
                    Kuhic Group\n
                                                                <button class="btn btn-sm btn-link p-0 ms-1 btn-preview"\n
                                data-model-type="employer"\n
                                data-model-id="1"\n
                                @click.stop\n
                                title="Preview Employer">\n
                            <i class="bi bi-search"></i>\n
                        </button>\n
                                    </small>\n
            </div>\n
            <p class="mb-1">\n
                Faustino Bayer (N/A)\n
\n
                \n
                                                    <a href="http://localhost/workflow?tab=test-workflow&amp;order=1&amp;item=1"\n
                       class="badge rounded-pill bg-warning text-dark text-decoration-none ms-1 border border-dark shadow-sm"\n
                       title="Processing"\n
                       target="_blank">\n
                        <i class="bi bi-gear-wide-connected me-1"></i> Test Workflow\n
                                            </a>\n
                                                    <a href="http://localhost/production/registration?highlight_employer_id=1&amp;highlight_employee_id=1"\n
                       class="badge rounded-pill bg-warning text-dark text-decoration-none ms-1 border border-dark shadow-sm"\n
                       title="Resolution"\n
                       target="_blank">\n
                        <i class="bi bi-gear-wide-connected me-1"></i> Registration Resolution\n
                                            </a>\n
                            </p>\n
            <small class="text-muted d-block">Passport: P53666228 (หมดอายุ: 07/06/1997)</small>\n
            <small class="text-muted d-block">Work Permit: <strong>WP58428852</strong> (หมดอายุ: 23/10/1982)</small>\n
            <small class="text-muted d-block">Visa (-) | 90-Day: 02/06/1976</small>\n
        </div>\n
\n
        \n
        <div class="ms-auto ps-3">\n
             <div class="btn-group-vertical btn-group-sm">\n
                 <a href="http://localhost/employees/1/edit?employer=1" class="btn btn-outline-primary" title="แก้ไข"><i class="bi bi-pencil-fill"></i></a>\n
                 <a href="http://localhost/employees/1/locate" class="btn btn-outline-info" title="ไปที่ข้อมูลนายจ้าง"><i class="bi bi-geo-alt-fill"></i></a>\n
                 <button type="button" class="btn btn-outline-danger" title="ลบ"><i class="bi bi-trash-fill"></i></button>\n
             </div>\n
        </div>\n
    </div>\n
</div>\n
                    </div>\n
                            </div>\n
        \n
        <div class="mt-4">\n
            \n
        </div>\n
    </div>\n
<div class="modal fade" id="advancedExportModal" tabindex="-1" aria-labelledby="advancedExportModalLabel" aria-hidden="true">\n
    <div class="modal-dialog modal-lg">\n
        <div class="modal-content">\n
            <form id="advancedExportForm" action="http://localhost/employees/advanced-export" method="POST">\n
                <input type="hidden" name="_token" value="bsHLc7eBpLWbvdc25nzyym5lb7gVho07H9avRWNs" autocomplete="off">                <input type="hidden" name="employee_ids" id="export_employee_ids">\n
\n
                <div class="modal-header">\n
                    <h5 class="modal-title" id="advancedExportModalLabel">การส่งออกขั้นสูง (Max 15 items)</h5>\n
                    <button type="button" class="btn-close" data-bs-dismiss="modal" aria-label="Close"></button>\n
                </div>\n
                <div class="modal-body">\n
                    <div class="alert alert-info py-2 small">\n
                        <i class="bi bi-info-circle me-1"></i> โปรดเลือกไม่เกิน 15 รายการ หากเลือกรูปภาพ จะเป็นคอลัมน์แรก\n
                        <span class="float-end fw-bold" id="selection-counter">0/15</span>\n
                    </div>\n
\n
                    <div class="row g-3">\n
                        <!-- Group 1: Personal Information -->\n
                        <div class="col-12">\n
                            <h6 class="fw-bold text-primary border-bottom pb-1">ข้อมูลส่วนตัว</h6>\n
                            <div class="row g-2">\n
                                <div class="col-md-3 col-sm-6">\n
                                    <div class="form-check">\n
                                        <input class="form-check-input export-checkbox" type="checkbox" name="columns[]" value="employeePhoto" id="col_photo">\n
                                        <label class="form-check-label" for="col_photo">รูปภาพ</label>\n
                                    </div>\n
                                </div>\n
                                <div class="col-md-3 col-sm-6">\n
                                    <div class="form-check">\n
                                        <input class="form-check-input export-checkbox" type="checkbox" name="columns[]" value="employeeTitleTh" id="col_title_th">\n
                                        <label class="form-check-label" for="col_title_th">คำนำหน้า (ไทย)</label>\n
                                    </div>\n
                                </div>\n
                                <div class="col-md-3 col-sm-6">\n
                                    <div class="form-check">\n
                                        <input class="form-check-input export-checkbox" type="checkbox" name="columns[]" value="employeeNameTh" id="col_name_th">\n
                                        <label class="form-check-label" for="col_name_th">ชื่อ (ไทย)</label>\n
                                    </div>\n
                                </div>\n
                                <div class="col-md-3 col-sm-6">\n
                                    <div class="form-check">\n
                                        <input class="form-check-input export-checkbox" type="checkbox" name="columns[]" value="employeeTitleEn" id="col_title_en">\n
                                        <label class="form-check-label" for="col_title_en">คำนำหน้า (อังกฤษ)</label>\n
                                    </div>\n
                                </div>\n
                                <div class="col-md-3 col-sm-6">\n
                                    <div class="form-check">\n
                                        <input class="form-check-input export-checkbox" type="checkbox" name="columns[]" value="employeeNameEn" id="col_name_en">\n
                                        <label class="form-check-label" for="col_name_en">ชื่อ (อังกฤษ)</label>\n
                                    </div>\n
                                </div>\n
                                <div class="col-md-3 col-sm-6">\n
                                    <div class="form-check">\n
                                        <input class="form-check-input export-checkbox" type="checkbox" name="columns[]" value="father_name" id="col_father">\n
                                        <label class="form-check-label" for="col_father">ชื่อบิดา</label>\n
                                    </div>\n
                                </div>\n
                                <div class="col-md-3 col-sm-6">\n
                                    <div class="form-check">\n
                                        <input class="form-check-input export-checkbox" type="checkbox" name="columns[]" value="mother_name" id="col_mother">\n
                                        <label class="form-check-label" for="col_mother">ชื่อมารดา</label>\n
                                    </div>\n
                                </div>\n
                                <div class="col-md-3 col-sm-6">\n
                                    <div class="form-check">\n
                                        <input class="form-check-input export-checkbox" type="checkbox" name="columns[]" value="employeeGender" id="col_gender">\n
                                        <label class="form-check-label" for="col_gender">เพศ</label>\n
                                    </div>\n
                                </div>\n
                                <div class="col-md-3 col-sm-6">\n
                                    <div class="form-check">\n
                                        <input class="form-check-input export-checkbox" type="checkbox" name="columns[]" value="employeeDob" id="col_dob">\n
                                        <label class="form-check-label" for="col_dob">วันเกิด</label>\n
                                    </div>\n
                                </div>\n
                                <div class="col-md-3 col-sm-6">\n
                                    <div class="form-check">\n
                                        <input class="form-check-input export-checkbox" type="checkbox" name="columns[]" value="employeeAge" id="col_age">\n
                                        <label class="form-check-label" for="col_age">อายุ</label>\n
                                    </div>\n
                                </div>\n
                            </div>\n
                        </div>\n
\n
                        <!-- Group 2: Contact & Nationality -->\n
                        <div class="col-12">\n
                            <h6 class="fw-bold text-primary border-bottom pb-1">การติดต่อและสัญชาติ</h6>\n
                            <div class="row g-2">\n
                                <div class="col-md-3 col-sm-6">\n
                                    <div class="form-check">\n
                                        <input class="form-check-input export-checkbox" type="checkbox" name="columns[]" value="employeePhone" id="col_phone">\n
                                        <label class="form-check-label" for="col_phone">เบอร์โทรศัพท์</label>\n
                                    </div>\n
                                </div>\n
                                <div class="col-md-3 col-sm-6">\n
                                    <div class="form-check">\n
                                        <input class="form-check-input export-checkbox" type="checkbox" name="columns[]" value="employeeNationality" id="col_nat">\n
                                        <label class="form-check-label" for="col_nat">สัญชาติ</label>\n
                                    </div>\n
                                </div>\n
                                <div class="col-md-3 col-sm-6">\n
                                    <div class="form-check">\n
                                        <input class="form-check-input export-checkbox" type="checkbox" name="columns[]" value="passportType" id="col_ppt_mm">\n
                                        <label class="form-check-label" for="col_ppt_mm">ประเภทพาสปอร์ต (เมียนมา)</label>\n
                                    </div>\n
                                </div>\n
                                <div class="col-md-3 col-sm-6">\n
                                    <div class="form-check">\n
                                        <input class="form-check-input export-checkbox" type="checkbox" name="columns[]" value="passport_type_cambodia" id="col_ppt_kh">\n
                                        <label class="form-check-label" for="col_ppt_kh">ประเภทพาสปอร์ต (กัมพูชา)</label>\n
                                    </div>\n
                                </div>\n
                            </div>\n
                        </div>\n
\n
                        <!-- Group 3: Passport & Visa -->\n
                        <div class="col-12">\n
                            <h6 class="fw-bold text-primary border-bottom pb-1">พาสปอร์ตและวีซ่า</h6>\n
                            <div class="row g-2">\n
                                <div class="col-md-3 col-sm-6">\n
                                    <div class="form-check">\n
                                        <input class="form-check-input export-checkbox" type="checkbox" name="columns[]" value="employeePassport" id="col_pp_no">\n
                                        <label class="form-check-label" for="col_pp_no">เลขที่พาสปอร์ต</label>\n
                                    </div>\n
                                </div>\n
                                <div class="col-md-3 col-sm-6">\n
                                    <div class="form-check">\n
                                        <input class="form-check-input export-checkbox" type="checkbox" name="columns[]" value="passport_issue_date" id="col_pp_issue">\n
                                        <label class="form-check-label" for="col_pp_issue">วันออกบัตร</label>\n
                                    </div>\n
                                </div>\n
                                <div class="col-md-3 col-sm-6">\n
                                    <div class="form-check">\n
                                        <input class="form-check-input export-checkbox" type="checkbox" name="columns[]" value="passportExpiryDate" id="col_pp_exp">\n
                                        <label class="form-check-label" for="col_pp_exp">วันหมดอายุ</label>\n
                                    </div>\n
                                </div>\n
                                <div class="col-md-3 col-sm-6">\n
                                    <div class="form-check">\n
                                        <input class="form-check-input export-checkbox" type="checkbox" name="columns[]" value="pinkCardNo" id="col_pink">\n
                                        <label class="form-check-label" for="col_pink">บัตรชมพู</label>\n
                                    </div>\n
                                </div>\n
                                <div class="col-md-3 col-sm-6">\n
                                    <div class="form-check">\n
                                        <input class="form-check-input export-checkbox" type="checkbox" name="columns[]" value="visaType" id="col_visa_type">\n
                                        <label class="form-check-label" for="col_visa_type">ประเภทวีซ่า</label>\n
                                    </div>\n
                                </div>\n
                                <div class="col-md-3 col-sm-6">\n
                                    <div class="form-check">\n
                                        <input class="form-check-input export-checkbox" type="checkbox" name="columns[]" value="visaExpiryDate" id="col_visa_exp">\n
                                        <label class="form-check-label" for="col_visa_exp">วันหมดอายุวีซ่า</label>\n
                                    </div>\n
                                </div>\n
                            </div>\n
                        </div>\n
\n
                        <!-- Group 4: Employment -->\n
                        <div class="col-12">\n
                            <h6 class="fw-bold text-primary border-bottom pb-1">การจ้างงานและรหัสประจำตัว</h6>\n
                            <div class="row g-2">\n
                                <div class="col-md-3 col-sm-6">\n
                                    <div class="form-check">\n
                                        <input class="form-check-input export-checkbox" type="checkbox" name="columns[]" value="job_title" id="col_job">\n
                                        <label class="form-check-label" for="col_job">ตำแหน่งงาน</label>\n
                                    </div>\n
                                </div>\n
                                <div class="col-md-3 col-sm-6">\n
                                    <div class="form-check">\n
                                        <input class="form-check-input export-checkbox" type="checkbox" name="columns[]" value="job_description" id="col_nature">\n
                                        <label class="form-check-label" for="col_nature">ลักษณะงาน</label>\n
                                    </div>\n
                                </div>\n
                                <div class="col-md-3 col-sm-6">\n
                                    <div class="form-check">\n
                                        <input class="form-check-input export-checkbox" type="checkbox" name="columns[]" value="startDate" id="col_start">\n
                                        <label class="form-check-label" for="col_start">วันเริ่มงาน</label>\n
                                    </div>\n
                                </div>\n
                                <div class="col-md-3 col-sm-6">\n
                                    <div class="form-check">\n
                                        <input class="form-check-input export-checkbox" type="checkbox" name="columns[]" value="employeeWorkPermit" id="col_wp_no">\n
                                        <label class="form-check-label" for="col_wp_no">เลขที่ใบอนุญาตทำงาน</label>\n
                                    </div>\n
                                </div>\n
                                <div class="col-md-3 col-sm-6">\n
                                    <div class="form-check">\n
                                        <input class="form-check-input export-checkbox" type="checkbox" name="columns[]" value="workPermitExpiryDate" id="col_wp_exp">\n
                                        <label class="form-check-label" for="col_wp_exp">วันหมดอายุใบอนุญาตทำงาน</label>\n
                                    </div>\n
                                </div>\n
                                <div class="col-md-3 col-sm-6">\n
                                    <div class="form-check">\n
                                        <input class="form-check-input export-checkbox" type="checkbox" name="columns[]" value="ninetyDayReportDate" id="col_90day">\n
                                        <label class="form-check-label" for="col_90day">รายงานตัว 90 วัน</label>\n
                                    </div>\n
                                </div>\n
                                <div class="col-md-3 col-sm-6">\n
                                    <div class="form-check">\n
                                        <input class="form-check-input export-checkbox" type="checkbox" name="columns[]" value="workPermitMOUGroup" id="col_mou">\n
                                        <label class="form-check-label" for="col_mou">ประเภทใบอนุญาต</label>\n
                                    </div>\n
                                </div>\n
                                <div class="col-md-3 col-sm-6">\n
                                    <div class="form-check">\n
                                        <input class="form-check-input export-checkbox" type="checkbox" name="columns[]" value="workPermitMOUGroupOther" id="col_mou_other">\n
                                        <label class="form-check-label" for="col_mou_other">อื่นๆ</label>\n
                                    </div>\n
                                </div>\n
                                <div class="col-md-3 col-sm-6">\n
                                    <div class="form-check">\n
                                        <input class="form-check-input export-checkbox" type="checkbox" name="columns[]" value="name_list_number" id="col_namelist">\n
                                        <label class="form-check-label" for="col_namelist">เลข RA จากระบบ outsource</label>\n
                                    </div>\n
                                </div>\n
                                <div class="col-md-3 col-sm-6">\n
                                    <div class="form-check">\n
                                        <input class="form-check-input export-checkbox" type="checkbox" name="columns[]" value="request_number" id="col_request">\n
                                        <label class="form-check-label" for="col_request">เลขที่คำร้อง</label>\n
                                    </div>\n
                                </div>\n
                                <div class="col-md-3 col-sm-6">\n
                                    <div class="form-check">\n
                                        <input class="form-check-input export-checkbox" type="checkbox" name="columns[]" value="employee_id_number" id="col_pid">\n
                                        <label class="form-check-label" for="col_pid">รหัสประจำตัวประชาชน</label>\n
                                    </div>\n
                                </div>\n
                                <div class="col-md-3 col-sm-6">\n
                                    <div class="form-check">\n
                                        <input class="form-check-input export-checkbox" type="checkbox" name="columns[]" value="tax_id_number" id="col_tax">\n
                                        <label class="form-check-label" for="col_tax">เลขประจำตัวผู้เสียภาษี</label>\n
                                    </div>\n
                                </div>\n
                                <div class="col-md-3 col-sm-6">\n
                                    <div class="form-check">\n
                                        <input class="form-check-input export-checkbox" type="checkbox" name="columns[]" value="employer_employee_id" id="col_emp_worker_id">\n
                                        <label class="form-check-label" for="col_emp_worker_id">รหัสนายจ้าง-ลูกจ้าง</label>\n
                                    </div>\n
                                </div>\n
                                <div class="col-md-3 col-sm-6">\n
                                    <div class="form-check">\n
                                        <input class="form-check-input export-checkbox" type="checkbox" name="columns[]" value="employee_reference_id" id="col_ref">\n
                                        <label class="form-check-label" for="col_ref">รหัสอ้างอิง</label>\n
                                    </div>\n
                                </div>\n
                                <div class="col-md-3 col-sm-6">\n
                                    <div class="form-check">\n
                                        <input class="form-check-input export-checkbox" type="checkbox" name="columns[]" value="bank_name" id="col_bank_name">\n
                                        <label class="form-check-label" for="col_bank_name">ชื่อธนาคาร</label>\n
                                    </div>\n
                                </div>\n
                                <div class="col-md-3 col-sm-6">\n
                                    <div class="form-check">\n
                                        <input class="form-check-input export-checkbox" type="checkbox" name="columns[]" value="bank_account_number" id="col_bank_account_number">\n
                                        <label class="form-check-label" for="col_bank_account_number">เลขบัญชีธนาคาร</label>\n
                                    </div>\n
                                </div>\n
                            </div>\n
                        </div>\n
\n
                        <!-- Group 5: Insurance -->\n
                        <div class="col-12">\n
                            <h6 class="fw-bold text-primary border-bottom pb-1">ประกันสุขภาพ</h6>\n
                            <div class="row g-2">\n
                                <div class="col-md-3 col-sm-6">\n
                                    <div class="form-check">\n
                                        <input class="form-check-input export-checkbox" type="checkbox" name="columns[]" value="insurance_type" id="col_ins_type">\n
                                        <label class="form-check-label" for="col_ins_type">ประเภทประกัน</label>\n
                                    </div>\n
                                </div>\n
                                <div class="col-md-3 col-sm-6">\n
                                    <div class="form-check">\n
                                        <input class="form-check-input export-checkbox" type="checkbox" name="columns[]" value="social_security_number" id="col_ss_no">\n
                                        <label class="form-check-label" for="col_ss_no">เลขประกันสังคม</label>\n
                                    </div>\n
                                </div>\n
                                <div class="col-md-3 col-sm-6">\n
                                    <div class="form-check">\n
                                        <input class="form-check-input export-checkbox" type="checkbox" name="columns[]" value="insurance_detail" id="col_ins_hosp_right">\n
                                        <label class="form-check-label" for="col_ins_hosp_right">สิทธิโรงพยาบาล (ประกันสังคม)</label>\n
                                    </div>\n
                                </div>\n
                                <div class="col-md-3 col-sm-6">\n
                                    <div class="form-check">\n
                                        <input class="form-check-input export-checkbox" type="checkbox" name="columns[]" value="insurance_detail_hospital" id="col_hosp_name">\n
                                        <label class="form-check-label" for="col_hosp_name">ชื่อโรงพยาบาล</label>\n
                                    </div>\n
                                </div>\n
                                <div class="col-md-3 col-sm-6">\n
                                    <div class="form-check">\n
                                        <input class="form-check-input export-checkbox" type="checkbox" name="columns[]" value="insurance_expiry_date_hospital" id="col_hosp_exp">\n
                                        <label class="form-check-label" for="col_hosp_exp">วันหมดอายุโรงพยาบาล</label>\n
                                    </div>\n
                                </div>\n
                                <div class="col-md-3 col-sm-6">\n
                                    <div class="form-check">\n
                                        <input class="form-check-input export-checkbox" type="checkbox" name="columns[]" value="insurance_detail_private" id="col_priv_comp">\n
                                        <label class="form-check-label" for="col_priv_comp">บริษัทประกันเอกชน</label>\n
                                    </div>\n
                                </div>\n
                                <div class="col-md-3 col-sm-6">\n
                                    <div class="form-check">\n
                                        <input class="form-check-input export-checkbox" type="checkbox" name="columns[]" value="insurance_expiry_date_private" id="col_priv_exp">\n
                                        <label class="form-check-label" for="col_priv_exp">วันหมดอายุประกันเอกชน</label>\n
                                    </div>\n
                                </div>\n
                            </div>\n
                        </div>\n
\n
                        <!-- Group 6: Login -->\n
                        <div class="col-12">\n
                            <h6 class="fw-bold text-primary border-bottom pb-1">ข้อมูลการเข้าสู่ระบบ</h6>\n
                            <div class="row g-2">\n
                                <div class="col-md-3 col-sm-6">\n
                                    <div class="form-check">\n
                                        <input class="form-check-input export-checkbox" type="checkbox" name="columns[]" value="email" id="col_email">\n
                                        <label class="form-check-label" for="col_email">อีเมล</label>\n
                                    </div>\n
                                </div>\n
                                <div class="col-md-3 col-sm-6">\n
                                    <div class="form-check">\n
                                        <input class="form-check-input export-checkbox" type="checkbox" name="columns[]" value="password" id="col_password">\n
                                        <label class="form-check-label" for="col_password">รหัสสำหรับอีเมล</label>\n
                                    </div>\n
                                </div>\n
                                <div class="col-md-3 col-sm-6">\n
                                    <div class="form-check">\n
                                        <input class="form-check-input export-checkbox" type="checkbox" name="columns[]" value="outsource_code" id="col_outsource_code">\n
                                        <label class="form-check-label" for="col_outsource_code">รหัสสำหรับระบบ Outsource</label>\n
                                    </div>\n
                                </div>\n
                            </div>\n
                        </div>\n
\n
                        <!-- Group 7: Employer Information -->\n
                        <div class="col-12">\n
                            <h6 class="fw-bold text-primary border-bottom pb-1">Employer Information</h6>\n
                            <div class="row g-2">\n
                                <div class="col-md-3 col-sm-6">\n
                                    <div class="form-check">\n
                                        <input class="form-check-input export-checkbox" type="checkbox" name="columns[]" value="employerNameTh" id="col_emp_name_th">\n
                                        <label class="form-check-label" for="col_emp_name_th">Employer Name (TH)</label>\n
                                    </div>\n
                                </div>\n
                                <div class="col-md-3 col-sm-6">\n
                                    <div class="form-check">\n
                                        <input class="form-check-input export-checkbox" type="checkbox" name="columns[]" value="employerNameEn" id="col_emp_name_en">\n
                                        <label class="form-check-label" for="col_emp_name_en">Employer Name (EN)</label>\n
                                    </div>\n
                                </div>\n
                                <div class="col-md-3 col-sm-6">\n
                                    <div class="form-check">\n
                                        <input class="form-check-input export-checkbox" type="checkbox" name="columns[]" value="employerAddressTh" id="col_emp_addr_th">\n
                                        <label class="form-check-label" for="col_emp_addr_th">Employer Address (TH)</label>\n
                                    </div>\n
                                </div>\n
                                <div class="col-md-3 col-sm-6">\n
                                    <div class="form-check">\n
                                        <input class="form-check-input export-checkbox" type="checkbox" name="columns[]" value="employerAddressEn" id="col_emp_addr_en">\n
                                        <label class="form-check-label" for="col_emp_addr_en">Employer Address (EN)</label>\n
                                    </div>\n
                                </div>\n
                            </div>\n
                        </div>\n
\n
                    </div>\n
                </div>\n
                <div class="modal-footer">\n
                    <button type="button" class="btn btn-secondary" data-bs-dismiss="modal">ปิด</button>\n
                    <button type="submit" class="btn btn-success" id="btn-confirm-export"><i class="bi bi-file-earmark-spreadsheet-fill me-1"></i> ส่งออกรายการที่เลือก</button>\n
                </div>\n
            </form>\n
        </div>\n
    </div>\n
</div>\n
\n
<div class="modal fade" id="selectTargetEmployerModal" tabindex="-1" aria-labelledby="selectTargetEmployerModalLabel" aria-hidden="true">\n
    <div class="modal-dialog modal-dialog-centered">\n
        <div class="modal-content">\n
            <div class="modal-header">\n
                <h5 class="modal-title" id="selectTargetEmployerModalLabel">Select Target Employer</h5>\n
                <button type="button" class="btn-close" data-bs-dismiss="modal" aria-label="Close"></button>\n
            </div>\n
            <div class="modal-body">\n
                <p>Please select the employer for this Job Ticket.</p>\n
                <div class="mb-3">\n
                    <label for="target_employer_search" class="form-label">Search Employer</label>\n
                    <input type="text" class="form-control" id="target_employer_search" placeholder="Type to search...">\n
                    <div id="target_employer_results" class="list-group mt-2" style="max-height: 200px; overflow-y: auto; display: none;">\n
                        \n
                    </div>\n
                </div>\n
                <div class="mb-3">\n
                    <label class="form-label">Selected Employer:</label>\n
                    <div id="selected_target_employer_display" class="fw-bold text-primary">\n
                        -- None Selected --\n
                    </div>\n
                    <input type="hidden" id="selected_target_employer_id">\n
                </div>\n
            </div>\n
            <div class="modal-footer">\n
                <button type="button" class="btn btn-secondary" data-bs-dismiss="modal">ยกเลิก</button>\n
                <button type="button" class="btn btn-primary" id="confirmTargetEmployerBtn" disabled>Confirm &amp; Create Ticket</button>\n
            </div>\n
        </div>\n
    </div>\n
</div>\n
\n
        </main>\n
\n
        \n
        <div class="modal fade" id="renewNotificationModal" tabindex="-1" aria-labelledby="renewModalLabel" aria-hidden="true">\n
            <div class="modal-dialog modal-dialog-centered">\n
                <div class="modal-content">\n
                    <form id="renew-form" method="POST" enctype="multipart/form-data">\n
                        <input type="hidden" name="_token" value="bsHLc7eBpLWbvdc25nzyym5lb7gVho07H9avRWNs" autocomplete="off">                        <div class="modal-header">\n
                            <h5 class="modal-title" id="renewModalLabel">ต่ออายุการแจ้งเตือน</h5>\n
                            <button type="button" class="btn-close" data-bs-dismiss="modal" aria-label="Close"></button>\n
                        </div>\n
                        <div class="modal-body">\n
                            \n
\n
                            \n
                            <div class="mb-3 d-none" id="pink_card_number_group">\n
                                <label for="pink_card_number" class="form-label">เลขบัตรชมพู <span class="text-danger">*</span></label>\n
                                <input type="text" class="form-control" id="pink_card_number" name="pink_card_number">\n
                            </div>\n
\n
                            \n
                            <div class="mb-3" id="new_due_date_group">\n
                                <label for="new_due_date" class="form-label">เลือกวันหมดอายุใหม่: <span class="text-danger">*</span></label>\n
                                <input type="date" class="form-control" id="new_due_date" name="new_due_date">\n
                            </div>\n
\n
                            \n
                            <div class="mb-3">\n
                                <label for="attachment" class="form-label" id="attachment_label">แนบไฟล์เอกสาร (ถ้ามี):</label>\n
                                <input type="file" class="form-control" id="attachment" name="attachment" accept=".pdf,.jpg,.jpeg,.png" multiple onchange="if(window.interceptFileSelect) window.interceptFileSelect(event)">\n
                                <div class="form-text text-muted" id="attachment_help"></div>\n
                            </div>\n
                        </div>\n
                        <div class="modal-footer">\n
                            <button type="button" class="btn btn-secondary" data-bs-dismiss="modal">ยกเลิก</button>\n
                            <button type="submit" class="btn btn-primary">บันทึก</button>\n
                        </div>\n
                    </form>\n
                </div>\n
            </div>\n
        </div>\n
\n
        <div class="modal fade" id="cancelNotificationModal" tabindex="-1" aria-labelledby="cancelModalLabel" aria-hidden="true">\n
            <div class="modal-dialog modal-dialog-centered">\n
                <div class="modal-content">\n
                    <form id="cancel-form" method="POST">\n
                        <input type="hidden" name="_token" value="bsHLc7eBpLWbvdc25nzyym5lb7gVho07H9avRWNs" autocomplete="off">                        <div class="modal-header">\n
                            <h5 class="modal-title" id="cancelModalLabel">ยืนยันการยกเลิกการต่ออายุ</h5>\n
                            <button type="button" class="btn-close" data-bs-dismiss="modal" aria-label="Close"></button>\n
                        </div>\n
                        <div class="modal-body">\n
                            <p>คุณแน่ใจหรือไม่ว่าต้องการยกเลิกการแจ้งเตือนนี้? การกระทำนี้จะย้ายรายการไปที่แท็บ &quot;รายการที่ยกเลิก&quot; และคุณสามารถกู้คืนได้ในภายหลัง</p>\n
                        </div>\n
                        <div class="modal-footer">\n
                            <button type="button" class="btn btn-secondary" data-bs-dismiss="modal">ปิด</button>\n
                            <button type="submit" class="btn btn-danger">ยืนยันการยกเลิก</button>\n
                        </div>\n
                    </form>\n
                </div>\n
            </div>\n
        </div>\n
    </div>\n
\n
    \n
    <div class="modal fade" id="jobOwnerModal" tabindex="-1" aria-labelledby="jobOwnerModalLabel" aria-hidden="true">\n
        <div class="modal-dialog">\n
            <div class="modal-content">\n
                <div class="modal-header">\n
                    <h5 class="modal-title" id="jobOwnerModalLabel">จัดการข้อมูลเจ้าของงาน</h5>\n
                    <button type="button" class="btn-close" data-bs-dismiss="modal" aria-label="Close"></button>\n
                </div>\n
                <div class="modal-body">\n
                    \n
                    <h5>เจ้าของงานทั้งหมด</h5>\n
                    <ul class="list-group mb-3" id="jobOwnerList">\n
                        \n
                        <li class="list-group-item text-muted">กำลังโหลด...</li>\n
                    </ul>\n
\n
                    <hr>\n
\n
                    \n
                    <h6>เพิ่มเจ้าของงานใหม่</h6>\n
                    <div class="input-group">\n
                        <input type="text" id="newJobOwnerName" class="form-control" placeholder="ชื่อเจ้าของงาน">\n
                        <button class="btn btn-primary" type="button" id="saveNewJobOwnerBtn">บันทึก</button>\n
                    </div>\n
                    <div id="jobOwnerError" class="text-danger small mt-1" style="display: none;"></div>\n
                </div>\n
            </div>\n
        </div>\n
    </div>\n
\n
    \n
<div class="modal fade" id="deleteConfirmModal" tabindex="-1" aria-labelledby="deleteConfirmModalLabel" aria-hidden="true">\n
    <div class="modal-dialog">\n
        <div class="modal-content">\n
            <div class="modal-header">\n
                <h5 class="modal-title" id="deleteConfirmModalLabel">ยืนยันการลบ</h5>\n
                <button type="button" class="btn-close" data-bs-dismiss="modal" aria-label="Close"></button>\n
            </div>\n
            <div class="modal-body">\n
                คุณแน่ใจหรือไม่ว่าต้องการลบที่อยู่นี้?\n
            </div>\n
            <div class="modal-footer">\n
                <button type="button" class="btn btn-secondary" data-bs-dismiss="modal">ยกเลิก</button>\n
                <button type="button" class="btn btn-danger" id="confirmDeleteBtn">ลบ</button>\n
            </div>\n
        </div>\n
    </div>\n
</div>\n
\n
\n
    \n
    <div class="toast-container position-fixed top-0 end-0 p-3">\n
        <div id="liveToast" class="toast" role="alert" aria-live="assertive" aria-atomic="true">\n
            <div class="toast-header">\n
                <i class="bi bi-check-circle-fill rounded me-2 text-success"></i>\n
                <strong class="me-auto">การแจ้งเตือน</strong>\n
                <button type="button" class="btn-close" data-bs-dismiss="toast" aria-label="Close"></button>\n
            </div>\n
            <div class="toast-body" id="toast-body-content">\n
                </div>\n
        </div>\n
    </div>\n
\n
    \n
    <!-- Chat System Manager -->\n
<div x-data="chatManager()"\n
     x-init="initManager()"\n
     x-cloak\n
     class="chat-system-overlay"\n
     style="position: fixed; top: 0; left: 0; width: 0; height: 0; z-index: 1040;">\n
\n
    <!-- Notification Sound -->\n
    <audio id="chatNotificationSound" preload="auto">\n
        <source src="data:audio/wav;base64,UklGRuQSAABXQVZFZm10IBAAAAABAAEAQB8AAIA+AAACABAAZGF0YcASAAAAADtLu3m7eTtLAADFtEWGRYbFtAAAO0u7ebt5O0sAAMW0RYZFhsW0AAA7S7t5u3k7SwAAxbRFhkWGxbQAADtLu3m7eTtLAADFtEWGRYbFtAAAO0u7ebt5O0sAAMW0RYZFhsW0AAA7S7t5u3k7SwAAxbRFhkWGxbQAADtLu3m7eTtLAADFtEWGRYbFtAAAO0u7ebt5O0sAAMW0RYZFhsW0AAA7S7t5u3k7SwAAxbRFhkWGxbQAADtLu3m7eTtLAADFtEWGRYbFtAAAO0u7ebt5O0sAAMW0RYZFhsW0AAA7S7t5u3k7SwAAxbRFhkWGxbQAADtLu3m7eTtLAADFtEWGRYbFtAAAO0u7ebt5O0sAAMW0RYZFhsW0AAA7S7t5u3k7SwAAxbRFhkWGxbQAADtLu3m7eTtLAADFtEWGRYbFtAAAO0u7ebt5O0sAAMW0RYZFhsW0AAA7S7t5u3k7SwAAxbRFhkWGxbQAADtLu3m7eTtLAADFtEWGRYbFtAAAO0u7ebt5O0sAAMW0RYZFhsW0AAA7S7t5u3k7SwAAxbRFhkWGxbQAADtLu3m7eTtLAADFtEWGRYbFtAAAO0u7ebt5O0sAAMW0RYZFhsW0AAA7S7t5u3k7SwAAxbRFhkWGxbQAADtLu3m7eTtLAADFtEWGRYbFtAAAO0u7ebt5O0sAAMW0RYZFhsW0AAA7S7t5u3k7SwAAxbRFhkWGxbQAADtLu3m7eTtLAADFtEWGRYbFtAAAO0u7ebt5O0sAAMW0RYZFhsW0AAA7S7t5u3k7SwAAxbRFhkWGxbQAADtLu3m7eTtLAADFtEWGRYbFtAAAO0u7ebt5O0sAAMW0RYZFhsW0AAA7S7t5u3k7SwAAxbRFhkWGxbQAADtLu3m7eTtLAADFtEWGRYbFtAAAO0u7ebt5O0sAAMW0RYZFhsW0AAA7S7t5u3k7SwAAxbRFhkWGxbQAADtLu3m7eTtLAADFtEWGRYbFtAAAO0u7ebt5O0sAAMW0RYZFhsW0AAA7S7t5u3k7SwAAxbRFhkWGxbQAADtLu3m7eTtLAADFtEWGRYbFtAAAO0u7ebt5O0sAAMW0RYZFhsW0AAA7S7t5u3k7SwAAxbRFhkWGxbQAADtLu3m7eTtLAADFtEWGRYbFtAAAO0u7ebt5O0sAAMW0RYZFhsW0AAA7S7t5u3k7SwAAxbRFhkWGxbQAADtLu3m7eTtLAADFtEWGRYbFtAAAO0u7ebt5O0sAAMW0RYZFhsW0AAA7S7t5u3k7SwAAxbRFhkWGxbQAADtLu3m7eTtLAADFtEWGRYbFtAAAO0u7ebt5O0sAAMW0RYZFhsW0AAA7S7t5u3k7SwAAxbRFhkWGxbQAADtLu3m7eTtLAADFtEWGRYbFtAAAO0u7ebt5O0sAAMW0RYZFhsW0AAA7S7t5u3k7SwAAxbRFhkWGxbQAADtLu3m7eTtLAADFtEWGRYbFtAAAO0u7ebt5O0sAAMW0RYZFhsW0AAA7S7t5u3k7SwAAxbRFhkWGxbQAADtLu3m7eTtLAADFtEWGRYbFtAAAO0u7ebt5O0sAAMW0RYZFhsW0AAA7S7t5u3k7SwAAxbRFhkWGxbQAADtLu3m7eTtLAADFtEWGRYbFtAAAO0u7ebt5O0sAAMW0RYZFhsW0AAA7S7t5u3k7SwAAxbRFhkWGxbQAADtLu3m7eTtLAADFtEWGRYbFtAAAO0u7ebt5O0sAAMW0RYZFhsW0AAA7S7t5u3k7SwAAxbRFhkWGxbQAADtLu3m7eTtLAADFtEWGRYbFtAAAO0u7ebt5O0sAAMW0RYZFhsW0AAA7S7t5u3k7SwAAxbRFhkWGxbQAADtLu3m7eTtLAADFtEWGRYbFtAAAO0u7ebt5O0sAAMW0RYZFhsW0AAA7S7t5u3k7SwAAxbRFhkWGxbQAADtLu3m7eTtLAADFtEWGRYbFtAAAO0u7ebt5O0sAAMW0RYZFhsW0AAA7S7t5u3k7SwAAxbRFhkWGxbQAADtLu3m7eTtLAADFtEWGRYbFtAAAO0u7ebt5O0sAAMW0RYZFhsW0AAA7S7t5u3k7SwAAxbRFhkWGxbQAADtLu3m7eTtLAADFtEWGRYbFtAAAO0u7ebt5O0sAAMW0RYZFhsW0AAA7S7t5u3k7SwAAxbRFhkWGxbQAADtLu3m7eTtLAADFtEWGRYbFtAAAO0u7ebt5O0sAAMW0RYZFhsW0AAA7S7t5u3k7SwAAxbRFhkWGxbQAADtLu3m7eTtLAADFtEWGRYbFtAAAO0u7ebt5O0sAAMW0RYZFhsW0AAA7S7t5u3k7SwAAxbRFhkWGxbQAADtLu3m7eTtLAADFtEWGRYbFtAAAO0u7ebt5O0sAAMW0RYZFhsW0AAA7S7t5u3k7SwAAxbRFhkWGxbQAADtLu3m7eTtLAADFtEWGRYbFtAAAO0u7ebt5O0sAAMW0RYZFhsW0AAA7S7t5u3k7SwAAxbRFhkWGxbQAADtLu3m7eTtLAADFtEWGRYbFtAAAO0u7ebt5O0sAAMW0RYZFhsW0AAA7S7t5u3k7SwAAxbRFhkWGxbQAADtLu3m7eTtLAADFtEWGRYbFtAAAO0u7ebt5O0sAAMW0RYZFhsW0AAA7S7t5u3k7SwAAxbRFhkWGxbQAADtLu3m7eTtLAADFtEWGRYbFtAAAO0u7ebt5O0sAAMW0RYZFhsW0AAA7S7t5u3k7SwAAxbRFhkWGxbQAADtLu3m7eTtLAADFtEWGRYbFtAAAO0u7ebt5O0sAAMW0RYZFhsW0AAA7S7t5u3k7SwAAxbRFhkWGxbQAADtLu3m7eTtLAADFtEWGRYbFtAAAO0u7ebt5O0sAAMW0RYZFhsW0AAA7S7t5u3k7SwAAxbRFhkWGxbQAADtLu3m7eTtLAADFtEWGRYbFtAAAO0u7ebt5O0sAAMW0RYZFhsW0AAA7S7t5u3k7SwAAxbRFhkWGxbQAADtLu3m7eTtLAADFtEWGRYbFtAAAO0u7ebt5O0sAAMW0RYZFhsW0AAA7S7t5u3k7SwAAxbRFhkWGxbQAADtLu3m7eTtLAADFtEWGRYbFtAAAO0u7ebt5O0sAAMW0RYZFhsW0AAA7S7t5u3k7SwAAxbRFhkWGxbQAADtLu3m7eTtLAADFtEWGRYbFtAAAO0u7ebt5O0sAAMW0RYZFhsW0AAA7S7t5u3k7SwAAxbRFhkWGxbQAADtLu3m7eTtLAADFtEWGRYbFtAAAO0u7ebt5O0sAAMW0RYZFhsW0AAA7S7t5u3k7SwAAxbRFhkWGxbQAADtLu3m7eTtLAADFtEWGRYbFtAAAO0u7ebt5O0sAAMW0RYZFhsW0AAA7S7t5u3k7SwAAxbRFhkWGxbQAADtLu3m7eTtLAADFtEWGRYbFtAAAO0u7ebt5O0sAAMW0RYZFhsW0AAA7S7t5u3k7SwAAxbRFhkWGxbQAADtLu3m7eTtLAADFtEWGRYbFtAAAO0u7ebt5O0sAAMW0RYZFhsW0AAA7S7t5u3k7SwAAxbRFhkWGxbQAADtLu3m7eTtLAADFtEWGRYbFtAAAO0u7ebt5O0sAAMW0RYZFhsW0AAA7S7t5u3k7SwAAxbRFhkWGxbQAADtLu3m7eTtLAADFtEWGRYbFtAAAO0u7ebt5O0sAAMW0RYZFhsW0AAA7S7t5u3k7SwAAxbRFhkWGxbQAADtLu3m7eTtLAADFtEWGRYbFtAAAO0u7ebt5O0sAAMW0RYZFhsW0AAA7S7t5u3k7SwAAxbRFhkWGxbQAADtLu3m7eTtLAADFtEWGRYbFtAAAO0u7ebt5O0sAAMW0RYZFhsW0AAA7S7t5u3k7SwAAxbRFhkWGxbQAADtLu3m7eTtLAADFtEWGRYbFtAAAO0u7ebt5O0sAAMW0RYZFhsW0AAA7S7t5u3k7SwAAxbRFhkWGxbQAADtLu3m7eTtLAADFtEWGRYbFtAAAO0u7ebt5O0sAAMW0RYZFhsW0AAA7S7t5u3k7SwAAxbRFhkWGxbQAADtLu3m7eTtLAADFtEWGRYbFtAAAO0u7ebt5O0sAAMW0RYZFhsW0AAA7S7t5u3k7SwAAxbRFhkWGxbQAADtLu3m7eTtLAADFtEWGRYbFtAAAO0u7ebt5O0sAAMW0RYZFhsW0AAA7S7t5u3k7SwAAxbRFhkWGxbQAADtLu3m7eTtLAADFtEWGRYbFtAAAO0u7ebt5O0sAAMW0RYZFhsW0AAA7S7t5u3k7SwAAxbRFhkWGxbQAADtLu3m7eTtLAADFtEWGRYbFtAAAO0u7ebt5O0sAAMW0RYZFhsW0AAA7S7t5u3k7SwAAxbRFhkWGxbQAADtLu3m7eTtLAADFtEWGRYbFtAAAO0u7ebt5O0sAAMW0RYZFhsW0AAA7S7t5u3k7SwAAxbRFhkWGxbQAADtLu3m7eTtLAADFtEWGRYbFtAAAO0u7ebt5O0sAAMW0RYZFhsW0AAA7S7t5u3k7SwAAxbRFhkWGxbQAADtLu3m7eTtLAADFtEWGRYbFtAAAO0u7ebt5O0sAAMW0RYZFhsW0AAA7S7t5u3k7SwAAxbRFhkWGxbQAADtLu3m7eTtLAADFtEWGRYbFtAAAO0u7ebt5O0sAAMW0RYZFhsW0AAA7S7t5u3k7SwAAxbRFhkWGxbQAADtLu3m7eTtLAADFtEWGRYbFtAAAO0u7ebt5O0sAAMW0RYZFhsW0AAA7S7t5u3k7SwAAxbRFhkWGxbQAADtLu3m7eTtLAADFtEWGRYbFtAAAO0u7ebt5O0sAAMW0RYZFhsW0AAA7S7t5u3k7SwAAxbRFhkWGxbQAADtLu3m7eTtLAADFtEWGRYbFtAAAO0u7ebt5O0sAAMW0RYZFhsW0AAA7S7t5u3k7SwAAxbRFhkWGxbQAADtLu3m7eTtLAADFtEWGRYbFtAAAO0u7ebt5O0sAAMW0RYZFhsW0AAA7S7t5u3k7SwAAxbRFhkWGxbQAADtLu3m7eTtLAADFtEWGRYbFtAAAO0u7ebt5O0sAAMW0RYZFhsW0AAA7S7t5u3k7SwAAxbRFhkWGxbQAADtLu3m7eTtLAADFtEWGRYbFtAAAO0u7ebt5O0sAAMW0RYZFhsW0AAA7S7t5u3k7SwAAxbRFhkWGxbQAADtLu3m7eTtLAADFtEWGRYbFtAAAO0u7ebt5O0sAAMW0RYZFhsW0AAA7S7t5u3k7SwAAxbRFhkWGxbQAADtLu3m7eTtLAADFtEWGRYbFtAAAO0u7ebt5O0sAAMW0RYZFhsW0AAA7S7t5u3k7SwAAxbRFhkWGxbQAADtLu3m7eTtLAADFtEWGRYbFtAAAO0u7ebt5O0sAAMW0RYZFhsW0AAA7S7t5u3k7SwAAxbRFhkWGxbQAADtLu3m7eTtLAADFtEWGRYbFtAAAO0u7ebt5O0sAAMW0RYZFhsW0AAA7S7t5u3k7SwAAxbRFhkWGxbQ=" type="audio/wav">\n
    </audio>\n
\n
    <!-- 1. Main Launcher Button (Floating & Draggable) -->\n
    <div x-show="!isContactListOpen"\n
         x-transition:enter="transition ease-out duration-300"\n
         x-transition:enter-start="opacity-0 scale-90"\n
         x-transition:enter-end="opacity-100 scale-100"\n
         class="position-fixed shadow-lg rounded-circle bg-primary text-white d-flex flex-column align-items-center justify-content-center cursor-pointer chat-launcher-btn"\n
         :style="`width: 60px; height: 60px; left: ${launcher.x}px; top: ${launcher.y}px; z-index: 2100; cursor: move;`"\n
         @mousedown="startDrag($event, 'launcher')"\n
         @touchstart.prevent="startDrag($event, 'launcher')"\n
         @touchend="if(!isDragging) toggleContactList()"\n
         @click="if(!isDragging) toggleContactList()"\n
         @dragover.prevent\n
         @drop.prevent="handleDrop($event, 'launcher')"\n
         title="Open Chat">\n
\n
        <!-- Icon -->\n
        <i class="bi bi-chat-dots-fill fs-3"></i>\n
\n
        <!-- Unread Badge -->\n
        <span x-show="totalUnread > 0"\n
              class="position-absolute top-0 start-100 translate-middle badge rounded-pill bg-danger border border-light"\n
              x-text="totalUnread"></span>\n
    </div>\n
\n
    <!-- 2. Contact List (Now Floating Window) -->\n
    <div x-show="isContactListOpen"\n
         x-transition:enter="transition ease-out duration-200"\n
         x-transition:enter-start="opacity-0 scale-95"\n
         x-transition:enter-end="opacity-100 scale-100"\n
         class="chat-window shadow-lg rounded-3 flex-column border bg-white"\n
         :class="{ 'd-flex': isContactListOpen, 'd-none': !isContactListOpen, 'w-100 h-100 top-0 start-0': isMobile }"\n
         :style="isMobile ? 'position: fixed; z-index: 2100;' : `position: fixed; left: ${contactList.x}px; top: ${contactList.y}px; width: ${contactList.w}px; height: ${contactList.h}px; z-index: ${contactList.zIndex};`"\n
         @mousedown="bringToFront('contactList')">\n
\n
        <!-- Header -->\n
        <div class="d-flex justify-content-between align-items-center p-3 bg-primary text-white cursor-grab"\n
             @mousedown="!isMobile && startDrag($event, 'contactList')">\n
            <div class="d-flex align-items-center gap-2">\n
                <i class="bi bi-people-fill"></i>\n
                <span class="fw-bold">Contacts &amp; Groups</span>\n
            </div>\n
            <div class="d-flex align-items-center gap-1">\n
                <button x-show="isAdminOrStaff" type="button" class="btn btn-sm btn-link text-white p-0 me-2" @click="showCreateGroupModal = true" title="Create Group">\n
                    <i class="bi bi-plus-circle fs-5"></i>\n
                </button>\n
                <button type="button" class="btn btn-sm btn-link text-white p-0" @click="showProfileModal = true" title="My Profile">\n
                    <i class="bi bi-person-circle fs-5"></i>\n
                </button>\n
                <button type="button" class="btn btn-sm btn-link text-white p-0 ms-2" @click="toggleContactList()" title="Minimize">\n
                    <i class="bi bi-dash-lg"></i>\n
                </button>\n
            </div>\n
        </div>\n
\n
        <!-- Body -->\n
        <div class="flex-grow-1 overflow-hidden d-flex flex-column bg-light">\n
            <!-- Search -->\n
            <div class="p-2 border-bottom bg-white d-flex gap-2">\n
                <div class="input-group input-group-sm flex-grow-1">\n
                    <span class="input-group-text bg-light border-end-0"><i class="bi bi-search text-muted"></i></span>\n
                    <input type="text" class="form-control border-start-0 bg-light" placeholder="ค้นหา..." x-model="searchQuery">\n
                </div>\n
                 <button class="btn btn-sm btn-outline-secondary" @click="fetchContacts()" title="Refresh">\n
                    <i class="bi bi-arrow-clockwise"></i>\n
                </button>\n
            </div>\n
\n
            <!-- List -->\n
            <div class="flex-grow-1 overflow-auto">\n
                <ul class="list-group list-group-flush">\n
                    <template x-for="item in filteredContacts" :key="item.type + '-' + item.id">\n
                        <li class="list-group-item list-group-item-action d-flex align-items-center gap-2 cursor-pointer p-2"\n
                            @click="openChat(item)"\n
                            @dragover.prevent\n
                            @drop.prevent="handleDrop($event, 'contact', item)"\n
                            :class="{'bg-light': item.type === 'group'}">\n
                            <div class="position-relative">\n
                                <img :src="item.avatar_url" class="rounded-circle object-fit-cover border" width="40" height="40"\n
                                     onerror="this.src='https://ui-avatars.com/api/?name=' + item.name + '&color=7F9CF5&background=EBF4FF'">\n
                                <span x-show="item.type === 'user' && item.is_online" class="position-absolute bottom-0 end-0 p-1 bg-success border border-white rounded-circle"></span>\n
                            </div>\n
                            <div class="flex-grow-1 lh-sm overflow-hidden">\n
                                <div class="d-flex justify-content-between align-items-center">\n
                                    <strong x-text="item.name" class="text-truncate" style="max-width: 140px;"></strong>\n
                                    <span x-show="item.unread_count > 0" class="badge bg-danger rounded-pill" x-text="item.unread_count"></span>\n
                                </div>\n
                                <div class="d-flex justify-content-between align-items-center mt-1">\n
                                    <small class="text-muted text-truncate" style="max-width: 120px;" x-text="item.position_title || (item.type === 'group' ? 'Group' : 'No Position')"></small>\n
                                    <small class="text-muted" style="font-size: 0.7rem;" x-text="item.last_message_time ? formatTimeShort(item.last_message_time) : ''"></small>\n
                                </div>\n
                            </div>\n
                        </li>\n
                    </template>\n
                    <template x-if="filteredContacts.length === 0">\n
                        <div class="text-center p-4 text-muted">\n
                            <small>No contacts found</small>\n
                            <div class="mt-2">\n
                                <button class="btn btn-sm btn-link" @click="fetchContacts()">Try Refreshing</button>\n
                            </div>\n
                        </div>\n
                    </template>\n
                </ul>\n
            </div>\n
        </div>\n
\n
        <!-- Resize Handles -->\n
        <template x-if="!isMobile">\n
            <div>\n
                <div class="resize-handle-r" @mousedown.stop.prevent="startResize($event, 'contactList', 'r')"></div>\n
                <div class="resize-handle-b" @mousedown.stop.prevent="startResize($event, 'contactList', 'b')"></div>\n
                <div class="resize-handle-rb" @mousedown.stop.prevent="startResize($event, 'contactList', 'rb')"></div>\n
            </div>\n
        </template>\n
    </div>\n
\n
    <!-- 3. Individual Chat Windows (Always available, not dependent on Contact List) -->\n
    <template x-for="chat in openChats" :key="chat.uniqueKey">\n
        <div x-show="!chat.minimized"\n
             class="chat-window shadow rounded-3 flex-column border bg-white"\n
             :class="{ 'd-flex': !chat.minimized, 'd-none': chat.minimized, 'w-100 h-100 top-0 start-0': isMobile }"\n
             :style="isMobile ? 'position: fixed; z-index: 2150;' : `position: fixed; left: ${chat.x}px; top: ${chat.y}px; width: ${chat.w}px; height: ${chat.h}px; z-index: ${chat.zIndex};`"\n
             @mousedown="bringToFront(chat.uniqueKey)"\n
             @dragover.prevent\n
             @drop.prevent="handleDrop($event, 'chat_window', chat.uniqueKey)">\n
\n
            <!-- Header -->\n
            <div class="chat-header d-flex justify-content-between align-items-center p-2 bg-white border-bottom cursor-grab"\n
                 :class="{'bg-primary bg-opacity-10': chat.type === 'group'}"\n
                 @mousedown="!isMobile && startDrag($event, chat.uniqueKey)">\n
                <div class="d-flex align-items-center gap-2 overflow-hidden">\n
                    <!-- Mobile Back Button -->\n
                    <button x-show="isMobile" type="button" class="btn btn-sm btn-link text-dark p-0 me-1" @click="closeChat(chat.uniqueKey)">\n
                        <i class="bi bi-arrow-left"></i>\n
                    </button>\n
\n
                    <img :src="chat.avatar_url" class="rounded-circle object-fit-cover" width="32" height="32"\n
                         onerror="this.src='https://ui-avatars.com/api/?name=' + chat.name + '&color=7F9CF5&background=EBF4FF'">\n
                    <div class="lh-1">\n
                        <div class="fw-bold text-truncate" style="max-width: 150px;" x-text="chat.name"></div>\n
                        <small class="text-success" style="font-size: 0.7rem;" x-show="chat.type === 'user' && chat.is_online">Online</small>\n
                        <small class="text-muted" style="font-size: 0.7rem;" x-show="chat.type === 'group'">กลุ่ม</small>\n
                    </div>\n
                </div>\n
                <div class="d-flex align-items-center gap-1">\n
                    <!-- Edit Group (Only for Group Chat and Admin/Owner) -->\n
                    <template x-if="chat.type === 'group' && chat.is_admin">\n
                        <button type="button" class="btn btn-sm btn-link text-secondary p-0 me-2" @click="openEditGroupModal(chat)">\n
                            <i class="bi bi-pencil-square"></i>\n
                        </button>\n
                    </template>\n
                    <!-- Minimize Button -->\n
                    <button type="button" class="btn btn-sm btn-link text-secondary p-0" @click.stop="chat.minimized = true; saveState()">\n
                        <i class="bi bi-dash-lg"></i>\n
                    </button>\n
                    <!-- Close Button -->\n
                    <button type="button" class="btn btn-sm btn-link text-secondary p-0 ms-1" @click.stop="closeChat(chat.uniqueKey)">\n
                        <i class="bi bi-x-lg"></i>\n
                    </button>\n
                </div>\n
            </div>\n
\n
            <!-- Messages Area -->\n
            <div class="chat-messages flex-grow-1 overflow-auto p-3 bg-light d-flex flex-column" :id="'msg-container-'+chat.uniqueKey">\n
                <template x-for="msg in chat.messages" :key="msg.id">\n
                    <div class="mb-2 d-flex flex-column" :class="msg.sender_id == currentUserId ? 'align-items-end' : 'align-items-start'">\n
                         <!-- Sender Name for Groups -->\n
                         <small x-show="chat.type === 'group' && msg.sender_id != currentUserId" class="text-muted ms-1 mb-1" style="font-size: 0.7rem;" x-text="msg.sender.name"></small>\n
\n
                         <!-- Message Bubble -->\n
                         <div class="p-2 rounded shadow-sm position-relative group-hover-actions"\n
                              :class="msg.sender_id == currentUserId ? 'bg-primary text-white' : 'bg-white text-dark'"\n
                              style="max-width: 85%; word-wrap: break-word;"\n
                              draggable="true"\n
                              @dragstart="startDragMessage($event, msg)">\n
\n
                            <!-- Attachments/Context -->\n
                            <template x-if="msg.context_data">\n
                                <div class="mb-1 p-1 rounded bg-opacity-10" :class="msg.sender_id == currentUserId ? 'bg-black' : 'bg-secondary'">\n
                                    <!-- Link Type -->\n
                                    <template x-if="msg.context_data.type === 'link'">\n
                                        <a :href="msg.context_data.url" target="_blank" class="d-flex align-items-center text-decoration-none small" :class="msg.sender_id == currentUserId ? 'text-white' : 'text-primary'">\n
                                            <i class="bi bi-link-45deg me-1"></i><span x-text="msg.context_data.text || 'Link'"></span>\n
                                        </a>\n
                                    </template>\n
\n
                                    <!-- ... (Other context types same as before) ... -->\n
                                    <template x-if="msg.context_data.type === 'image'">\n
                                        <a :href="msg.context_data.url" target="_blank"><img :src="msg.context_data.url" class="img-fluid rounded" style="max-height: 120px;"></a>\n
                                    </template>\n
                                     <template x-if="msg.context_data.type === 'file'">\n
                                        <a :href="msg.context_data.url" target="_blank" class="d-flex align-items-center text-decoration-none small" :class="msg.sender_id == currentUserId ? 'text-white' : 'text-primary'">\n
                                            <i class="bi bi-file-earmark-text me-1"></i><span x-text="msg.context_data.name || 'File'"></span>\n
                                        </a>\n
                                    </template>\n
\n
                                    <!-- Employee Card -->\n
                                    <template x-if="msg.context_data.type === 'employee'">\n
                                        <div class="d-flex align-items-center p-2 rounded bg-white border">\n
                                            <div class="me-2">\n
                                                <i class="bi bi-person-circle fs-3 text-secondary"></i>\n
                                            </div>\n
                                            <div class="flex-grow-1 lh-1">\n
                                                <a :href="msg.context_data.url" class="fw-bold text-decoration-none text-dark d-block text-truncate" style="max-width: 150px;" x-text="msg.context_data.name"></a>\n
                                                <small class="text-muted d-block text-truncate" style="max-width: 150px;" x-text="msg.context_data.subtitle || 'Employee'"></small>\n
                                            </div>\n
                                            <button type="button" class="btn btn-sm btn-outline-info btn-preview ms-2" :data-model-type="'employee'" :data-model-id="msg.context_data.id">\n
                                                <i class="bi bi-search"></i>\n
                                            </button>\n
                                        </div>\n
                                    </template>\n
\n
                                    <!-- Employer Card -->\n
                                    <template x-if="msg.context_data.type === 'employer'">\n
                                        <div class="d-flex align-items-center p-2 rounded bg-white border">\n
                                            <div class="me-2">\n
                                                <i class="bi bi-building fs-3 text-secondary"></i>\n
                                            </div>\n
                                            <div class="flex-grow-1 lh-1">\n
                                                <a :href="msg.context_data.url" class="fw-bold text-decoration-none text-dark d-block text-truncate" style="max-width: 150px;" x-text="msg.context_data.name"></a>\n
                                                <small class="text-muted d-block text-truncate" style="max-width: 150px;" x-text="msg.context_data.subtitle || 'Employer'"></small>\n
                                            </div>\n
                                            <button type="button" class="btn btn-sm btn-outline-info btn-preview ms-2" :data-model-type="'employer'" :data-model-id="msg.context_data.id">\n
                                                <i class="bi bi-search"></i>\n
                                            </button>\n
                                        </div>\n
                                    </template>\n
\n
                                </div>\n
                            </template>\n
\n
                            <div x-html="formatMessage(msg.message)"></div>\n
                            <div class="d-flex justify-content-end align-items-center gap-1 mt-1">\n
                                <small class="opacity-50" style="font-size: 0.65rem;" x-text="formatTime(msg.created_at)"></small>\n
                                <!-- READ RECEIPT -->\n
                                <template x-if="msg.sender_id == currentUserId">\n
                                    <span class="opacity-75 ms-1" style="font-size: 0.65rem;">\n
                                        <template x-if="chat.type === 'group'">\n
                                            <span x-show="msg.read_count > 0" x-text="'Read ' + msg.read_count"></span>\n
                                        </template>\n
                                        <template x-if="chat.type !== 'group'">\n
                                            <span x-show="msg.is_read">Read</span>\n
                                        </template>\n
                                    </span>\n
                                </template>\n
                            </div>\n
                        </div>\n
                    </div>\n
                </template>\n
            </div>\n
\n
            <!-- Input Area -->\n
            <div class="p-2 border-top bg-white position-relative">\n
                <!-- Mentions Suggestions -->\n
                <div x-show="chat.showMentions && chat.mentionResults.length > 0"\n
                     class="position-absolute bottom-100 start-0 w-100 bg-white shadow-lg border rounded-top"\n
                     style="max-height: 150px; overflow-y: auto; z-index: 10;">\n
                    <ul class="list-group list-group-flush">\n
                        <template x-for="user in chat.mentionResults" :key="user.id">\n
                            <li class="list-group-item list-group-item-action cursor-pointer d-flex align-items-center gap-2"\n
                                @click="selectMention(chat.uniqueKey, user)">\n
                                <img :src="user.avatar_url" width="24" height="24" class="rounded-circle">\n
                                <span x-text="user.value"></span>\n
                            </li>\n
                        </template>\n
                    </ul>\n
                </div>\n
\n
                <!-- Attachment Preview -->\n
                <template x-if="chat.contextToAttach">\n
                     <div class="mb-2 p-1 border rounded bg-light d-flex justify-content-between align-items-center">\n
                        <div class="d-flex align-items-center small text-primary text-truncate" style="max-width: 90%;">\n
                            <i class="bi" :class="getAttachmentIcon(chat.contextToAttach.type)"></i>\n
                            <span class="ms-1 text-truncate" x-text="chat.contextToAttach.name || chat.contextToAttach.text"></span>\n
                        </div>\n
                        <button type="button" class="btn-close btn-close-sm" @click="chat.contextToAttach = null"></button>\n
                    </div>\n
                </template>\n
\n
                <!-- Upload Progress -->\n
                <div x-show="chat.isUploading" class="progress mb-2" style="height: 3px;">\n
                    <div class="progress-bar progress-bar-striped progress-bar-animated" role="progressbar" style="width: 100%"></div>\n
                </div>\n
\n
                <form @submit.prevent="sendMessage(chat.uniqueKey)" class="d-flex gap-2 align-items-end">\n
                    <div class="dropup">\n
                        <button class="btn btn-sm btn-light text-secondary" type="button" data-bs-toggle="dropdown"><i class="bi bi-paperclip"></i></button>\n
                        <ul class="dropdown-menu">\n
                             <li><a class="dropdown-item small" href="#" @click.prevent="attachContext(chat.uniqueKey)"><i class="bi bi-link-45deg me-2"></i>Link Page</a></li>\n
                             <li><a class="dropdown-item small" href="#" @click.prevent="triggerFileUpload(chat.uniqueKey)"><i class="bi bi-file-earmark me-2"></i>Upload File</a></li>\n
                        </ul>\n
                    </div>\n
                    <input type="file" :id="'file-input-'+chat.uniqueKey" class="d-none" @change="handleFileUpload($event, chat.uniqueKey)" multiple onchange="if(window.interceptFileSelect) window.interceptFileSelect(event)">\n
\n
                    <textarea class="form-control form-control-sm" rows="1" style="resize: none;"\n
                              placeholder="Type @ to mention..."\n
                              x-model="chat.newMessage"\n
                              @input="handleInput($event, chat.uniqueKey)"\n
                              @keydown.down.prevent="navigateMentions('down', chat.uniqueKey)"\n
                              @keydown.up.prevent="navigateMentions('up', chat.uniqueKey)"\n
                              @keydown.enter.prevent="if(chat.showMentions) { selectMention(chat.uniqueKey, chat.mentionResults[0]); } else if(!$event.shiftKey) { sendMessage(chat.uniqueKey); }"></textarea>\n
\n
                    <button type="submit" class="btn btn-sm btn-primary" :disabled="chat.isUploading || (!chat.newMessage && !chat.contextToAttach)">\n
                        <i class="bi bi-send-fill"></i>\n
                    </button>\n
                </form>\n
            </div>\n
\n
            <!-- Resize Handles -->\n
            <template x-if="!isMobile">\n
                <div>\n
                    <div class="resize-handle-r" @mousedown.stop.prevent="startResize($event, chat.uniqueKey, 'r')"></div>\n
                    <div class="resize-handle-b" @mousedown.stop.prevent="startResize($event, chat.uniqueKey, 'b')"></div>\n
                    <div class="resize-handle-rb" @mousedown.stop.prevent="startResize($event, chat.uniqueKey, 'rb')"></div>\n
                </div>\n
            </template>\n
        </div>\n
    </template>\n
\n
    <!-- 4. Minimized Chat Stack -->\n
    <div class="position-fixed top-0 end-0 mt-5 pt-5 me-2 d-flex flex-column gap-2" style="z-index: 2060; pointer-events: none;">\n
        <template x-for="chat in openChats" :key="chat.uniqueKey">\n
            <div x-show="chat.minimized"\n
                 class="position-relative shadow rounded-circle bg-white border d-flex align-items-center justify-content-center cursor-pointer slide-in-right"\n
                 style="pointer-events: auto; width: 50px; height: 50px; background-color: rgba(255,255,255,0.95) !important;"\n
                 @click="openChat(chat)"\n
                 @dragover.prevent\n
                 @drop.prevent="handleDrop($event, 'chat_window', chat.uniqueKey)"\n
                 :title="chat.name">\n
                <img :src="chat.avatar_url" class="w-100 h-100 object-fit-cover rounded-circle"\n
                     onerror="this.src='https://ui-avatars.com/api/?name=' + chat.name + '&color=7F9CF5&background=EBF4FF'">\n
                <span x-show="chat.unreadCount > 0"\n
                      class="position-absolute top-0 end-0 translate-middle badge rounded-pill bg-danger border border-white"\n
                      style="font-size: 0.7rem; padding: 0.25em 0.5em !important; transform: translate(25%, -25%) !important;"\n
                      x-text="chat.unreadCount">\n
                </span>\n
            </div>\n
        </template>\n
    </div>\n
\n
    <!-- Create Group Modal -->\n
    <div x-show="showCreateGroupModal"\n
         x-cloak\n
         class="position-fixed top-0 start-0 w-100 h-100 align-items-center justify-content-center bg-black bg-opacity-50"\n
         :class="{ 'd-flex': showCreateGroupModal }"\n
         style="z-index: 2200;"\n
         @click.self="showCreateGroupModal = false">\n
         <div class="bg-white rounded shadow p-4" style="width: 400px;">\n
             <h5 class="mb-3">Create Group</h5>\n
             <form @submit.prevent="createGroup">\n
                <div class="mb-3 text-center">\n
                    <label class="cursor-pointer">\n
                         <img :src="newGroupPreviewUrl || '/images/group-icon.png'" class="rounded-circle border" width="80" height="80">\n
                         <input type="file" @change="handleNewGroupAvatar" class="d-none" accept="image/*" multiple onchange="if(window.interceptFileSelect) window.interceptFileSelect(event)">\n
                         <div class="small text-muted mt-1">Click to set icon</div>\n
                    </label>\n
                </div>\n
                 <div class="mb-3">\n
                     <label class="form-label">ชื่อกลุ่ม</label>\n
                     <input type="text" class="form-control" x-model="newGroupForm.name" required>\n
                 </div>\n
                 <div class="mb-3">\n
                     <label class="form-label">Select Members</label>\n
                     <div class="border rounded p-2" style="max-height: 150px; overflow-y: auto;">\n
                         <template x-for="user in contacts.filter(c => c.type === 'user')" :key="user.id">\n
                             <div class="form-check">\n
                                 <input class="form-check-input" type="checkbox" :value="user.id" x-model="newGroupForm.members">\n
                                 <label class="form-check-label" x-text="user.name"></label>\n
                             </div>\n
                         </template>\n
                     </div>\n
                 </div>\n
                 <div class="d-flex justify-content-end gap-2">\n
                     <button type="button" class="btn btn-secondary" @click="showCreateGroupModal = false">ยกเลิก</button>\n
                     <button type="submit" class="btn btn-primary">Create</button>\n
                 </div>\n
             </form>\n
         </div>\n
    </div>\n
\n
    <!-- Edit Group Modal -->\n
    <div x-show="showEditGroupModal"\n
         x-cloak\n
         class="position-fixed top-0 start-0 w-100 h-100 align-items-center justify-content-center bg-black bg-opacity-50"\n
         :class="{ 'd-flex': showEditGroupModal }"\n
         style="z-index: 2200;"\n
         @click.self="showEditGroupModal = false">\n
         <div class="bg-white rounded shadow p-4" style="width: 450px; max-height: 80vh; overflow-y: auto;">\n
             <h5 class="mb-3 border-bottom pb-2">Edit Group</h5>\n
             <form @submit.prevent="updateGroup">\n
                <!-- Avatar & Name -->\n
                <div class="mb-4 text-center">\n
                    <label class="cursor-pointer">\n
                         <img :src="editGroupPreviewUrl || editGroupForm.original_avatar_url" class="rounded-circle border" width="80" height="80"\n
                              onerror="this.src='https://ui-avatars.com/api/?name=G&color=7F9CF5&background=EBF4FF'">\n
                         <input type="file" @change="handleEditGroupAvatar" class="d-none" accept="image/*" multiple onchange="if(window.interceptFileSelect) window.interceptFileSelect(event)">\n
                         <div class="small text-muted mt-1">Change Icon</div>\n
                    </label>\n
                    <div class="mt-2">\n
                        <input type="text" class="form-control form-control-sm text-center" x-model="editGroupForm.name" placeholder="Group Name" required>\n
                    </div>\n
                </div>\n
\n
                <!-- Manage Members -->\n
                <div class="mb-4">\n
                    <h6 class="small text-muted text-uppercase mb-2">สมาชิก (<span x-text="editGroupForm.members.length"></span>)</h6>\n
\n
                    <!-- Add Member -->\n
                    <div class="input-group input-group-sm mb-2">\n
                        <input type="text" class="form-control" placeholder="Search users to add..."\n
                               x-model="editGroupForm.memberSearchQuery"\n
                               @input="searchUsersToAdd()">\n
                        <button class="btn btn-outline-secondary" type="button" disabled>\n
                            <i class="bi bi-search"></i>\n
                        </button>\n
                    </div>\n
                    <!-- Search Results -->\n
                    <div x-show="editGroupForm.memberSearchResults.length > 0" class="border rounded mb-2 shadow-sm" style="max-height: 150px; overflow-y: auto;">\n
                        <ul class="list-group list-group-flush small">\n
                            <template x-for="user in editGroupForm.memberSearchResults" :key="user.id">\n
                                <li class="list-group-item list-group-item-action cursor-pointer d-flex align-items-center justify-content-between p-2"\n
                                    @click="addMemberToGroup(user)">\n
                                    <div class="d-flex align-items-center gap-2">\n
                                        <img :src="user.avatar_url" width="24" height="24" class="rounded-circle">\n
                                        <span x-text="user.value"></span>\n
                                    </div>\n
                                    <i class="bi bi-plus-circle-fill text-primary"></i>\n
                                </li>\n
                            </template>\n
                        </ul>\n
                    </div>\n
\n
                    <!-- Member List -->\n
                    <div class="border rounded p-2" style="max-height: 200px; overflow-y: auto;">\n
                        <template x-for="member in editGroupForm.members" :key="member.id">\n
                            <div class="d-flex justify-content-between align-items-center mb-2 pb-1 border-bottom">\n
                                <div class="d-flex align-items-center gap-2">\n
                                    <img :src="member.avatar_url" class="rounded-circle" width="30" height="30"\n
                                         onerror="this.src='https://ui-avatars.com/api/?name=' + member.name">\n
                                    <div class="lh-1">\n
                                        <div class="small fw-bold" x-text="member.name"></div>\n
                                        <div class="text-muted" style="font-size: 0.7rem;" x-text="member.role === 'admin' ? 'Admin' : 'Member'"></div>\n
                                    </div>\n
                                </div>\n
                                <template x-if="member.id != currentUserId"> <!-- Can't remove self here, use Leave -->\n
                                    <button type="button" class="btn btn-sm text-danger p-0" @click="removeMemberFromGroup(member.id)" title="Remove">\n
                                        <i class="bi bi-x-circle-fill"></i>\n
                                    </button>\n
                                </template>\n
                            </div>\n
                        </template>\n
                    </div>\n
                </div>\n
\n
                <div class="d-flex justify-content-between align-items-center mt-3 pt-2 border-top">\n
                     <button type="button" class="btn btn-sm btn-danger" @click="deleteGroup()">\n
                        <i class="bi bi-trash"></i> Delete Group\n
                     </button>\n
                     <div class="d-flex gap-2">\n
                        <button type="button" class="btn btn-sm btn-secondary" @click="showEditGroupModal = false">ยกเลิก</button>\n
                        <button type="submit" class="btn btn-sm btn-primary">Save Info</button>\n
                     </div>\n
                 </div>\n
             </form>\n
         </div>\n
    </div>\n
\n
     <!-- Profile Modal (Reused) -->\n
    <div x-show="showProfileModal"\n
         x-cloak\n
         class="position-fixed top-0 start-0 w-100 h-100 align-items-center justify-content-center bg-black bg-opacity-50"\n
         :class="{ 'd-flex': showProfileModal }"\n
         style="z-index: 2100;"\n
         x-transition.opacity\n
         @click.self="showProfileModal = false">\n
        <div class="bg-white rounded shadow p-3" style="width: 350px;">\n
             <h6 class="border-bottom pb-2 mb-3 d-flex justify-content-between">\n
                Edit My Chat Profile\n
                <button type="button" class="btn-close btn-close-sm" @click="showProfileModal = false"></button>\n
            </h6>\n
            <form @submit.prevent="updateProfile">\n
                <div class="text-center mb-3">\n
                     <div class="position-relative d-inline-block">\n
                        <img :src="profilePreviewUrl || profileForm.original_avatar_url" class="rounded-circle object-fit-cover border" width="80" height="80">\n
                        <label class="position-absolute bottom-0 end-0 bg-light rounded-circle border p-1 cursor-pointer shadow-sm">\n
                            <i class="bi bi-camera-fill text-primary"></i>\n
                            <input type="file" @change="handleAvatarUpload" class="d-none" accept="image/*" multiple onchange="if(window.interceptFileSelect) window.interceptFileSelect(event)">\n
                        </label>\n
                     </div>\n
                </div>\n
                <div class="mb-2">\n
                    <label class="form-label small">Display Name</label>\n
                    <input type="text" x-model="profileForm.name" class="form-control form-control-sm" required>\n
                </div>\n
                <div class="mb-2">\n
                    <label class="form-label small">Position</label>\n
                    <input type="text" x-model="profileForm.position_title" class="form-control form-control-sm">\n
                </div>\n
                <div class="mb-2">\n
                    <label class="form-label small">Bio</label>\n
                    <textarea x-model="profileForm.bio" class="form-control form-control-sm" rows="2"></textarea>\n
                </div>\n
                <div class="d-flex justify-content-between gap-2 mt-3">\n
                    <button type="button" @click="showSoundSettingsModal = true; showProfileModal = false" class="btn btn-sm btn-outline-secondary"><i class="bi bi-bell"></i> Sounds</button>\n
                    <div class="d-flex justify-content-end gap-2">\n
                        <button type="button" @click="showProfileModal = false" class="btn btn-sm btn-secondary">ยกเลิก</button>\n
                        <button type="submit" class="btn btn-sm btn-primary">บันทึก</button>\n
                    </div>\n
                </div>\n
            </form>\n
        </div>\n
    </div>\n
\n
    <!-- Sound Settings Modal -->\n
    <div x-show="showSoundSettingsModal"\n
         x-cloak\n
         class="position-fixed top-0 start-0 w-100 h-100 align-items-center justify-content-center bg-black bg-opacity-50"\n
         :class="{ 'd-flex': showSoundSettingsModal }"\n
         style="z-index: 2300;"\n
         x-transition.opacity\n
         @click.self="showSoundSettingsModal = false">\n
        <div class="bg-white rounded shadow p-4" style="width: 400px; max-height: 80vh; overflow-y: auto;">\n
             <h5 class="mb-3 border-bottom pb-2">Notification Sound</h5>\n
             <div class="d-flex flex-column gap-2 mb-4">\n
                 <template x-for="sound in availableSounds" :key="sound">\n
                     <div class="form-check d-flex align-items-center gap-2 p-2 border rounded hover-bg-light cursor-pointer"\n
                          :class="{'bg-light border-primary': selectedSound === sound}"\n
                          @click="selectedSound = sound; playSound(sound); saveState()">\n
                         <input class="form-check-input mt-0" type="radio" name="notifSound" :value="sound" x-model="selectedSound">\n
                         <label class="form-check-label flex-grow-1 cursor-pointer" x-text="sound.replace('.mp3', '').replace(/_/g, ' ')"></label>\n
                         <button type="button" class="btn btn-sm btn-link text-secondary p-0" @click.stop="playSound(sound)"><i class="bi bi-play-fill"></i></button>\n
                     </div>\n
                 </template>\n
             </div>\n
             <div class="d-flex justify-content-end">\n
                 <button type="button" class="btn btn-primary" @click="showSoundSettingsModal = false">Done</button>\n
             </div>\n
        </div>\n
    </div>\n
</div>\n
\n
<style>\n
    [x-cloak] { display: none !important; }\n
    .chat-launcher-btn:hover { transform: scale(1.05); }\n
    .cursor-pointer { cursor: pointer; }\n
    .cursor-grab { cursor: grab; }\n
    .cursor-grab:active { cursor: grabbing; }\n
\n
    /* Animations */\n
    @keyframes slideInRight {\n
        from { transform: translateX(100%); opacity: 0; }\n
        to { transform: translateX(0); opacity: 1; }\n
    }\n
    .slide-in-right { animation: slideInRight 0.3s ease-out; }\n
\n
    /* Tailwind-like utilities if missing */\n
    .translate-x-full { transform: translateX(100%); }\n
    .translate-x-0 { transform: translateX(0); }\n
\n
    /* Resize Handles */\n
    .resize-handle-r { position: absolute; top: 0; right: 0; width: 5px; height: 100%; cursor: e-resize; z-index: 10; }\n
    .resize-handle-b { position: absolute; bottom: 0; left: 0; width: 100%; height: 5px; cursor: s-resize; z-index: 10; }\n
    .resize-handle-rb { position: absolute; bottom: 0; right: 0; width: 10px; height: 10px; cursor: se-resize; z-index: 11; }\n
</style>\n
\n
<script>\n
    document.addEventListener('alpine:init', () => {\n
        Alpine.data('chatManager', () => ({\n
            // --- State ---\n
            currentUserId: 1,\n
            isAdminOrStaff: true,\n
            contacts: [], // Mixed array of users and groups\n
            searchQuery: '',\n
            openChats: [], // { uniqueKey: 'user-1' | 'group-5', id, type, name, messages, ... }\n
            isContactListOpen: false,\n
            // Contact List Window State\n
            contactList: { x: window.innerWidth - 350, y: 80, w: 320, h: 600, zIndex: 2050 },\n
\n
            // Main launcher position\n
            launcher: { x: window.innerWidth - 80, y: window.innerHeight - 80 },\n
            activeZIndex: 2050,\n
            dragData: null,\n
            isDragging: false,\n
            pollingInterval: null,\n
            showProfileModal: false,\n
            showCreateGroupModal: false,\n
            showEditGroupModal: false, // New\n
            showSoundSettingsModal: false,\n
            availableSounds: [\n
                'access_denied.mp3', 'access_granted.mp3', 'announcement_timpani_roll.mp3', 'applause.mp3',\n
                'boing_cartoon.mp3', 'ding_bell.mp3', 'doorbell.mp3', 'drama_inception_braam_orchestral_hit_1.mp3',\n
                'drum_roll.mp3', 'fail_game_over_wah_wah_sad_trombone.mp3', 'hallelujah.mp3', 'horn_bicycle.mp3',\n
                'knock_door.mp3', 'laughter_cute.mp3', 'money_cash_register_purchase.mp3', 'nope.mp3',\n
                'quack_duck.mp3', 'siren_police_short.mp3', 'what_short.mp3', 'winning_jingle.mp3', 'wow.mp3'\n
            ],\n
            selectedSound: 'access_granted.mp3',\n
            profileForm: {\n
                name: "Patience Jenkins",\n
                position_title: "",\n
                bio: "",\n
                avatar: null,\n
                original_avatar_url: "https:\/\/ui-avatars.com\/api\/?name=Patience+Jenkins\u0026color=7F9CF5\u0026background=EBF4FF"            },\n
            newGroupForm: {\n
                name: '',\n
                members: [],\n
                avatar: null\n
            },\n
            newGroupPreviewUrl: null,\n
            editGroupForm: {\n
                id: null,\n
                name: '',\n
                avatar: null,\n
                original_avatar_url: null,\n
                members: [],\n
                memberSearchQuery: '',\n
                memberSearchResults: []\n
            },\n
            editGroupPreviewUrl: null,\n
\n
            profilePreviewUrl: null,\n
            isMobile: window.innerWidth < 768,\n
            lastNotifiedMessageId: 0,\n
\n
            // --- Computed ---\n
            get totalUnread() {\n
                return this.contacts.reduce((sum, c) => sum + (c.unread_count || 0), 0);\n
            },\n
            get filteredContacts() {\n
                if (!this.searchQuery) return this.contacts;\n
                const q = this.searchQuery.toLowerCase();\n
                return this.contacts.filter(c => c.name.toLowerCase().includes(q) || (c.position_title && c.position_title.toLowerCase().includes(q)));\n
            },\n
\n
            // --- Init ---\n
            initManager() {\n
                this.loadState();\n
                this.fetchContacts();\n
                this.fetchSounds();\n
                this.pollingInterval = setInterval(() => this.checkNewMessages(), 10000);\n
                this.requestNotificationPermission();\n
\n
                window.addEventListener('mousemove', (e) => this.onMouseMove(e));\n
                window.addEventListener('touchmove', (e) => this.onMouseMove(e));\n
                window.addEventListener('mouseup', () => this.onMouseUp());\n
                window.addEventListener('touchend', () => this.onMouseUp());\n
                window.addEventListener('resize', () => { this.isMobile = window.innerWidth < 768; });\n
            },\n
\n
            requestNotificationPermission() {\n
                if (!("Notification" in window)) return;\n
                if (Notification.permission !== "granted" && Notification.permission !== "denied") {\n
                    Notification.requestPermission();\n
                }\n
            },\n
\n
            // --- Actions ---\n
            toggleContactList() {\n
                this.isContactListOpen = !this.isContactListOpen;\n
                if(this.isContactListOpen) {\n
                    this.bringToFront('contactList');\n
                    this.fetchContacts();\n
                }\n
                this.saveState();\n
            },\n
\n
            getUniqueKey(item) {\n
                return item.type + '-' + item.id;\n
            },\n
\n
            openChat(item) {\n
                const uniqueKey = this.getUniqueKey(item);\n
\n
                // Deduplicate: Check if chat already exists\n
                // Use a filter to find ALL matching chats (including potential duplicates)\n
                const existingChats = this.openChats.filter(c => c.uniqueKey === uniqueKey);\n
                let chat;\n
\n
                if (existingChats.length > 0) {\n
                    // Use the first one found\n
                    chat = existingChats[0];\n
\n
                    // If there are duplicates, remove them, keeping only the primary one\n
                    if (existingChats.length > 1) {\n
                         this.openChats = this.openChats.filter(c => c.uniqueKey !== uniqueKey || c === chat);\n
                    }\n
\n
                    chat.minimized = false;\n
                    chat.unreadCount = 0;\n
                    // Update latest info if available\n
                    if(item.name) chat.name = item.name;\n
                    if(item.avatar_url) chat.avatar_url = item.avatar_url;\n
\n
                    this.bringToFront(uniqueKey);\n
                } else {\n
                    // Default Position (Center)\n
                    const offset = (this.openChats.length * 20) % 200;\n
                    chat = {\n
                        uniqueKey: uniqueKey,\n
                        id: item.id,\n
                        type: item.type, // 'user' or 'group'\n
                        name: item.name,\n
                        avatar_url: item.avatar_url,\n
                        is_online: item.is_online,\n
                        is_admin: item.is_admin || false, // Check if current user is admin of group\n
                        messages: [],\n
                        x: window.innerWidth / 2 - 175 + offset,\n
                        y: window.innerHeight / 2 - 250 + offset,\n
                        w: 350,\n
                        h: 450,\n
                        minimized: false,\n
                        zIndex: ++this.activeZIndex,\n
                        newMessage: '',\n
                        isUploading: false,\n
                        contextToAttach: null,\n
                        unreadCount: 0,\n
                        // Mentions\n
                        showMentions: false,\n
                        mentionResults: [],\n
                        mentions: []\n
                    };\n
                    this.openChats.push(chat);\n
                    this.fetchMessages(chat.uniqueKey);\n
                }\n
\n
                // Mark read locally\n
                const contact = this.contacts.find(c => this.getUniqueKey(c) === uniqueKey);\n
                if(contact) contact.unread_count = 0;\n
\n
                this.saveState();\n
            },\n
\n
            closeChat(uniqueKey) {\n
                this.openChats = this.openChats.filter(c => c.uniqueKey !== uniqueKey);\n
                this.saveState();\n
            },\n
\n
            bringToFront(targetKey) {\n
                this.activeZIndex++;\n
                if (targetKey === 'contactList') {\n
                    this.contactList.zIndex = this.activeZIndex;\n
                } else {\n
                    const chat = this.openChats.find(c => c.uniqueKey === targetKey);\n
                    if (chat) chat.zIndex = this.activeZIndex;\n
                }\n
            },\n
\n
            // --- API & Data ---\n
            fetchSounds() {\n
                // Implementation same as previous\n
            },\n
\n
            fetchContacts() {\n
                fetch('http://localhost/chat/contacts')\n
                    .then(res => res.json())\n
                    .then(data => {\n
                        this.contacts = data;\n
                        this.contacts.sort((a, b) => {\n
                            // Groups first (community, then private), then users\n
                            if (a.type !== b.type) {\n
                                return a.type === 'group' ? -1 : 1;\n
                            }\n
                            return (b.unread_count || 0) - (a.unread_count || 0);\n
                        });\n
                    });\n
            },\n
\n
            fetchMessages(uniqueKey) {\n
                // uniqueKey format: 'user-1' or 'group-5'\n
                const [type, id] = uniqueKey.split('-');\n
\n
                // Construct URL with query param\n
                const url = `/chat/messages/${id}?type=${type}`;\n
\n
                fetch(url)\n
                    .then(res => res.json())\n
                    .then(data => {\n
                        const chat = this.openChats.find(c => c.uniqueKey === uniqueKey);\n
                        if (chat) {\n
                            chat.messages = data;\n
                            this.$nextTick(() => this.scrollToBottom(uniqueKey));\n
                        }\n
                        this.fetchContacts(); // Update unread counts\n
                    });\n
            },\n
\n
            checkNewMessages() {\n
                // Fetch new messages and read updates\n
                // We need to pass the timestamp of the last message we have to optimize?\n
                // The backend uses 'last_check'.\n
                // Ideally, we should track last_check client side.\n
                // But for simplicity, we just poll. The backend defaults to 10s if no param.\n
\n
                // We can't easily track a single 'last_check' if we want "read updates" for older messages.\n
                // But the backend `checkNewMessages` now returns `read_updates`.\n
\n
                const now = new Date().toISOString();\n
\n
                fetch('http://localhost/chat/check-new?last_check=' + (this.lastCheckTime || ''))\n
                    .then(res => res.json())\n
                    .then(data => {\n
                        this.lastCheckTime = data.timestamp;\n
\n
                        // 1. New Messages\n
                        if (data.messages && data.messages.length > 0) {\n
                            data.messages.forEach(msg => {\n
                                let uniqueKey;\n
                                if (msg.chat_group_id) {\n
                                    uniqueKey = 'group-' + msg.chat_group_id;\n
                                } else {\n
                                    const partnerId = (msg.sender_id === this.currentUserId) ? msg.receiver_id : msg.sender_id;\n
                                    uniqueKey = 'user-' + partnerId;\n
                                }\n
\n
                                const chat = this.openChats.find(c => c.uniqueKey === uniqueKey);\n
\n
                                if (chat) {\n
                                    if (chat.minimized) {\n
                                        if (!chat.messages.find(m => m.id === msg.id)) {\n
                                            chat.messages.push(msg);\n
                                            chat.unreadCount = (chat.unreadCount || 0) + 1;\n
                                        }\n
                                    } else {\n
                                        // If open, just append if not exists\n
                                         if (!chat.messages.find(m => m.id === msg.id)) {\n
                                            chat.messages.push(msg);\n
                                            this.$nextTick(() => this.scrollToBottom(uniqueKey));\n
\n
                                            // Mark as read immediately if window is open\n
                                            this.markAsRead([msg.id]);\n
                                        }\n
                                    }\n
                                } else {\n
                                    this.fetchContacts();\n
                                }\n
                            });\n
\n
                            // Sound\n
                            const maxId = Math.max(...data.messages.map(m => m.id));\n
                            if (maxId > this.lastNotifiedMessageId) {\n
                                this.playNotificationSound();\n
                                this.lastNotifiedMessageId = maxId;\n
                            }\n
                        }\n
\n
                        // 2. Read Updates\n
                        if (data.read_updates && data.read_updates.length > 0) {\n
                            data.read_updates.forEach(update => {\n
                                // Update read status in open chats\n
                                this.openChats.forEach(chat => {\n
                                    const msg = chat.messages.find(m => m.id === update.id);\n
                                    if (msg) {\n
                                        msg.is_read = update.is_read;\n
                                        msg.read_count = update.read_count;\n
                                    }\n
                                });\n
                            });\n
                        }\n
                    });\n
            },\n
\n
            markAsRead(messageIds) {\n
                if (messageIds.length === 0) return;\n
\n
                fetch('http://localhost/chat/mark-as-read', {\n
                    method: 'POST',\n
                    headers: {\n
                        'Content-Type': 'application/json',\n
                        'X-CSRF-TOKEN': document.querySelector('meta[name="csrf-token"]').content\n
                    },\n
                    body: JSON.stringify({ message_ids: messageIds })\n
                });\n
            },\n
\n
            // --- Mentions Logic ---\n
            handleInput(e, uniqueKey) {\n
                const chat = this.openChats.find(c => c.uniqueKey === uniqueKey);\n
                if(!chat) return;\n
\n
                const val = chat.newMessage;\n
                const lastAtPos = val.lastIndexOf('@');\n
\n
                if (lastAtPos !== -1) {\n
                    const query = val.substring(lastAtPos + 1);\n
                    // Check if there's a space after @, meaning we stopped searching mentions\n
                    if (!query.includes(' ')) {\n
                        chat.showMentions = true;\n
                        this.searchUsers(query, chat);\n
                        return;\n
                    }\n
                }\n
                chat.showMentions = false;\n
            },\n
\n
            searchUsers(query, chat) {\n
                let params = `q=${query}`;\n
                // Pass group_id for context-aware search\n
                if (chat.type === 'group') {\n
                    params += `&group_id=${chat.id}`;\n
                }\n
\n
                fetch(`/chat/search-users?${params}`)\n
                    .then(res => res.json())\n
                    .then(data => {\n
                        // Add "All" option if searching\n
                        if (query === '' || 'all'.includes(query.toLowerCase())) {\n
                            data.unshift({ id: 'all', value: 'All (Everyone)', avatar_url: null });\n
                        }\n
                        chat.mentionResults = data;\n
                    });\n
            },\n
\n
            selectMention(uniqueKey, user) {\n
                const chat = this.openChats.find(c => c.uniqueKey === uniqueKey);\n
                if(!chat) return;\n
\n
                const val = chat.newMessage;\n
                const lastAtPos = val.lastIndexOf('@');\n
                const newVal = val.substring(0, lastAtPos) + '@' + user.value + ' ';\n
\n
                chat.newMessage = newVal;\n
                // Don't hide instantly, user might want to mention another one\n
                chat.showMentions = false;\n
\n
                // Add to mentions array if not exists\n
                if (!chat.mentions) chat.mentions = [];\n
                if (user.id !== 'all') {\n
                     if(!chat.mentions.includes(user.id)) chat.mentions.push(user.id);\n
                } else {\n
                     // Handle @all logic (maybe flag special mention)\n
                }\n
\n
                // Refocus\n
                 this.$nextTick(() => {\n
                    const input = document.querySelector(`#msg-container-${chat.uniqueKey} + div textarea`);\n
                    if(input) input.focus();\n
                });\n
            },\n
\n
            formatMessage(msg) {\n
                // Highlight mentions\n
                // Simple regex replacement for demo\n
                // Ideally backend sends parsed segments\n
                return msg.replace(/@([a-zA-Z0-9_ ]+)/g, '<span class="text-primary fw-bold">@$1</span>');\n
            },\n
\n
            sendMessage(uniqueKey) {\n
                const chat = this.openChats.find(c => c.uniqueKey === uniqueKey);\n
                if (!chat || (!chat.newMessage.trim() && !chat.contextToAttach)) return;\n
\n
                const payload = {\n
                    message: chat.newMessage,\n
                    context_data: chat.contextToAttach,\n
                    mentions: chat.mentions\n
                };\n
\n
                if (chat.type === 'group') {\n
                    payload.chat_group_id = chat.id;\n
                } else {\n
                    payload.receiver_id = chat.id;\n
                }\n
\n
                fetch('http://localhost/chat/send', {\n
                    method: 'POST',\n
                    headers: {\n
                        'Content-Type': 'application/json',\n
                        'X-CSRF-TOKEN': document.querySelector('meta[name="csrf-token"]').content\n
                    },\n
                    body: JSON.stringify(payload)\n
                })\n
                .then(res => res.json())\n
                .then(msg => {\n
                    chat.messages.push(msg);\n
                    chat.newMessage = '';\n
                    chat.contextToAttach = null;\n
                    chat.mentions = [];\n
                    this.$nextTick(() => this.scrollToBottom(uniqueKey));\n
                });\n
            },\n
\n
            // --- Group Management ---\n
            handleNewGroupAvatar(e) {\n
                const file = e.target.files[0];\n
                if (file) {\n
                    this.newGroupForm.avatar = file;\n
                    this.newGroupPreviewUrl = URL.createObjectURL(file);\n
                }\n
            },\n
            createGroup() {\n
                const formData = new FormData();\n
                formData.append('name', this.newGroupForm.name);\n
                this.newGroupForm.members.forEach(id => formData.append('members[]', id));\n
                if(this.newGroupForm.avatar) formData.append('avatar', this.newGroupForm.avatar);\n
\n
                fetch('http://localhost/chat/groups', {\n
                    method: 'POST',\n
                    headers: { 'X-CSRF-TOKEN': document.querySelector('meta[name="csrf-token"]').content },\n
                    body: formData\n
                })\n
                .then(res => res.json())\n
                .then(data => {\n
                    if(data.success) {\n
                        this.showCreateGroupModal = false;\n
                        this.newGroupForm.name = '';\n
                        this.newGroupForm.members = [];\n
                        this.newGroupForm.avatar = null;\n
                        this.newGroupPreviewUrl = null;\n
                        this.fetchContacts(); // Refresh list to show new group\n
                        Swal.fire({ icon: 'success', title: 'Group Created', timer: 1500, showConfirmButton: false });\n
                    }\n
                });\n
            },\n
\n
            // Edit Group\n
            openEditGroupModal(chat) {\n
                this.editGroupForm = {\n
                    id: chat.id,\n
                    name: chat.name,\n
                    avatar: null,\n
                    original_avatar_url: chat.avatar_url,\n
                    members: [],\n
                    memberSearchQuery: '',\n
                    memberSearchResults: []\n
                };\n
                this.editGroupPreviewUrl = null;\n
                this.showEditGroupModal = true;\n
\n
                // Fetch group details including members\n
                fetch(`/chat/groups/${chat.id}`)\n
                    .then(res => res.json())\n
                    .then(data => {\n
                        this.editGroupForm.members = data.group.members;\n
                    });\n
            },\n
            handleEditGroupAvatar(e) {\n
                 const file = e.target.files[0];\n
                if (file) {\n
                    this.editGroupForm.avatar = file;\n
                    this.editGroupPreviewUrl = URL.createObjectURL(file);\n
                }\n
            },\n
            updateGroup() {\n
                const formData = new FormData();\n
                formData.append('name', this.editGroupForm.name);\n
                if(this.editGroupForm.avatar) formData.append('avatar', this.editGroupForm.avatar);\n
                formData.append('_method', 'POST');\n
\n
                fetch(`/chat/groups/${this.editGroupForm.id}/update`, {\n
                    method: 'POST',\n
                    headers: { 'X-CSRF-TOKEN': document.querySelector('meta[name="csrf-token"]').content },\n
                    body: formData\n
                })\n
                .then(res => res.json())\n
                .then(data => {\n
                    if(data.success) {\n
                         this.showEditGroupModal = false;\n
                         // Update local chat info\n
                         const chat = this.openChats.find(c => c.uniqueKey === 'group-' + this.editGroupForm.id);\n
                         if (chat) {\n
                             chat.name = data.group.name;\n
                             chat.avatar_url = data.group.avatar_url;\n
                         }\n
                         this.fetchContacts();\n
                         Swal.fire({ icon: 'success', title: 'Group Updated', timer: 1500, showConfirmButton: false });\n
                    }\n
                });\n
            },\n
            deleteGroup() {\n
                Swal.fire({\n
                    title: 'คุณแน่ใจหรือไม่?',\n
                    text: "You will not be able to recover this group!",\n
                    icon: 'warning',\n
                    showCancelButton: true,\n
                    confirmButtonColor: '#d33',\n
                    confirmButtonText: 'ใช่, ลบเลย!'\n
                }).then((result) => {\n
                    if (result.isConfirmed) {\n
                        fetch(`/chat/groups/${this.editGroupForm.id}`, {\n
                            method: 'DELETE',\n
                            headers: { 'X-CSRF-TOKEN': document.querySelector('meta[name="csrf-token"]').content }\n
                        })\n
                        .then(res => res.json())\n
                        .then(data => {\n
                            if(data.success) {\n
                                this.showEditGroupModal = false;\n
                                this.closeChat('group-' + this.editGroupForm.id);\n
                                this.fetchContacts();\n
                                Swal.fire('Deleted!', 'Group has been deleted.', 'success');\n
                            } else {\n
                                Swal.fire('Error', data.error || 'Failed', 'error');\n
                            }\n
                        });\n
                    }\n
                })\n
            },\n
            // Member Management for Edit Group\n
            searchUsersToAdd() {\n
                const query = this.editGroupForm.memberSearchQuery;\n
                if(!query || query.length < 2) {\n
                    this.editGroupForm.memberSearchResults = [];\n
                    return;\n
                }\n
\n
                fetch(`/chat/search-users?q=${query}`)\n
                    .then(res => res.json())\n
                    .then(data => {\n
                        // Filter out existing members\n
                        const existingIds = this.editGroupForm.members.map(m => m.id);\n
                        this.editGroupForm.memberSearchResults = data.filter(u => u.id !== 'all' && !existingIds.includes(u.id));\n
                    });\n
            },\n
            addMemberToGroup(user) {\n
                fetch(`/chat/groups/${this.editGroupForm.id}/members`, {\n
                    method: 'POST',\n
                    headers: {\n
                        'Content-Type': 'application/json',\n
                        'X-CSRF-TOKEN': document.querySelector('meta[name="csrf-token"]').content\n
                    },\n
                    body: JSON.stringify({ user_id: user.id })\n
                })\n
                .then(res => res.json())\n
                .then(data => {\n
                    if(data.success) {\n
                        this.editGroupForm.members.push({\n
                            id: user.id,\n
                            name: user.value,\n
                            avatar_url: user.avatar_url,\n
                            role: 'member'\n
                        });\n
                        this.editGroupForm.memberSearchQuery = '';\n
                        this.editGroupForm.memberSearchResults = [];\n
                    }\n
                });\n
            },\n
            removeMemberFromGroup(userId) {\n
                fetch(`/chat/groups/${this.editGroupForm.id}/members/${userId}`, {\n
                    method: 'DELETE',\n
                    headers: { 'X-CSRF-TOKEN': document.querySelector('meta[name="csrf-token"]').content }\n
                })\n
                .then(res => res.json())\n
                .then(data => {\n
                    if(data.success) {\n
                         this.editGroupForm.members = this.editGroupForm.members.filter(m => m.id !== userId);\n
                    }\n
                });\n
            },\n
\n
            // --- Helpers (Same as before) ---\n
            saveState() {\n
                const state = {\n
                    isContactListOpen: this.isContactListOpen,\n
                    launcher: this.launcher,\n
                    contactList: {\n
                        x: this.contactList.x,\n
                        y: this.contactList.y,\n
                        w: this.contactList.w,\n
                        h: this.contactList.h\n
                    },\n
                    openChats: this.openChats.map(c => ({\n
                        uniqueKey: c.uniqueKey,\n
                        id: c.id,\n
                        type: c.type,\n
                        name: c.name,\n
                        avatar_url: c.avatar_url,\n
                        x: c.x, y: c.y, w: c.w, h: c.h,\n
                        minimized: c.minimized,\n
                        zIndex: c.zIndex,\n
                        unreadCount: c.unreadCount\n
                    })),\n
                    selectedSound: this.selectedSound\n
                };\n
                localStorage.setItem('chatState_' + this.currentUserId, JSON.stringify(state));\n
            },\n
\n
            loadState() {\n
                const saved = localStorage.getItem('chatState_' + this.currentUserId);\n
                if (saved) {\n
                    try {\n
                        const parsed = JSON.parse(saved);\n
                        this.isContactListOpen = parsed.isContactListOpen;\n
                        if(parsed.launcher) this.launcher = {...this.launcher, ...parsed.launcher};\n
                        if(parsed.contactList) this.contactList = {...this.contactList, ...parsed.contactList};\n
\n
                        if(parsed.openChats) {\n
                            // Deduplicate openChats to prevent multiple instances of same chat\n
                            const uniqueChats = [];\n
                            const seenKeys = new Set();\n
                            parsed.openChats.forEach(c => {\n
                                if (!seenKeys.has(c.uniqueKey)) {\n
                                    seenKeys.add(c.uniqueKey);\n
                                    uniqueChats.push(c);\n
                                }\n
                            });\n
\n
                            this.openChats = uniqueChats.map(c => ({\n
                                ...c,\n
                                messages: [],\n
                                newMessage: '',\n
                                isUploading: false,\n
                                contextToAttach: null,\n
                                unreadCount: c.unreadCount || 0,\n
                                showMentions: false,\n
                                mentionResults: [],\n
                                mentions: []\n
                            }));\n
                            this.openChats.forEach(c => this.fetchMessages(c.uniqueKey));\n
                        }\n
                    } catch(e) { console.error(e); }\n
                }\n
            },\n
\n
            scrollToBottom(uniqueKey) {\n
                const container = document.getElementById('msg-container-'+uniqueKey);\n
                if (container) container.scrollTop = container.scrollHeight;\n
            },\n
\n
            // Re-add other helpers\n
            playNotificationSound() {\n
                const audio = document.getElementById('chatNotificationSound');\n
                if (audio) {\n
                    const soundFile = this.selectedSound || 'access_granted.mp3';\n
                    audio.src = `/sounds/${soundFile}`;\n
                    audio.play().catch(e => console.log('Audio play failed:', e));\n
                }\n
            },\n
            playSound(soundFile) {\n
                const audio = new Audio(`/sounds/${soundFile}`);\n
                audio.play().catch(e => console.log('Preview audio play failed:', e));\n
            },\n
            formatTime(date) { return new Date(date).toLocaleTimeString([], {hour: '2-digit', minute:'2-digit'}); },\n
            formatTimeShort(date) { return new Date(date).toLocaleTimeString([], {hour: '2-digit', minute:'2-digit'}); },\n
             getAttachmentIcon(type) {\n
                if (type === 'link') return 'bi-link-45deg';\n
                if (type === 'image') return 'bi-file-image';\n
                if (type === 'employee') return 'bi-person-badge-fill';\n
                if (type === 'employer') return 'bi-building-fill';\n
                if (type === 'ticket') return 'bi-ticket-detailed-fill';\n
                if (type === 'notification') return 'bi-bell-fill';\n
                if (type === 'new_employee_draft') return 'bi-person-plus-fill';\n
                return 'bi-file-earmark';\n
            },\n
             // --- Drag & Drop for Data Sharing (Helpers) ---\n
            startDrag(e, targetId) {\n
                if (e.target.closest('button') || e.target.closest('input')) return;\n
                const clientX = (e.touches && e.touches.length > 0) ? e.touches[0].clientX : e.clientX;\n
                const clientY = (e.touches && e.touches.length > 0) ? e.touches[0].clientY : e.clientY;\n
\n
                let targetObj;\n
                if (targetId === 'launcher') targetObj = this.launcher;\n
                else if (targetId === 'contactList') targetObj = this.contactList;\n
                else targetObj = this.openChats.find(c => c.uniqueKey === targetId);\n
\n
                if (!targetObj) return;\n
\n
                this.isDragging = false;\n
                this.dragData = {\n
                    type: 'move',\n
                    targetId: targetId,\n
                    startX: clientX,\n
                    startY: clientY,\n
                    initialX: targetObj.x,\n
                    initialY: targetObj.y\n
                };\n
                if(targetId !== 'launcher') this.bringToFront(targetId);\n
            },\n
\n
            startResize(e, targetId, direction) {\n
                const clientX = (e.touches && e.touches.length > 0) ? e.touches[0].clientX : e.clientX;\n
                const clientY = (e.touches && e.touches.length > 0) ? e.touches[0].clientY : e.clientY;\n
\n
                let targetObj;\n
                if (targetId === 'contactList') targetObj = this.contactList;\n
                else targetObj = this.openChats.find(c => c.uniqueKey === targetId);\n
\n
                if (!targetObj) return;\n
\n
                this.dragData = {\n
                    type: 'resize',\n
                    targetId: targetId,\n
                    direction: direction,\n
                    startX: clientX,\n
                    startY: clientY,\n
                    initialW: targetObj.w,\n
                    initialH: targetObj.h\n
                };\n
                this.bringToFront(targetId);\n
            },\n
             onMouseMove(e) {\n
                if (!this.dragData) return;\n
                e.preventDefault();\n
\n
                const clientX = (e.touches && e.touches.length > 0) ? e.touches[0].clientX : e.clientX;\n
                const clientY = (e.touches && e.touches.length > 0) ? e.touches[0].clientY : e.clientY;\n
                const deltaX = clientX - this.dragData.startX;\n
                const deltaY = clientY - this.dragData.startY;\n
\n
                if (Math.abs(deltaX) < 5 && Math.abs(deltaY) < 5) return;\n
\n
                this.isDragging = true;\n
\n
                let targetObj;\n
                let width = 0, height = 0;\n
\n
                if (this.dragData.targetId === 'launcher') {\n
                    targetObj = this.launcher;\n
                    width = 60;\n
                    height = 60;\n
                } else if (this.dragData.targetId === 'contactList') {\n
                    targetObj = this.contactList;\n
                    width = targetObj.w;\n
                    height = targetObj.h;\n
                } else {\n
                    targetObj = this.openChats.find(c => c.uniqueKey === this.dragData.targetId);\n
                    if(targetObj) {\n
                        width = targetObj.w;\n
                        height = targetObj.h;\n
                    }\n
                }\n
\n
                if (!targetObj) return;\n
\n
                if (this.dragData.type === 'move') {\n
                    const newX = this.dragData.initialX + deltaX;\n
                    const newY = this.dragData.initialY + deltaY;\n
                    const maxX = window.innerWidth - width;\n
                    const maxY = window.innerHeight - height;\n
                    targetObj.x = Math.max(0, Math.min(maxX, newX));\n
                    targetObj.y = Math.max(0, Math.min(maxY, newY));\n
\n
                } else if (this.dragData.type === 'resize') {\n
                    if (this.dragData.direction.includes('r')) {\n
                        targetObj.w = Math.max(250, this.dragData.initialW + deltaX);\n
                    }\n
                    if (this.dragData.direction.includes('b')) {\n
                        targetObj.h = Math.max(300, this.dragData.initialH + deltaY);\n
                    }\n
                }\n
            },\n
            onMouseUp() {\n
                if (this.dragData) {\n
                    this.dragData = null;\n
                    setTimeout(() => this.isDragging = false, 100);\n
                    this.saveState();\n
                }\n
            },\n
             triggerFileUpload(uniqueKey) {\n
                document.getElementById('file-input-'+uniqueKey).click();\n
            },\n
            handleFileUpload(e, uniqueKey) {\n
                const file = e.target.files[0];\n
                if (!file) return;\n
                const chat = this.openChats.find(c => c.uniqueKey === uniqueKey);\n
                if(!chat) return;\n
\n
                chat.isUploading = true;\n
                const formData = new FormData();\n
                formData.append('file', file);\n
\n
                fetch('http://localhost/chat/upload', {\n
                    method: 'POST',\n
                    headers: { 'X-CSRF-TOKEN': document.querySelector('meta[name="csrf-token"]').content },\n
                    body: formData\n
                })\n
                .then(res => res.json())\n
                .then(data => {\n
                    chat.contextToAttach = {\n
                        type: data.type,\n
                        url: data.url,\n
                        name: data.name,\n
                        mime: data.mime\n
                    };\n
                })\n
                .catch(err => console.error(err))\n
                .finally(() => {\n
                    chat.isUploading = false;\n
                    e.target.value = '';\n
                });\n
            },\n
             handleDrop(e, targetType, targetId) {\n
                e.preventDefault();\n
                let rawData = e.dataTransfer.getData('application/json');\n
                if (!rawData) rawData = e.dataTransfer.getData('text/plain');\n
                if (!rawData) return;\n
                let data;\n
                try { data = JSON.parse(rawData); } catch (err) { console.error(err); return; }\n
\n
                if (targetType === 'launcher') {\n
                    if (!this.isContactListOpen) this.toggleContactList();\n
                    return;\n
                }\n
\n
                let chat = null;\n
                if (targetType === 'contact') {\n
                    this.openChat(targetId); // targetId is item object\n
                    chat = this.openChats.find(c => c.uniqueKey === this.getUniqueKey(targetId));\n
                } else if (targetType === 'chat_window') {\n
                    chat = this.openChats.find(c => c.uniqueKey === targetId);\n
                }\n
\n
                if (chat) {\n
                    // Logic to attach context (same as original, just adapted)\n
                    // Simplified for brevity in this overwrite block\n
                     let contextType = 'link';\n
                    let contextUrl = data.url;\n
                    let attachmentName = data.title;\n
                     let subtitle = data.subtitle || '';\n
\n
                     if (data.type === 'employee') {\n
                         contextType = 'employee';\n
                         contextUrl = `/employees/${data.id}/locate`;\n
                     } else if (data.type === 'employer') {\n
                         contextType = 'employer';\n
                         contextUrl = `/employers/${data.id}/locate`;\n
                     }\n
                     // ... other types ...\n
\n
                    chat.contextToAttach = {\n
                         type: contextType,\n
                         id: data.id,\n
                         url: contextUrl,\n
                         text: `[${data.type.toUpperCase()}] ${data.title}`,\n
                         name: attachmentName,\n
                         subtitle: subtitle\n
                    };\n
                    this.bringToFront(chat.uniqueKey);\n
                }\n
             },\n
             startDragMessage(e, msg) {\n
                let payload = {\n
                    type: 'message',\n
                    title: msg.message || 'Forwarded Message',\n
                    url: window.location.href\n
                };\n
                if (msg.context_data) {\n
                     payload = { ...msg.context_data, title: msg.context_data.name || msg.context_data.text };\n
                } else {\n
                    payload.subtitle = msg.message;\n
                }\n
                e.dataTransfer.effectAllowed = 'copy';\n
                e.dataTransfer.setData('application/json', JSON.stringify(payload));\n
            },\n
             // Profile\n
            handleAvatarUpload(e) {\n
                const file = e.target.files[0];\n
                if (file) {\n
                    this.profileForm.avatar = file;\n
                    this.profilePreviewUrl = URL.createObjectURL(file);\n
                }\n
            },\n
            updateProfile() {\n
                 const formData = new FormData();\n
                formData.append('name', this.profileForm.name);\n
                formData.append('position_title', this.profileForm.position_title);\n
                formData.append('bio', this.profileForm.bio);\n
                if (this.profileForm.avatar) formData.append('avatar', this.profileForm.avatar);\n
\n
                fetch('http://localhost/chat/profile/update', {\n
                    method: 'POST',\n
                    headers: { 'X-CSRF-TOKEN': document.querySelector('meta[name="csrf-token"]').content },\n
                    body: formData\n
                })\n
                .then(res => res.json())\n
                .then(data => {\n
                    if (data.success) {\n
                        this.showProfileModal = false;\n
                        this.profileForm.original_avatar_url = data.user.avatar_url;\n
                        Swal.fire({ icon: 'success', title: 'Updated', timer: 1500, showConfirmButton: false });\n
                    }\n
                });\n
            },\n
            attachContext(uniqueKey) {\n
                const chat = this.openChats.find(c => c.uniqueKey === uniqueKey);\n
                if(chat) {\n
                    chat.contextToAttach = {\n
                        url: window.location.href,\n
                        text: document.title,\n
                        type: 'link'\n
                    };\n
                }\n
            }\n
        }));\n
    });\n
</script>\n
\n
    \n
    <!-- resources/views/components/document-scanner.blade.php -->\n
<div x-data="documentScanner()"\n
     x-show="isOpen"\n
     @open-document-scanner.document="openScanner($event.detail)"\n
     class="fixed inset-0 z-[9999] flex items-center justify-center bg-black bg-opacity-90"\n
     style="display: none;"\n
     x-transition:enter="transition ease-out duration-300"\n
     x-transition:enter-start="opacity-0"\n
     x-transition:enter-end="opacity-100"\n
     x-transition:leave="transition ease-in duration-200"\n
     x-transition:leave-start="opacity-100"\n
     x-transition:leave-end="opacity-0">\n
\n
    <!-- Loading Overlay for OpenCV -->\n
    <div x-show="isLoading" class="absolute inset-0 z-[10000] flex flex-col items-center justify-center bg-black bg-opacity-80 text-white">\n
        <div class="spinner-border text-primary mb-3" role="status" style="width: 3rem; height: 3rem;">\n
            <span class="visually-hidden">Loading...</span>\n
        </div>\n
        <div x-text="loadingMessage">Loading Scanner Resources...</div>\n
    </div>\n
\n
    <div class="bg-white w-full h-full md:w-[90%] md:h-[90%] md:rounded-lg shadow-xl flex flex-col relative overflow-hidden">\n
\n
        <!-- Header -->\n
        <div class="bg-dark text-white p-3 flex justify-between items-center shrink-0">\n
            <h5 class="m-0 flex items-center gap-2">\n
                <i class="bi bi-camera-fill"></i>\n
                <span x-text="getHeaderTitle()">Document Scanner</span>\n
            </h5>\n
            <button @click="closeScanner()" class="btn btn-sm btn-outline-light border-0">\n
                <i class="bi bi-x-lg text-lg"></i>\n
            </button>\n
        </div>\n
\n
        <!-- Main Content Area -->\n
        <div class="flex-grow bg-gray-100 relative overflow-hidden flex flex-col items-center justify-center p-0">\n
\n
            <!-- Hidden File Input -->\n
            <input type="file"\n
                   x-ref="fileInput"\n
                   class="hidden"\n
                   accept="image/*,application/pdf"\n
                   multiple\n
                   @change="handleImport($event)">\n
\n
            <!-- VIEW: CAMERA -->\n
            <div x-show="view === 'camera'" class="w-full h-full relative bg-black flex flex-col">\n
                <video x-ref="video" class="w-full h-full object-contain bg-black" autoplay playsinline></video>\n
\n
                <!-- Mode Switcher -->\n
                <div class="absolute top-4 left-0 right-0 flex justify-center z-50">\n
                    <div class="bg-black/50 rounded-full p-1 flex shadow-lg border border-white/20">\n
                         <button @click="setMode('document')"\n
                                 :class="scanMode === 'document' ? 'bg-primary text-white shadow-sm' : 'text-gray-300 hover:text-white'"\n
                                 class="px-4 py-1.5 rounded-full text-sm font-medium transition-all">\n
                            เอกสารทั่วไป\n
                         </button>\n
                         <button @click="setMode('id_card')"\n
                                 :class="scanMode === 'id_card' ? 'bg-primary text-white shadow-sm' : 'text-gray-300 hover:text-white'"\n
                                 class="px-4 py-1.5 rounded-full text-sm font-medium transition-all flex items-center gap-1">\n
                            <i class="bi bi-person-badge-fill"></i> บัตรประชาชน\n
                         </button>\n
                    </div>\n
                </div>\n
\n
                <!-- ID Card Prompt -->\n
                <div x-show="scanMode === 'id_card'"\n
                     class="absolute top-20 left-0 right-0 text-center pointer-events-none z-40 transition-opacity duration-300"\n
                     x-transition:enter="opacity-0 scale-95"\n
                     x-transition:enter-end="opacity-100 scale-100">\n
                    <span class="bg-black/60 backdrop-blur-sm text-white px-4 py-2 rounded-full text-sm font-bold border border-white/20 shadow-lg">\n
                        <span x-show="capturedImages.length === 0"><i class="bi bi-person-bounding-box me-1"></i> ถ่ายด้านหน้า (Front)</span>\n
                        <span x-show="capturedImages.length === 1"><i class="bi bi-card-text me-1"></i> ถ่ายด้านหลัง (Back)</span>\n
                    </span>\n
                </div>\n
\n
                <!-- Flash Effect -->\n
                <div x-show="flash"\n
                     x-transition:enter="transition ease-out duration-100"\n
                     x-transition:enter-start="opacity-0"\n
                     x-transition:enter-end="opacity-80"\n
                     x-transition:leave="transition ease-in duration-300"\n
                     x-transition:leave-start="opacity-80"\n
                     x-transition:leave-end="opacity-0"\n
                     class="absolute inset-0 bg-white pointer-events-none z-50"></div>\n
\n
                <!-- Camera Controls -->\n
                <div class="absolute bottom-0 left-0 right-0 p-4 bg-gradient-to-t from-black/80 to-transparent flex justify-between items-center z-40">\n
                    <!-- Gallery Preview & Import (Bottom Left) -->\n
                    <div class="flex items-center gap-3 min-w-[120px]">\n
                        <!-- Import Button -->\n
                        <button @click="$refs.fileInput.click()"\n
                                class="btn btn-dark rounded-circle p-0 flex flex-col items-center justify-center shadow-lg border border-white/20 hover:bg-gray-800 transition-colors group"\n
                                style="width: 50px; height: 50px;"\n
                                title="นำเข้าไฟล์ (Images/PDF)">\n
                            <i class="bi bi-file-earmark-plus text-xl mb-0"></i>\n
                            <span class="text-[10px] leading-none opacity-80 group-hover:opacity-100">นำเข้า</span>\n
                        </button>\n
\n
                        <div class="text-white text-sm cursor-pointer hover:underline" @click="if(capturedImages.length > 0) view = 'review'">\n
                            <div class="flex items-center gap-2">\n
                                <div class="relative" x-show="capturedImages.length > 0">\n
                                    <img :src="capturedImages[capturedImages.length-1]?.cropped" class="w-10 h-10 rounded border border-white object-cover">\n
                                    <span class="absolute -top-2 -right-2 badge bg-primary rounded-pill fs-7" x-text="capturedImages.length"></span>\n
                                </div>\n
                            </div>\n
                        </div>\n
                    </div>\n
\n
                    <!-- Capture Button -->\n
                    <button @click="captureImage()" :disabled="isProcessing"\n
                            class="btn btn-light rounded-circle p-1 shadow-lg border-4 border-gray-300 relative transform active:scale-95 transition-transform"\n
                            style="width: 70px; height: 70px;">\n
                         <div class="w-full h-full bg-danger rounded-circle flex items-center justify-center">\n
                             <span x-show="isProcessing" class="spinner-border spinner-border-sm text-white" role="status" aria-hidden="true"></span>\n
                         </div>\n
                    </button>\n
\n
                    <!-- Finish Button (Bottom Right) -->\n
                    <div class="min-w-[80px] flex justify-end">\n
                        <button @click="finishCapture()"\n
                                class="btn btn-success text-white fw-bold px-4 rounded-pill shadow-lg border border-white/20"\n
                                x-show="canFinish()">\n
                            เสร็จสิ้น <i class="bi bi-check-lg"></i>\n
                        </button>\n
                    </div>\n
                </div>\n
            </div>\n
\n
            <!-- VIEW: REVIEW (Grid of taken images) -->\n
            <div x-show="view === 'review'" class="w-full h-full flex flex-col bg-gray-100 relative">\n
\n
                <!-- Action Bar for Layouts -->\n
                <div x-show="selectedIndices.length > 0"\n
                     x-transition:enter="transition ease-out duration-200"\n
                     x-transition:enter-start="translate-y-full opacity-0"\n
                     x-transition:enter-end="translate-y-0 opacity-100"\n
                     class="absolute bottom-[70px] left-0 right-0 z-20 px-3 flex justify-center pointer-events-none">\n
\n
                     <div class="bg-white rounded-full shadow-xl border p-2 pointer-events-auto flex items-center gap-2 overflow-x-auto max-w-full">\n
                        <span class="text-sm font-bold px-2 text-gray-600 whitespace-nowrap">\n
                            <span x-text="selectedIndices.length"></span> รายการ:\n
                        </span>\n
\n
                        <!-- 1 Image Options -->\n
                        <template x-if="selectedIndices.length === 1">\n
                            <div class="flex gap-1">\n
                                <button @click="generateLayout('full')" class="btn btn-sm btn-outline-primary whitespace-nowrap"><i class="bi bi-arrows-fullscreen"></i> เต็ม A4</button>\n
                                <button @click="generateLayout('70')" class="btn btn-sm btn-outline-primary whitespace-nowrap">70%</button>\n
                                <button @click="generateLayout('passport')" class="btn btn-sm btn-outline-primary whitespace-nowrap"><i class="bi bi-person-bounding-box"></i> Passport</button>\n
                                <button @click="generateLayout('card')" class="btn btn-sm btn-outline-primary whitespace-nowrap"><i class="bi bi-credit-card"></i> ขนาดบัตร</button>\n
                            </div>\n
                        </template>\n
\n
                        <!-- 2 Image Options -->\n
                        <template x-if="selectedIndices.length === 2">\n
                            <div class="flex gap-1">\n
                                <button @click="generateLayout('half_v')" class="btn btn-sm btn-outline-primary whitespace-nowrap"><i class="bi bi-layout-split"></i> บน-ล่าง</button>\n
                                <button @click="generateLayout('half_h')" class="btn btn-sm btn-outline-primary whitespace-nowrap"><i class="bi bi-layout-sidebar"></i> ซ้าย-ขวา</button>\n
                                <button @click="generateLayout('id_card_pair')" class="btn btn-sm btn-outline-primary whitespace-nowrap"><i class="bi bi-person-badge"></i> หน้า-หลังบัตร</button>\n
                            </div>\n
                        </template>\n
\n
                        <!-- 3+ Options -->\n
                        <template x-if="selectedIndices.length >= 3">\n
                            <button @click="generateLayout('grid')" class="btn btn-sm btn-outline-primary whitespace-nowrap"><i class="bi bi-grid-3x3"></i> Grid Layout</button>\n
                        </template>\n
\n
                        <div class="w-px h-6 bg-gray-300 mx-1"></div>\n
                        <button @click="selectedIndices = []" class="btn btn-sm btn-light text-muted hover:text-dark"><i class="bi bi-x-lg"></i></button>\n
                     </div>\n
                </div>\n
\n
                <div class="flex-grow overflow-y-auto p-3 pb-24">\n
                    <!-- Top Controls for Review Mode -->\n
                    <div class="flex justify-between items-center mb-3 px-1">\n
                        <div x-show="scanMode === 'id_card'">\n
                             <span class="badge bg-primary fs-6">\n
                                <i class="bi bi-info-circle me-1"></i> เลือกรูปภาพเพื่อจัดวางรูปแบบ\n
                             </span>\n
                        </div>\n
                        <div x-show="scanMode !== 'id_card'" class="flex gap-2 w-full justify-end">\n
                            <button x-show="!isSorting" @click="startSorting()" class="btn btn-sm btn-outline-primary rounded-pill px-3">\n
                                <i class="bi bi-sort-numeric-down"></i> จัดลำดับหน้า\n
                            </button>\n
\n
                            <div x-show="isSorting" class="flex gap-2 items-center bg-white p-1 rounded-pill shadow-sm border">\n
                                <span class="text-xs font-bold text-primary px-2">โหมดจัดลำดับ</span>\n
                                <button @click="resetSorting()" class="btn btn-xs btn-light rounded-circle" title="รีเซ็ต">\n
                                    <i class="bi bi-arrow-counterclockwise"></i>\n
                                </button>\n
                                <button @click="applySorting()" class="btn btn-xs btn-success text-white rounded-pill px-3">\n
                                    <i class="bi bi-check-lg"></i> ยืนยัน\n
                                </button>\n
                                <button @click="cancelSorting()" class="btn btn-xs btn-secondary rounded-pill px-2">\n
                                    ยกเลิก\n
                                </button>\n
                            </div>\n
                        </div>\n
                    </div>\n
\n
                    <div class="grid grid-cols-2 md:grid-cols-3 lg:grid-cols-4 gap-3">\n
                        <template x-for="(img, index) in capturedImages" :key="img.id">\n
                            <div class="relative group bg-white p-2 rounded shadow-sm hover:shadow-md transition-all duration-200"\n
                                 :class="(isSorting && sortOrder.includes(img.id)) ? 'ring-2 ring-success bg-green-50' : (selectedIndices.includes(index) ? 'ring-2 ring-primary bg-blue-50' : '')">\n
\n
                                <!-- Normal Mode: Selection Checkbox -->\n
                                <div class="absolute top-2 left-2 z-10" x-show="!isSorting">\n
                                    <input type="checkbox"\n
                                           :checked="selectedIndices.includes(index)"\n
                                           @change="toggleSelection(index)"\n
                                           class="form-check-input w-5 h-5 cursor-pointer shadow-sm border-gray-300">\n
                                </div>\n
\n
                                <!-- Sort Mode: Sequence Badge -->\n
                                <div class="absolute top-2 left-2 z-10" x-show="isSorting">\n
                                    <div class="w-8 h-8 rounded-full flex items-center justify-center text-white font-bold shadow-md transition-all transform scale-100"\n
                                         :class="sortOrder.includes(img.id) ? 'bg-success' : 'bg-gray-300 scale-90 opacity-50'"\n
                                         @click.stop="toggleSort(img.id)">\n
                                        <span x-text="getSortIndex(img.id)"></span>\n
                                    </div>\n
                                </div>\n
\n
                                <!-- Image -->\n
                                <img :src="img.cropped"\n
                                     class="w-full h-40 object-contain bg-gray-50 border rounded cursor-pointer"\n
                                     :class="isSorting ? (sortOrder.includes(img.id) ? '' : 'opacity-60 grayscale') : ''"\n
                                     @click="handleImageClick(index, img.id)">\n
\n
                                <!-- Actions (Hidden during sort) -->\n
                                <div class="absolute top-1 right-1 flex gap-1 z-10" x-show="!isSorting">\n
                                    <button @click.stop="removeImage(index)" class="btn btn-sm btn-danger rounded-circle shadow-sm p-1 leading-none w-6 h-6 flex items-center justify-center">\n
                                        <i class="bi bi-x"></i>\n
                                    </button>\n
                                </div>\n
                                <div class="absolute bottom-1 right-1 z-10" x-show="!isSorting">\n
                                     <button @click.stop="startEdit(index)" class="btn btn-sm btn-primary shadow-sm py-1 px-2 text-xs rounded-pill">\n
                                        <i class="bi bi-crop"></i> ปรับแต่ง\n
                                    </button>\n
                                </div>\n
\n
                                <!-- Sequence Number Display (Normal Mode) -->\n
                                <div class="absolute top-1 left-8 bg-black/50 text-white text-xs px-1.5 py-0.5 rounded pointer-events-none transition-opacity" x-show="!isSorting">\n
                                    <span x-text="index + 1"></span>\n
                                </div>\n
                            </div>\n
                        </template>\n
\n
                        <!-- Add More Button (Universal - Hidden in sort mode) -->\n
                        <div x-show="!isSorting" @click="view = 'camera'; startCamera()" class="static-item flex flex-col items-center justify-center h-40 border-2 border-dashed border-gray-300 rounded bg-gray-50 text-gray-400 hover:bg-gray-100 hover:text-gray-600 cursor-pointer transition-colors">\n
                            <i class="bi bi-plus-lg text-3xl mb-1"></i>\n
                            <span class="text-sm">ถ่ายเพิ่ม</span>\n
                        </div>\n
\n
                        <!-- Import Button (Universal - Hidden in sort mode) -->\n
                        <div x-show="!isSorting" @click="$refs.fileInput.click()" class="static-item flex flex-col items-center justify-center h-40 border-2 border-dashed border-gray-300 rounded bg-gray-50 text-gray-400 hover:bg-gray-100 hover:text-gray-600 cursor-pointer transition-colors">\n
                            <i class="bi bi-file-earmark-plus text-3xl mb-1"></i>\n
                            <span class="text-sm">นำเข้าไฟล์</span>\n
                        </div>\n
                    </div>\n
                </div>\n
                <div class="p-3 bg-white border-t flex justify-between items-center z-30 relative">\n
                     <button @click="view = 'camera'; startCamera()" class="btn btn-outline-secondary">\n
                        <i class="bi bi-arrow-left"></i> กลับไปถ่ายภาพ\n
                    </button>\n
                    <button @click="finalizeProcess()" class="btn btn-primary px-4" :disabled="!canFinish()">\n
                        <i class="bi bi-save"></i> บันทึกข้อมูล\n
                        <span>(<span x-text="capturedImages.length"></span>)</span>\n
                    </button>\n
                </div>\n
            </div>\n
\n
            <!-- VIEW: LAYOUT EDITOR (Preview & Swap) -->\n
            <div x-show="view === 'layout_editor'" class="w-full h-full flex flex-col md:flex-row bg-gray-100 overflow-hidden">\n
\n
                <!-- Sidebar: Order Controls -->\n
                <div class="w-full md:w-80 bg-white border-r flex flex-col shadow-lg z-10">\n
                    <div class="p-3 border-b bg-gray-50">\n
                        <h6 class="m-0 font-bold text-gray-700"><i class="bi bi-sort-numeric-down"></i> จัดลำดับรูปภาพ</h6>\n
                        <small class="text-gray-500">ลากหรือกดลูกศรเพื่อย้ายตำแหน่ง</small>\n
                    </div>\n
\n
                    <div class="flex-grow overflow-y-auto p-2 space-y-2">\n
                        <template x-for="(item, index) in layoutSourceImages" :key="index">\n
                            <div class="flex items-center gap-2 p-2 bg-gray-50 border rounded hover:bg-white transition-colors">\n
                                <span class="badge bg-secondary rounded-pill" x-text="index + 1"></span>\n
                                <img :src="item.src" class="w-12 h-12 object-cover rounded border bg-white">\n
\n
                                <div class="flex-grow"></div>\n
\n
                                <div class="flex flex-col gap-1">\n
                                    <button @click="moveLayoutItem(index, -1)" :disabled="index === 0" class="btn btn-xs btn-outline-secondary py-0" title="ย้ายขึ้น">\n
                                        <i class="bi bi-chevron-up"></i>\n
                                    </button>\n
                                    <button @click="moveLayoutItem(index, 1)" :disabled="index === layoutSourceImages.length - 1" class="btn btn-xs btn-outline-secondary py-0" title="ย้ายลง">\n
                                        <i class="bi bi-chevron-down"></i>\n
                                    </button>\n
                                </div>\n
                            </div>\n
                        </template>\n
                    </div>\n
\n
                    <div class="p-3 border-t bg-gray-50 flex justify-between">\n
                         <button @click="cancelLayout()" class="btn btn-secondary">\n
                            <i class="bi bi-arrow-left"></i> กลับ\n
                        </button>\n
                        <button @click="confirmLayout()" class="btn btn-success text-white">\n
                            <i class="bi bi-check-circle"></i> ยืนยัน\n
                        </button>\n
                    </div>\n
                </div>\n
\n
                <!-- Main: Preview -->\n
                <div class="flex-grow bg-gray-200 relative flex flex-col">\n
                    <div class="absolute inset-0 flex items-center justify-center p-4 overflow-auto">\n
                        <div class="bg-white shadow-2xl relative transition-all duration-300">\n
                             <img :src="layoutPreviewImage" class="max-w-full max-h-[80vh] border border-gray-300 block" style="min-width: 200px;">\n
                             <div class="absolute top-0 right-0 bg-primary text-white text-xs px-2 py-1 shadow-sm">\n
                                Preview (A4)\n
                             </div>\n
                        </div>\n
                    </div>\n
                </div>\n
            </div>\n
\n
            <!-- VIEW: CROP -->\n
            <div x-show="view === 'crop'" class="w-full h-full flex flex-col bg-dark relative">\n
                <div class="flex-grow relative overflow-hidden flex items-center justify-center bg-gray-900" x-ref="cropContainer">\n
                    <div class="relative shadow-2xl max-w-full max-h-full flex items-center justify-center" x-ref="cropWrapper">\n
                        <canvas x-ref="cropCanvas" class="block max-w-full max-h-full object-contain"></canvas>\n
\n
                        <!-- SVG Overlay for Handles -->\n
                        <svg class="absolute top-0 left-0 w-full h-full pointer-events-none" style="z-index: 10;">\n
                            <!-- Polygon Line -->\n
                            <polygon :points="getPolygonPoints()" fill="rgba(255, 255, 255, 0.2)" stroke="#0d6efd" stroke-width="2" />\n
\n
                            <!-- Edge Click Areas (Transparent Thick Lines) -->\n
                            <!-- Top (0-1) -->\n
                            <line :x1="corners[0].x" :y1="corners[0].y" :x2="corners[1].x" :y2="corners[1].y" stroke="transparent" stroke-width="30" class="pointer-events-auto cursor-move" @mousedown="startDrag('edge', 0, $event)" @touchstart="startDrag('edge', 0, $event)" />\n
                            <!-- Right (1-2) -->\n
                            <line :x1="corners[1].x" :y1="corners[1].y" :x2="corners[2].x" :y2="corners[2].y" stroke="transparent" stroke-width="30" class="pointer-events-auto cursor-move" @mousedown="startDrag('edge', 1, $event)" @touchstart="startDrag('edge', 1, $event)" />\n
                            <!-- Bottom (2-3) -->\n
                            <line :x1="corners[2].x" :y1="corners[2].y" :x2="corners[3].x" :y2="corners[3].y" stroke="transparent" stroke-width="30" class="pointer-events-auto cursor-move" @mousedown="startDrag('edge', 2, $event)" @touchstart="startDrag('edge', 2, $event)" />\n
                            <!-- Left (3-0) -->\n
                            <line :x1="corners[3].x" :y1="corners[3].y" :x2="corners[0].x" :y2="corners[0].y" stroke="transparent" stroke-width="30" class="pointer-events-auto cursor-move" @mousedown="startDrag('edge', 3, $event)" @touchstart="startDrag('edge', 3, $event)" />\n
\n
                            <!-- Handles (Larger) -->\n
                            <circle :cx="corners[0].x" :cy="corners[0].y" r="15" fill="#0d6efd" stroke="white" stroke-width="3" class="pointer-events-auto cursor-move shadow-sm" @mousedown="startDrag('corner', 0, $event)" @touchstart="startDrag('corner', 0, $event)" />\n
                            <circle :cx="corners[1].x" :cy="corners[1].y" r="15" fill="#0d6efd" stroke="white" stroke-width="3" class="pointer-events-auto cursor-move shadow-sm" @mousedown="startDrag('corner', 1, $event)" @touchstart="startDrag('corner', 1, $event)" />\n
                            <circle :cx="corners[2].x" :cy="corners[2].y" r="15" fill="#0d6efd" stroke="white" stroke-width="3" class="pointer-events-auto cursor-move shadow-sm" @mousedown="startDrag('corner', 2, $event)" @touchstart="startDrag('corner', 2, $event)" />\n
                            <circle :cx="corners[3].x" :cy="corners[3].y" r="15" fill="#0d6efd" stroke="white" stroke-width="3" class="pointer-events-auto cursor-move shadow-sm" @mousedown="startDrag('corner', 3, $event)" @touchstart="startDrag('corner', 3, $event)" />\n
                        </svg>\n
                    </div>\n
                </div>\n
\n
                <!-- Filter Toolbar -->\n
                <div class="bg-black/90 p-2 flex justify-center gap-2 overflow-x-auto shrink-0 border-b border-gray-700">\n
                    <button @click="activeFilter = 'original'" :class="activeFilter === 'original' ? 'bg-primary text-white' : 'bg-dark text-gray-400 border-secondary'" class="btn btn-sm border flex items-center gap-1 whitespace-nowrap">\n
                        <i class="bi bi-image"></i> ต้นฉบับ\n
                    </button>\n
                    <button @click="activeFilter = 'magic'" :class="activeFilter === 'magic' ? 'bg-primary text-white' : 'bg-dark text-gray-400 border-secondary'" class="btn btn-sm border flex items-center gap-1 whitespace-nowrap">\n
                        <i class="bi bi-magic"></i> สแกนสี (Magic)\n
                    </button>\n
                    <button @click="activeFilter = 'scan_doc'" :class="activeFilter === 'scan_doc' ? 'bg-primary text-white' : 'bg-dark text-gray-400 border-secondary'" class="btn btn-sm border flex items-center gap-1 whitespace-nowrap">\n
                        <i class="bi bi-file-earmark-check"></i> สแกนเอกสาร\n
                    </button>\n
                    <button @click="activeFilter = 'high_contrast'" :class="activeFilter === 'high_contrast' ? 'bg-primary text-white' : 'bg-dark text-gray-400 border-secondary'" class="btn btn-sm border flex items-center gap-1 whitespace-nowrap">\n
                        <i class="bi bi-brightness-high"></i> เพิ่มความคมชัด\n
                    </button>\n
                    <button @click="activeFilter = 'bw'" :class="activeFilter === 'bw' ? 'bg-primary text-white' : 'bg-dark text-gray-400 border-secondary'" class="btn btn-sm border flex items-center gap-1 whitespace-nowrap">\n
                        <i class="bi bi-file-earmark-text"></i> ขาวดำ (B/W)\n
                    </button>\n
                    <button @click="activeFilter = 'gray'" :class="activeFilter === 'gray' ? 'bg-primary text-white' : 'bg-dark text-gray-400 border-secondary'" class="btn btn-sm border flex items-center gap-1 whitespace-nowrap">\n
                        <i class="bi bi-circle-half"></i> เทา\n
                    </button>\n
                </div>\n
\n
                <div class="p-3 bg-black/80 flex justify-between items-center shrink-0 gap-2">\n
                    <button @click="cancelCrop()" class="btn btn-secondary">\n
                        <i class="bi bi-x-lg"></i> ยกเลิก\n
                    </button>\n
\n
                    <!-- Rotation Controls -->\n
                     <div class="flex items-center gap-2">\n
                        <button @click="rotateImage(-90)" class="btn btn-dark border-secondary text-white" title="หมุนซ้าย">\n
                             <i class="bi bi-arrow-counterclockwise"></i>\n
                        </button>\n
                        <button @click="rotateImage(90)" class="btn btn-dark border-secondary text-white" title="หมุนขวา">\n
                             <i class="bi bi-arrow-clockwise"></i>\n
                        </button>\n
                    </div>\n
\n
                    <div class="flex items-center gap-2">\n
                         <button @click="resetToFull()" class="btn btn-outline-light">\n
                            <i class="bi bi-arrows-fullscreen"></i> <span class="hidden sm:inline">เต็มรูป</span>\n
                        </button>\n
                        <button @click="saveCropEdit()" class="btn btn-primary">\n
                            <i class="bi bi-check-lg"></i> <span class="hidden sm:inline">บันทึก</span>\n
                        </button>\n
                    </div>\n
                </div>\n
            </div>\n
\n
        </div>\n
    </div>\n
</div>\n
\n
<!-- Load Libraries (CDN) -->\n
<script src="https://cdnjs.cloudflare.com/ajax/libs/jspdf/2.5.1/jspdf.umd.min.js"></script>\n
<script src="https://cdnjs.cloudflare.com/ajax/libs/pdf.js/3.11.174/pdf.min.js"></script>\n
<script async src="https://docs.opencv.org/4.8.0/opencv.js" onload="document.dispatchEvent(new Event('opencv-loaded'))"></script>\n
\n
<script>\n
    // Global Interceptor Function\n
    window.interceptFileSelect = function(event) {\n
        const input = event.target;\n
        const files = input.files;\n
\n
        // 1. Check if this change was triggered by the scanner itself\n
        if (input.dataset.scannerSource === 'true') {\n
            delete input.dataset.scannerSource; // Reset flag\n
            return; // Allow normal processing\n
        }\n
\n
        if (!files || files.length === 0) return;\n
\n
        // 2. Check if files are supported (Image or PDF)\n
        let isSupported = true;\n
        for (let i = 0; i < files.length; i++) {\n
            const type = files[i].type;\n
            if (!type.startsWith('image/') && type !== 'application/pdf') {\n
                isSupported = false;\n
                break;\n
            }\n
        }\n
\n
        // 3. If supported, intercept and open scanner\n
        if (isSupported) {\n
            // Stop other listeners (e.g. immediate upload)\n
            event.stopImmediatePropagation();\n
            // event.preventDefault(); // change event is not cancellable usually, but good practice\n
\n
            // Dispatch event with files\n
            document.dispatchEvent(new CustomEvent('open-document-scanner', {\n
                detail: {\n
                    inputId: input.id,\n
                    files: files\n
                }\n
            }));\n
\n
            // Clear the input so it's "empty" while scanning\n
            // Note: This might not be strictly necessary if we stopped propagation,\n
            // but keeps UI clean.\n
            input.value = '';\n
        }\n
    };\n
\n
    document.addEventListener('alpine:init', () => {\n
        Alpine.data('documentScanner', () => ({\n
            isOpen: false,\n
            isLoading: false,\n
            isProcessing: false,\n
            loadingMessage: '',\n
            view: 'camera', // camera, review, crop\n
            scanMode: 'document', // 'document' or 'id_card'\n
            targetInputId: null,\n
            targetPreviewId: null,\n
            flash: false,\n
\n
            // Reordering State\n
            isSorting: false,\n
            sortOrder: [], // Array of IDs in selected order\n
\n
            // Camera\n
            stream: null,\n
\n
            // Data\n
            // Structure: { id, original: dataUrl, cropped: dataUrl, corners: [{x,y}...] }\n
            capturedImages: [],\n
            selectedIndices: [], // Indices of selected images for layout\n
            currentEditIndex: -1,\n
\n
            // Layout Editor State\n
            layoutSourceImages: [], // { src, originalIndex }\n
            layoutPreviewImage: null,\n
            layoutType: null,\n
\n
            // Cropping State\n
            cvLoaded: false,\n
            corners: [{x:0, y:0}, {x:0, y:0}, {x:0, y:0}, {x:0, y:0}],\n
            canvasWidth: 0,\n
            canvasHeight: 0,\n
            imageWidth: 0,\n
            imageHeight: 0,\n
            scaleX: 1,\n
            scaleY: 1,\n
            activeDragIndex: -1,\n
            activeDragEdge: -1,\n
            previousMousePosition: { x: 0, y: 0 },\n
            rotation: 0, // Current rotation in degrees (0, 90, 180, 270)\n
            activeFilter: 'original', // original, bw, magic, gray\n
            editorSourceCanvas: null, // Store rotated source for preview\n
\n
            init() {\n
                // Initialize PDF.js worker\n
                if (typeof pdfjsLib !== 'undefined') {\n
                    pdfjsLib.GlobalWorkerOptions.workerSrc = 'https://cdnjs.cloudflare.com/ajax/libs/pdf.js/3.11.174/pdf.worker.min.js';\n
                }\n
\n
                // Fix Race Condition: Check if OpenCV is already loaded\n
                if (typeof cv !== 'undefined' && cv.Mat) {\n
                    this.cvLoaded = true;\n
                    console.log('OpenCV Already Loaded');\n
                }\n
\n
                document.addEventListener('opencv-loaded', () => {\n
                    this.cvLoaded = true;\n
                    console.log('OpenCV Loaded');\n
                });\n
\n
                // Mouse/Touch Move Handlers for Cropping\n
                window.addEventListener('mousemove', (e) => this.onDrag(e));\n
                window.addEventListener('mouseup', () => this.stopDrag());\n
                window.addEventListener('touchmove', (e) => this.onDrag(e), {passive: false});\n
                window.addEventListener('touchend', () => this.stopDrag());\n
\n
                // Watch activeFilter for live preview\n
                this.$watch('activeFilter', () => {\n
                     if (this.view === 'crop') {\n
                         this.renderEditorCanvas();\n
                     }\n
                });\n
            },\n
\n
            getHeaderTitle() {\n
                if(this.view === 'camera') return this.scanMode === 'id_card' ? 'สแกนบัตรประชาชน (Scan ID Card)' : 'สแกนเอกสารทั่วไป (Scan Document)';\n
                if(this.view === 'review') return 'ตรวจสอบเอกสาร';\n
                if(this.view === 'crop') return 'ปรับมุมเอกสาร';\n
                return 'Document Scanner';\n
            },\n
\n
            setMode(mode) {\n
                // Simplified Mode Switching - No data loss\n
                this.scanMode = mode;\n
            },\n
\n
            async openScanner(detail) {\n
                console.log('Opening Scanner. Files:', detail.files ? detail.files.length : 0, 'URL:', detail.initialUrl);\n
                this.targetInputId = detail.inputId;\n
                this.targetPreviewId = detail.previewId || null;\n
                this.isOpen = true;\n
                this.capturedImages = [];\n
                this.view = 'camera';\n
                this.scanMode = 'document'; // Default\n
\n
                // Handle Edit Mode (Initial File or Files Object)\n
                if (detail.files && detail.files.length > 0) {\n
                     console.log('Importing files directly');\n
                     await this.handleImport({ target: { files: detail.files, value: '' } }, true); // Pass true to indicate direct file loading\n
                } else if (detail.initialUrl) {\n
                    await this.loadInitialFile(detail.initialUrl);\n
                }\n
\n
                const fileCount = detail.files ? detail.files.length : 0;\n
                const hasFiles = fileCount > 0;\n
                const hasInitialContent = !!detail.initialUrl || hasFiles;\n
                console.log('Debug Calc:', { url: detail.initialUrl, fileCount, hasFiles, hasInitialContent });\n
\n
                if(!this.cvLoaded) {\n
                     this.isLoading = true;\n
                     this.loadingMessage = 'กำลังโหลดระบบประมวลผลภาพ...';\n
                     // Check regularly if loaded\n
                     let checkInterval = setInterval(() => {\n
                         if(typeof cv !== 'undefined') {\n
                             this.cvLoaded = true;\n
                             this.isLoading = false;\n
                             clearInterval(checkInterval);\n
                             console.log('Interval check. hasInitialContent:', hasInitialContent);\n
                             if (!hasInitialContent) this.startCamera();\n
                         }\n
                     }, 500);\n
\n
                     // Fallback timeout\n
                     setTimeout(() => {\n
                         if(!this.cvLoaded && this.isLoading) {\n
                             this.isLoading = false;\n
                             alert('Cannot load Image Processing Engine (OpenCV). Basic features only.');\n
                             if (!hasInitialContent) this.startCamera();\n
                         }\n
                     }, 10000);\n
                } else {\n
                    if (!hasInitialContent) this.startCamera();\n
                }\n
            },\n
\n
            async loadInitialFile(url) {\n
                this.isLoading = true;\n
                this.loadingMessage = 'Loading file...';\n
                try {\n
                    const response = await fetch(url);\n
                    const blob = await response.blob();\n
                    const mimeType = blob.type;\n
                    const filename = url.split('/').pop() || 'file';\n
                    const file = new File([blob], filename, { type: mimeType });\n
\n
                    if (mimeType.startsWith('image/')) {\n
                        await this.processImageFile(file);\n
                    } else if (mimeType === 'application/pdf') {\n
                        await this.processPdfFile(file);\n
                    } else {\n
                         // Try image as fallback if mime is generic binary\n
                         await this.processImageFile(file);\n
                    }\n
                    this.view = 'review';\n
                } catch (e) {\n
                    console.error("Load Initial File Error", e);\n
                    alert("Cannot load file for editing: " + e.message);\n
                } finally {\n
                    this.isLoading = false;\n
                }\n
            },\n
\n
            closeScanner() {\n
                this.stopCamera();\n
                this.isOpen = false;\n
            },\n
\n
            async handleImport(event, directLoad = false) {\n
                const files = event.target.files;\n
                if (!files || files.length === 0) return;\n
\n
                this.isLoading = true;\n
                this.loadingMessage = 'กำลังนำเข้าไฟล์...';\n
\n
                try {\n
                    for (let i = 0; i < files.length; i++) {\n
                        const file = files[i];\n
\n
                        if (file.type.startsWith('image/')) {\n
                            await this.processImageFile(file);\n
                        } else if (file.type === 'application/pdf') {\n
                            await this.processPdfFile(file);\n
                        }\n
                    }\n
\n
                    this.stopCamera();\n
                    this.view = 'review';\n
\n
                    // Reset input only if event came from actual input\n
                    if (!directLoad && event.target) {\n
                        event.target.value = '';\n
                    }\n
                } catch (err) {\n
                    console.error("Import Error:", err);\n
                    alert("เกิดข้อผิดพลาดในการนำเข้าไฟล์: " + err.message);\n
                } finally {\n
                    this.isLoading = false;\n
                }\n
            },\n
\n
            async processImageFile(file) {\n
                return new Promise((resolve, reject) => {\n
                    const reader = new FileReader();\n
                    reader.onload = async (e) => {\n
                        const dataUrl = e.target.result;\n
                        const img = await this.loadImage(dataUrl);\n
\n
                        this.capturedImages.push({\n
                            id: Date.now() + Math.random(),\n
                            original: dataUrl,\n
                            cropped: dataUrl,\n
                            corners: this.getDefaultCorners(img.width, img.height),\n
                            isFound: false\n
                        });\n
                        resolve();\n
                    };\n
                    reader.onerror = reject;\n
                    reader.readAsDataURL(file);\n
                });\n
            },\n
\n
            async processPdfFile(file) {\n
                if (typeof pdfjsLib === 'undefined') {\n
                    throw new Error('ระบบยังไม่พร้อมสำหรับการนำเข้า PDF กรุณารอสักครู่หรือรีเฟรชหน้าเว็บ');\n
                }\n
\n
                const arrayBuffer = await file.arrayBuffer();\n
                const loadingTask = pdfjsLib.getDocument({ data: arrayBuffer });\n
                const pdf = await loadingTask.promise;\n
\n
                for (let pageNum = 1; pageNum <= pdf.numPages; pageNum++) {\n
                    this.loadingMessage = `กำลังแปลง PDF หน้าที่ ${pageNum}/${pdf.numPages}...`;\n
\n
                    const page = await pdf.getPage(pageNum);\n
                    const viewport = page.getViewport({ scale: 2.0 }); // High quality\n
\n
                    const canvas = document.createElement('canvas');\n
                    const context = canvas.getContext('2d');\n
                    canvas.height = viewport.height;\n
                    canvas.width = viewport.width;\n
\n
                    await page.render({ canvasContext: context, viewport: viewport }).promise;\n
\n
                    const dataUrl = canvas.toDataURL('image/jpeg', 0.9);\n
\n
                    this.capturedImages.push({\n
                        id: Date.now() + Math.random(),\n
                        original: dataUrl,\n
                        cropped: dataUrl,\n
                        corners: this.getDefaultCorners(canvas.width, canvas.height),\n
                        isFound: false\n
                    });\n
                }\n
            },\n
\n
            async startCamera() {\n
                try {\n
                    this.stream = await navigator.mediaDevices.getUserMedia({\n
                        video: {\n
                            facingMode: 'environment',\n
                            width: { ideal: 1920 },\n
                            height: { ideal: 1080 }\n
                        },\n
                        audio: false\n
                    });\n
                    this.$refs.video.srcObject = this.stream;\n
                } catch (err) {\n
                    console.error("Camera Error:", err);\n
                    alert("Cannot access camera: " + err.message);\n
                }\n
            },\n
\n
            stopCamera() {\n
                if (this.stream) {\n
                    this.stream.getTracks().forEach(track => track.stop());\n
                    this.stream = null;\n
                }\n
            },\n
\n
            canFinish() {\n
                if (this.capturedImages.length === 0) return false;\n
                if (this.scanMode === 'id_card' && this.capturedImages.length < 2) return false;\n
                return true;\n
            },\n
\n
            // --- SMART CAPTURE LOGIC ---\n
\n
            captureImage() {\n
                if (this.isProcessing) return;\n
                // Removed ID Card Limit Check to allow flexible scanning\n
\n
                this.isProcessing = true;\n
                this.flash = true;\n
                setTimeout(() => this.flash = false, 150);\n
\n
                const video = this.$refs.video;\n
                const canvas = document.createElement('canvas');\n
                canvas.width = video.videoWidth;\n
                canvas.height = video.videoHeight;\n
                const ctx = canvas.getContext('2d');\n
                ctx.drawImage(video, 0, 0);\n
\n
                const originalDataUrl = canvas.toDataURL('image/jpeg', 0.9);\n
\n
                // PROCESS IMAGE\n
                try {\n
                    if (typeof cv !== 'undefined') {\n
                        // 1. Detect Edges (SMARTER)\n
                        const imgData = ctx.getImageData(0, 0, canvas.width, canvas.height);\n
                        const src = cv.matFromImageData(imgData);\n
                        const { corners, found } = this.detectDocument(src);\n
\n
                        // 2. Warp (Crop)\n
                        const croppedDataUrl = this.performWarp(src, corners, canvas.width, canvas.height);\n
\n
                        // 3. Store\n
                        this.capturedImages.push({\n
                            id: Date.now(),\n
                            original: originalDataUrl,\n
                            cropped: croppedDataUrl,\n
                            corners: corners, // Store scaled to original image\n
                            isFound: found\n
                        });\n
\n
                        src.delete();\n
                    } else {\n
                        // Fallback\n
                        this.capturedImages.push({\n
                            id: Date.now(),\n
                            original: originalDataUrl,\n
                            cropped: originalDataUrl,\n
                            corners: this.getDefaultCorners(canvas.width, canvas.height),\n
                            isFound: false\n
                        });\n
                    }\n
\n
                    // Auto-advance for ID card\n
                    if(this.scanMode === 'id_card' && this.capturedImages.length === 2) {\n
                        setTimeout(() => {\n
                            this.finishCapture();\n
                        }, 500);\n
                    }\n
\n
                } catch (e) {\n
                    console.error("Capture Processing Error:", e);\n
                    // Fallback on error\n
                    this.capturedImages.push({\n
                        id: Date.now(),\n
                        original: originalDataUrl,\n
                        cropped: originalDataUrl,\n
                        corners: this.getDefaultCorners(canvas.width, canvas.height),\n
                        isFound: false\n
                    });\n
                } finally {\n
                    this.isProcessing = false;\n
                }\n
            },\n
\n
            detectDocument(src) {\n
                const width = src.cols;\n
                const height = src.rows;\n
                let bestCorners = [];\n
                let isFound = false;\n
\n
                // Declare Mats outside for cleanup\n
                let processingSrc = null;\n
                let gray = null;\n
                let blurred = null;\n
                let edges = null;\n
                let dilated = null;\n
                let kernel = null;\n
                let contours = null;\n
                let hierarchy = null;\n
                let approx = null;\n
\n
                try {\n
                    // 1. Preprocessing (Resize for speed & noise reduction)\n
                    processingSrc = src; // Default alias\n
                    let scale = 1;\n
                    const maxDim = 800;\n
\n
                    if (Math.max(width, height) > maxDim) {\n
                        scale = maxDim / Math.max(width, height);\n
                        processingSrc = new cv.Mat();\n
                        cv.resize(src, processingSrc, new cv.Size(0, 0), scale, scale, cv.INTER_AREA);\n
                    }\n
\n
                    const pWidth = processingSrc.cols;\n
                    const pHeight = processingSrc.rows;\n
\n
                    gray = new cv.Mat();\n
                    cv.cvtColor(processingSrc, gray, cv.COLOR_RGBA2GRAY, 0);\n
\n
                    // 2. Denoise (Gaussian Blur)\n
                    blurred = new cv.Mat();\n
                    cv.GaussianBlur(gray, blurred, new cv.Size(5, 5), 0, 0, cv.BORDER_DEFAULT);\n
\n
                    // 3. Edge Detection (Canny is generally more structural than simple thresholding)\n
                    edges = new cv.Mat();\n
                    // Thresholds: Lower 75, Upper 200 is a standard starting point\n
                    cv.Canny(blurred, edges, 75, 200);\n
\n
                    // 4. Dilate to connect broken edges\n
                    kernel = cv.Mat.ones(3, 3, cv.CV_8U);\n
                    dilated = new cv.Mat();\n
                    cv.dilate(edges, dilated, kernel);\n
\n
                    // 5. Find Contours\n
                    contours = new cv.MatVector();\n
                    hierarchy = new cv.Mat();\n
                    cv.findContours(dilated, contours, hierarchy, cv.RETR_EXTERNAL, cv.CHAIN_APPROX_SIMPLE);\n
\n
                    // 6. Find Best Quadrilateral\n
                    let maxArea = 0;\n
                    let bestCandidate = null;\n
                    const minArea = pWidth * pHeight * 0.10; // Must be at least 10%\n
\n
                    for (let i = 0; i < contours.size(); ++i) {\n
                        const cnt = contours.get(i);\n
                        const area = cv.contourArea(cnt);\n
\n
                        if (area < minArea) continue;\n
\n
                        let peri = cv.arcLength(cnt, true);\n
                        approx = new cv.Mat();\n
                        cv.approxPolyDP(cnt, approx, 0.02 * peri, true);\n
\n
                        // Looking for 4 corners and convexity\n
                        if (approx.rows === 4 && cv.isContourConvex(approx)) {\n
                            if (area > maxArea) {\n
                                maxArea = area;\n
                                bestCandidate = [];\n
                                for(let j=0; j<4; j++) {\n
                                    bestCandidate.push({\n
                                        x: approx.data32S[j*2] / scale,\n
                                        y: approx.data32S[j*2+1] / scale\n
                                    });\n
                                }\n
                            }\n
                        }\n
\n
                        approx.delete();\n
                        approx = null;\n
                    }\n
\n
                    if (bestCandidate) {\n
                        bestCorners = this.sortPoints(bestCandidate);\n
                        isFound = true;\n
                    } else {\n
                        bestCorners = this.getDefaultCorners(width, height);\n
                        isFound = false;\n
                    }\n
\n
                } catch(e) {\n
                    console.error("Detection Logic Error:", e);\n
                    bestCorners = this.getDefaultCorners(width, height);\n
                    isFound = false;\n
                } finally {\n
                    if (approx) approx.delete();\n
                    if (processingSrc && processingSrc !== src) processingSrc.delete();\n
                    if (gray) gray.delete();\n
                    if (blurred) blurred.delete();\n
                    if (edges) edges.delete();\n
                    if (dilated) dilated.delete();\n
                    if (kernel) kernel.delete();\n
                    if (contours) contours.delete();\n
                    if (hierarchy) hierarchy.delete();\n
                }\n
\n
                return { corners: bestCorners, found: isFound };\n
            },\n
\n
            performWarp(src, corners, width, height, filterType = 'original') {\n
                let srcTri = null;\n
                let dstTri = null;\n
                let M = null;\n
                let dst = null;\n
                let finalDst = null;\n
\n
                try {\n
                     // Validate Corners for OpenCV\n
                     const safeCorners = [\n
                        Number(corners[0]?.x) || 0, Number(corners[0]?.y) || 0,\n
                        Number(corners[1]?.x) || 0, Number(corners[1]?.y) || 0,\n
                        Number(corners[2]?.x) || 0, Number(corners[2]?.y) || 0,\n
                        Number(corners[3]?.x) || 0, Number(corners[3]?.y) || 0\n
                     ];\n
\n
                     // Convert corners array to flat array for OpenCV\n
                     srcTri = cv.matFromArray(4, 1, cv.CV_32FC2, safeCorners);\n
\n
                    // Calculate dimensions of the new cropped image\n
                    const wTop = Math.hypot(corners[1].x - corners[0].x, corners[1].y - corners[0].y);\n
                    const wBot = Math.hypot(corners[2].x - corners[3].x, corners[2].y - corners[3].y);\n
                    const hLeft = Math.hypot(corners[3].x - corners[0].x, corners[3].y - corners[0].y);\n
                    const hRight = Math.hypot(corners[2].x - corners[1].x, corners[2].y - corners[1].y);\n
\n
                    let maxWidth = Math.round(Math.max(wTop, wBot));\n
                    let maxHeight = Math.round(Math.max(hLeft, hRight));\n
\n
                    // Validation: Ensure valid dimensions to prevent WASM table index errors\n
                    if (maxWidth < 1) maxWidth = 1;\n
                    if (maxHeight < 1) maxHeight = 1;\n
\n
                    dstTri = cv.matFromArray(4, 1, cv.CV_32FC2, [\n
                        0, 0,\n
                        maxWidth, 0,\n
                        maxWidth, maxHeight,\n
                        0, maxHeight\n
                    ]);\n
\n
                    M = cv.getPerspectiveTransform(srcTri, dstTri);\n
                    dst = new cv.Mat();\n
                    cv.warpPerspective(src, dst, M, new cv.Size(maxWidth, maxHeight), cv.INTER_LINEAR, cv.BORDER_CONSTANT, new cv.Scalar(0, 0, 0, 0));\n
\n
                    // Apply Filter\n
                    if (filterType && filterType !== 'original') {\n
                        finalDst = this.applyFilter(dst, filterType);\n
                    } else {\n
                        finalDst = dst;\n
                    }\n
\n
                    // Draw to temp canvas\n
                    const tempCanvas = document.createElement('canvas');\n
                    tempCanvas.width = maxWidth;\n
                    tempCanvas.height = maxHeight;\n
                    cv.imshow(tempCanvas, finalDst);\n
                    return tempCanvas.toDataURL('image/jpeg', 0.95);\n
\n
                } catch (e) {\n
                    console.error("Warp Error:", e);\n
                    throw e;\n
                } finally {\n
                    if (finalDst && finalDst !== dst) finalDst.delete();\n
                    if (srcTri) srcTri.delete();\n
                    if (dstTri) dstTri.delete();\n
                    if (M) M.delete();\n
                    if (dst) dst.delete();\n
                }\n
            },\n
\n
            getDefaultCorners(w, h) {\n
                // Default to FULL IMAGE (0,0 to w,h)\n
                // This ensures that if detection fails, we don't crop out important edges.\n
                return [\n
                    {x: 0, y: 0},\n
                    {x: w, y: 0},\n
                    {x: w, y: h},\n
                    {x: 0, y: h}\n
                ];\n
            },\n
\n
            finishCapture() {\n
                this.stopCamera();\n
                this.view = 'review';\n
            },\n
\n
            removeImage(index) {\n
                // Update selection indices before removing\n
                // If removed index is selected, deselect it\n
                // If removed index < selected index, shift selected index down\n
                this.selectedIndices = this.selectedIndices.filter(i => i !== index).map(i => i > index ? i - 1 : i);\n
\n
                this.capturedImages.splice(index, 1);\n
                if(this.capturedImages.length === 0) {\n
                    this.view = 'camera';\n
                    this.startCamera();\n
                }\n
            },\n
\n
            toggleSelection(index) {\n
                if (this.selectedIndices.includes(index)) {\n
                    this.selectedIndices = this.selectedIndices.filter(i => i !== index);\n
                } else {\n
                    this.selectedIndices.push(index);\n
                }\n
            },\n
\n
            // --- SORTING LOGIC ---\n
            startSorting() {\n
                this.isSorting = true;\n
                this.sortOrder = [];\n
                this.selectedIndices = []; // Clear layout selection to avoid confusion\n
            },\n
\n
            cancelSorting() {\n
                this.isSorting = false;\n
                this.sortOrder = [];\n
            },\n
\n
            resetSorting() {\n
                this.sortOrder = [];\n
            },\n
\n
            handleImageClick(index, id) {\n
                if (this.isSorting) {\n
                    this.toggleSort(id);\n
                } else {\n
                    this.toggleSelection(index);\n
                }\n
            },\n
\n
            toggleSort(id) {\n
                const idx = this.sortOrder.indexOf(id);\n
                if (idx === -1) {\n
                    // Add to end\n
                    this.sortOrder.push(id);\n
                } else {\n
                    // Only allow removing if it's the LAST item\n
                    if (idx === this.sortOrder.length - 1) {\n
                        this.sortOrder.pop();\n
                    } else {\n
                        // Optional: Feedback that you can't remove middle items\n
                        // alert("Can only undo the last selection");\n
                    }\n
                }\n
            },\n
\n
            getSortIndex(id) {\n
                const idx = this.sortOrder.indexOf(id);\n
                return idx !== -1 ? idx + 1 : '';\n
            },\n
\n
            applySorting() {\n
                if (this.sortOrder.length === 0) {\n
                    this.cancelSorting();\n
                    return;\n
                }\n
\n
                // Create new array based on sortOrder\n
                const newImages = [];\n
\n
                // 1. Add sorted items\n
                this.sortOrder.forEach(id => {\n
                    const img = this.capturedImages.find(i => i.id === id);\n
                    if (img) newImages.push(img);\n
                });\n
\n
                // 2. Append remaining items (that weren't selected)\n
                this.capturedImages.forEach(img => {\n
                    if (!this.sortOrder.includes(img.id)) {\n
                        newImages.push(img);\n
                    }\n
                });\n
\n
                this.capturedImages = newImages;\n
                this.cancelSorting();\n
            },\n
\n
            async generateLayout(type) {\n
                this.isLoading = true;\n
                this.loadingMessage = 'Preparing Layout...';\n
\n
                try {\n
                    // 1. Prepare Source Images\n
                    this.layoutSourceImages = [];\n
                    for(const idx of this.selectedIndices) {\n
                        // We store the data URL directly in layoutSourceImages\n
                        this.layoutSourceImages.push({\n
                            src: this.capturedImages[idx].cropped,\n
                            originalIndex: idx\n
                        });\n
                    }\n
                    this.layoutType = type;\n
\n
                    // 2. Decide Flow\n
                    // If multiple images, go to Layout Editor to allow swapping\n
                    // If single image, we can arguably skip editor, but maybe user wants to see the preview (e.g. passport placement)?\n
                    // Let's ALWAYS show editor for consistency, or at least for complex ones.\n
                    // User request: "User must be able to move... in case they want to swap".\n
                    // This implies >1 image.\n
\n
                    if (this.layoutSourceImages.length > 1) {\n
                         this.view = 'layout_editor';\n
                         this.updateLayoutPreview();\n
                    } else {\n
                        // Direct Save for single image (faster workflow)\n
                         const img = await this.loadImage(this.layoutSourceImages[0].src);\n
                         const layoutDataUrl = this.renderLayoutToCanvas(type, [img]);\n
                         this.saveLayoutResult(layoutDataUrl);\n
                    }\n
\n
                } catch(e) {\n
                    console.error("Layout Error", e);\n
                    alert("Error generating layout: " + e.message);\n
                } finally {\n
                    this.isLoading = false;\n
                }\n
            },\n
\n
            async updateLayoutPreview() {\n
                // Convert source objects to Image elements\n
                const imgs = [];\n
                for(const item of this.layoutSourceImages) {\n
                    const i = await this.loadImage(item.src);\n
                    imgs.push(i);\n
                }\n
\n
                this.layoutPreviewImage = this.renderLayoutToCanvas(this.layoutType, imgs);\n
            },\n
\n
            moveLayoutItem(index, direction) {\n
                const newIndex = index + direction;\n
                if (newIndex < 0 || newIndex >= this.layoutSourceImages.length) return;\n
\n
                // Swap\n
                const temp = this.layoutSourceImages[index];\n
                this.layoutSourceImages[index] = this.layoutSourceImages[newIndex];\n
                this.layoutSourceImages[newIndex] = temp;\n
\n
                this.updateLayoutPreview();\n
            },\n
\n
            cancelLayout() {\n
                this.view = 'review';\n
                this.layoutSourceImages = [];\n
                this.layoutPreviewImage = null;\n
            },\n
\n
            confirmLayout() {\n
                if (this.layoutPreviewImage) {\n
                    this.saveLayoutResult(this.layoutPreviewImage);\n
                    this.cancelLayout(); // Back to review\n
                }\n
            },\n
\n
            saveLayoutResult(dataUrl) {\n
                this.capturedImages.push({\n
                    id: Date.now(),\n
                    original: dataUrl,\n
                    cropped: dataUrl,\n
                    corners: this.getDefaultCorners(1240, 1754),\n
                    isFound: true\n
                });\n
                // Optional: Scroll to bottom\n
            },\n
\n
            renderLayoutToCanvas(type, images) {\n
                const a4w = 1240;\n
                const a4h = 1754;\n
                const canvas = document.createElement('canvas');\n
                canvas.width = a4w;\n
                canvas.height = a4h;\n
                const ctx = canvas.getContext('2d');\n
\n
                // Fill White Background\n
                ctx.fillStyle = '#ffffff';\n
                ctx.fillRect(0, 0, a4w, a4h);\n
\n
                const margin = 40;\n
\n
                // Helper to draw image fitting within a box\n
                const drawFit = (img, x, y, w, h) => {\n
                    const scale = Math.min(w / img.width, h / img.height);\n
                    const drawW = img.width * scale;\n
                    const drawH = img.height * scale;\n
                    const drawX = x + (w - drawW) / 2;\n
                    const drawY = y + (h - drawH) / 2;\n
                    ctx.drawImage(img, drawX, drawY, drawW, drawH);\n
                };\n
\n
                if (type === 'full') {\n
                    // 1 Image Full Page (with margin)\n
                    if(images[0]) drawFit(images[0], margin, margin, a4w - 2*margin, a4h - 2*margin);\n
                }\n
                else if (type === '70') {\n
                    // 1 Image 70% Scale (Relative to A4 width)\n
                    if(images[0]) {\n
                        const targetW = a4w * 0.7;\n
                        const targetH = a4h * 0.7; // Bound by 70% height too?\n
                        // "70% of page" usually means 70% size.\n
                        drawFit(images[0], (a4w - targetW)/2, (a4h - targetH)/2, targetW, targetH);\n
                    }\n
                }\n
                else if (type === 'passport') {\n
                    // Passport (Spread/Open ID-3): 176mm x 125mm @ 150DPI\n
                    // W: (176 / 25.4) * 150 = 1039 px\n
                    // H: (125 / 25.4) * 150 = 738 px\n
                    const pw = 1039;\n
                    const ph = 738;\n
                    // Center it\n
                    if(images[0]) drawFit(images[0], (a4w - pw)/2, (a4h - ph)/2, pw, ph);\n
                }\n
                else if (type === 'card') {\n
                    // Credit Card (ID-1): 85.6mm x 54mm @ 150DPI\n
                    // W: (85.6 / 25.4) * 150 = 506 px -> +15% = 582 px\n
                    // H: (54 / 25.4) * 150 = 319 px -> +15% = 367 px\n
                    const cw = 582;\n
                    const ch = 367;\n
                    if(images[0]) drawFit(images[0], (a4w - cw)/2, (a4h - ch)/2, cw, ch);\n
                }\n
                else if (type === 'half_v') {\n
                    // Top / Bottom\n
                    const hHalf = a4h / 2;\n
                    if(images[0]) drawFit(images[0], margin, margin, a4w - 2*margin, hHalf - 2*margin);\n
                    if(images[1]) drawFit(images[1], margin, hHalf + margin, a4w - 2*margin, hHalf - 2*margin);\n
\n
                    // Divider Line (Optional - Visual Aid)\n
                    ctx.beginPath();\n
                    ctx.moveTo(0, hHalf);\n
                    ctx.lineTo(a4w, hHalf);\n
                    ctx.strokeStyle = '#e5e7eb';\n
                    ctx.lineWidth = 2;\n
                    // ctx.stroke(); // Maybe don't draw lines on the document itself\n
                }\n
                else if (type === 'half_h') {\n
                    // Left / Right\n
                    const wHalf = a4w / 2;\n
                    if(images[0]) drawFit(images[0], margin, margin, wHalf - 2*margin, a4h - 2*margin);\n
                    if(images[1]) drawFit(images[1], wHalf + margin, margin, wHalf - 2*margin, a4h - 2*margin);\n
                }\n
                else if (type === 'id_card_pair') {\n
                    // Specific ID Card Layout (Center Top / Center Bottom)\n
                    // Standard ID-1 Size: 506 x 319 px -> +15% = 582 x 367 px\n
                    const cardW = 582;\n
                    const cardH = 367;\n
\n
                    const topY = a4h/4 - cardH/2;\n
                    const botY = a4h*3/4 - cardH/2;\n
\n
                    if(images[0]) drawFit(images[0], (a4w - cardW)/2, topY, cardW, cardH);\n
                    if(images[1]) drawFit(images[1], (a4w - cardW)/2, botY, cardW, cardH);\n
                }\n
                else if (type === 'grid') {\n
                    // 2x2 Grid for 3 or 4 images\n
                    // 3 images -> 2 top, 1 bottom center? Or 3 vertical?\n
                    // "3 รูปต่อ 1 หน้า"\n
                    // Common: Top-Left, Top-Right, Bottom-Left, (Bottom-Right)\n
                    const wHalf = a4w / 2;\n
                    const hHalf = a4h / 2;\n
\n
                    // Grid 1 (TL)\n
                    if(images[0]) drawFit(images[0], margin, margin, wHalf - 2*margin, hHalf - 2*margin);\n
                    // Grid 2 (TR)\n
                    if(images[1]) drawFit(images[1], wHalf + margin, margin, wHalf - 2*margin, hHalf - 2*margin);\n
                    // Grid 3 (BL)\n
                    if(images[2]) drawFit(images[2], margin, hHalf + margin, wHalf - 2*margin, hHalf - 2*margin);\n
                    // Grid 4 (BR)\n
                    if(images[3]) drawFit(images[3], wHalf + margin, hHalf + margin, wHalf - 2*margin, hHalf - 2*margin);\n
                }\n
\n
                return canvas.toDataURL('image/jpeg', 0.9);\n
            },\n
\n
            // --- EDIT / CROP LOGIC ---\n
\n
            startEdit(index) {\n
                this.currentEditIndex = index;\n
                this.view = 'crop';\n
                this.rotation = 0; // Reset rotation\n
                this.activeFilter = 'original'; // Reset filter\n
                const item = this.capturedImages[index];\n
\n
                this.$nextTick(() => {\n
                    this.loadImageForCrop(item.original, item.corners);\n
                });\n
            },\n
\n
            rotateImage(degrees) {\n
                // 1. Get current normalized corners before rotation\n
                const oldW = this.canvasWidth;\n
                const oldH = this.canvasHeight;\n
                const normCorners = this.corners.map(c => ({\n
                    u: c.x / oldW,\n
                    v: c.y / oldH\n
                }));\n
\n
                // 2. Update Rotation\n
                this.rotation = (this.rotation + degrees) % 360;\n
                if(this.rotation < 0) this.rotation += 360;\n
\n
                // 3. Transform Normalized Corners\n
                // 90 deg CW: (u, v) -> (1-v, u)\n
                // -90 deg CCW: (u, v) -> (v, 1-u)\n
                let newNormCorners = [];\n
                if (degrees === 90) {\n
                    newNormCorners = normCorners.map(c => ({ u: 1 - c.v, v: c.u }));\n
                    // FIX: Shift array to maintain TL, TR, BR, BL order\n
                    // Old TL (0) -> New TR. We need New TL to be at index 0.\n
                    // The point that became New TL is Old BL (3).\n
                    // So we move last element to first.\n
                    if (newNormCorners.length === 4) newNormCorners.unshift(newNormCorners.pop());\n
                } else if (degrees === -90) {\n
                    newNormCorners = normCorners.map(c => ({ u: c.v, v: 1 - c.u }));\n
                    // FIX: Shift array to maintain TL, TR, BR, BL order\n
                    // Old TL (0) -> New BL. We need New TL to be at index 0.\n
                    // The point that became New TL is Old TR (1).\n
                    // So we move first element to last.\n
                    if (newNormCorners.length === 4) newNormCorners.push(newNormCorners.shift());\n
                } else {\n
                    newNormCorners = normCorners;\n
                }\n
\n
                // Re-render\n
                const item = this.capturedImages[this.currentEditIndex];\n
                this.loadImageForCrop(item.original, newNormCorners, false, true);\n
            },\n
\n
            loadImageForCrop(src, savedCorners, forceFull = false, isNormalized = false) {\n
                const img = new Image();\n
                img.onload = () => {\n
                    // Handle Rotation Logic (Virtual Canvas)\n
                    // If rotation is not 0, we must draw the image rotated onto a temporary canvas\n
                    // and use that as our source "imageWidth/Height"\n
\n
                    let srcWidth = img.width;\n
                    let srcHeight = img.height;\n
\n
                    // Create an intermediate canvas for rotation if needed\n
                    const rotCanvas = document.createElement('canvas');\n
                    const rotCtx = rotCanvas.getContext('2d');\n
\n
                    if (this.rotation % 180 !== 0) {\n
                        rotCanvas.width = srcHeight;\n
                        rotCanvas.height = srcWidth;\n
                    } else {\n
                        rotCanvas.width = srcWidth;\n
                        rotCanvas.height = srcHeight;\n
                    }\n
\n
                    rotCtx.translate(rotCanvas.width/2, rotCanvas.height/2);\n
                    rotCtx.rotate(this.rotation * Math.PI / 180);\n
                    rotCtx.drawImage(img, -srcWidth/2, -srcHeight/2);\n
\n
                    // Now use rotCanvas as the source\n
                    this.imageWidth = rotCanvas.width;\n
                    this.imageHeight = rotCanvas.height;\n
\n
                    // SAVE THIS for preview updates\n
                    this.editorSourceCanvas = rotCanvas;\n
\n
                    const canvas = this.$refs.cropCanvas;\n
                    const container = this.$refs.cropContainer;\n
\n
                    // Simple fit logic\n
                    const scale = Math.min(container.clientWidth / this.imageWidth, container.clientHeight / this.imageHeight) * 0.9;\n
\n
                    this.canvasWidth = Math.max(1, Math.floor(this.imageWidth * scale));\n
                    this.canvasHeight = Math.max(1, Math.floor(this.imageHeight * scale));\n
\n
                    canvas.width = this.canvasWidth;\n
                    canvas.height = this.canvasHeight;\n
\n
                    // Render with filter check\n
                    this.renderEditorCanvas();\n
\n
                    this.scaleX = this.canvasWidth / this.imageWidth;\n
                    this.scaleY = this.canvasHeight / this.imageHeight;\n
\n
                    if (forceFull) {\n
                        this.resetToFull();\n
                    } else {\n
                        if (isNormalized) {\n
                            // Map normalized (0..1) to New Canvas Dimensions\n
                            this.corners = savedCorners.map(c => ({\n
                                x: c.u * this.canvasWidth,\n
                                y: c.v * this.canvasHeight\n
                            }));\n
                        } else {\n
                            // Map Original Image Coordinates to Canvas\n
                            this.corners = savedCorners.map(c => ({\n
                                x: c.x * this.scaleX,\n
                                y: c.y * this.scaleY\n
                            }));\n
                        }\n
                    }\n
                };\n
                img.src = src;\n
            },\n
\n
            renderEditorCanvas() {\n
                if (!this.editorSourceCanvas || this.canvasWidth < 1 || this.canvasHeight < 1) return;\n
\n
                const canvas = this.$refs.cropCanvas;\n
                const ctx = canvas.getContext('2d', { willReadFrequently: true });\n
\n
                // 1. Draw Original (Scaled) - effectively resetting the view\n
                ctx.drawImage(this.editorSourceCanvas, 0, 0, this.canvasWidth, this.canvasHeight);\n
\n
                // 2. Apply Filter (if not original)\n
                if (this.activeFilter !== 'original' && typeof cv !== 'undefined' && this.cvLoaded) {\n
                    let srcMat = null;\n
                    let dstMat = null;\n
                    try {\n
                        const imgData = ctx.getImageData(0, 0, canvas.width, canvas.height);\n
                        srcMat = cv.matFromImageData(imgData);\n
                        dstMat = this.applyFilter(srcMat, this.activeFilter);\n
                        cv.imshow(canvas, dstMat);\n
                    } catch (e) {\n
                        console.error("Preview Filter Error:", e);\n
                    } finally {\n
                        if (srcMat) srcMat.delete();\n
                        // applyFilter usually returns a NEW Mat, so we must delete it.\n
                        // If it returned srcMat (unlikely per implementation), we shouldn't double delete.\n
                        // But my applyFilter always returns a new Mat 'dst'.\n
                        if (dstMat && dstMat !== srcMat) dstMat.delete();\n
                    }\n
                }\n
            },\n
\n
            resetToFull() {\n
                const w = this.canvasWidth;\n
                const h = this.canvasHeight;\n
                // Full image (no padding)\n
                this.corners = [\n
                    {x: 0, y: 0},\n
                    {x: w, y: 0},\n
                    {x: w, y: h},\n
                    {x: 0, y: h}\n
                ];\n
            },\n
\n
            saveCropEdit() {\n
                if (typeof cv === 'undefined') {\n
                    alert("Image Processing Engine (OpenCV) is not loaded. Cannot save edits.");\n
                    return;\n
                }\n
                const item = this.capturedImages[this.currentEditIndex];\n
\n
                try {\n
                    // Fix: Ensure corners are sorted (TL, TR, BR, BL) to prevent twisting\n
                    this.corners = this.sortPoints(this.corners);\n
\n
                    // VALIDATION: Check Scaling Factors\n
                    if (!Number.isFinite(this.scaleX) || this.scaleX <= 0) this.scaleX = 1;\n
                    if (!Number.isFinite(this.scaleY) || this.scaleY <= 0) this.scaleY = 1;\n
\n
                    const realCorners = this.corners.map(c => ({\n
                        x: Number.isFinite(c.x) ? (c.x / this.scaleX) : 0,\n
                        y: Number.isFinite(c.y) ? (c.y / this.scaleY) : 0\n
                    }));\n
\n
                    const img = new Image();\n
                    img.onload = () => {\n
                        let src = null;\n
                        try {\n
                            // Apply Rotation to Source\n
                            const canvas = document.createElement('canvas');\n
                            // Swap dims if 90/270\n
                            if (this.rotation % 180 !== 0) {\n
                                canvas.width = Math.max(1, img.height);\n
                                canvas.height = Math.max(1, img.width);\n
                            } else {\n
                                canvas.width = Math.max(1, img.width);\n
                                canvas.height = Math.max(1, img.height);\n
                            }\n
\n
                            const ctx = canvas.getContext('2d');\n
                            ctx.translate(canvas.width/2, canvas.height/2);\n
                            ctx.rotate(this.rotation * Math.PI / 180);\n
                            ctx.drawImage(img, -img.width/2, -img.height/2);\n
\n
                            // Read from rotated canvas\n
                            const imgData = ctx.getImageData(0, 0, canvas.width, canvas.height);\n
                            src = cv.matFromImageData(imgData);\n
                            const newCroppedUrl = this.performWarp(src, realCorners, canvas.width, canvas.height, this.activeFilter);\n
\n
                            // Create updated object (Deep Copy)\n
                            const updatedItem = {\n
                                ...this.capturedImages[this.currentEditIndex],\n
                                id: Date.now(), // Force reactivity\n
                                cropped: newCroppedUrl,\n
                                corners: realCorners,\n
                                original: canvas.toDataURL('image/jpeg', 0.9)\n
                            };\n
\n
                            // Update State with Splice to ensure Alpine detects change\n
                            this.capturedImages.splice(this.currentEditIndex, 1, updatedItem);\n
\n
                            // Reset rotation because 'original' is now the rotated image\n
                            this.rotation = 0;\n
                            this.view = 'review';\n
                        } catch (innerError) {\n
                            console.error("Processing Error during Save:", innerError);\n
                            alert("Failed to process image rotation: " + innerError.message);\n
                        } finally {\n
                            if (src) src.delete();\n
                        }\n
                    };\n
                    img.onerror = (err) => {\n
                        console.error("Image Load Error:", err);\n
                        alert("Failed to load source image for processing.");\n
                    };\n
                    img.src = item.original;\n
\n
                } catch(e) {\n
                    console.error("Save Edit Error", e);\n
                    alert("Failed to start save process.");\n
                }\n
            },\n
\n
            cancelCrop() {\n
                this.view = 'review';\n
            },\n
\n
            // --- FILTERS ---\n
\n
            applyFilter(src, type) {\n
                if (!src || src.isDeleted() || src.empty()) return src;\n
                const dst = new cv.Mat();\n
                try {\n
                    if (type === 'original' || type === 'photo') {\n
                        src.copyTo(dst);\n
                    }\n
                    else if (type === 'scan_doc') {\n
                        // Check image size for kernel\n
                        if (src.cols < 105 || src.rows < 105) {\n
                             src.copyTo(dst);\n
                             return dst;\n
                        }\n
\n
                        // Smart Grayscale\n
                        const gray = new cv.Mat();\n
                        const bg = new cv.Mat();\n
                        const blurred = new cv.Mat();\n
                        try {\n
                            cv.cvtColor(src, gray, cv.COLOR_RGBA2GRAY);\n
\n
                            // 1. Estimate Illumination\n
                            cv.GaussianBlur(gray, bg, new cv.Size(101, 101), 0, 0, cv.BORDER_DEFAULT);\n
\n
                            // 2. Division Normalization\n
                            cv.divide(gray, bg, dst, 255);\n
\n
                            // 3. Sharpen\n
                            cv.GaussianBlur(dst, blurred, new cv.Size(5, 5), 0, 0, cv.BORDER_DEFAULT);\n
                            cv.addWeighted(dst, 1.5, blurred, -0.5, 0, dst);\n
                        } finally {\n
                            gray.delete(); bg.delete(); blurred.delete();\n
                        }\n
                    }\n
                    else if (type === 'high_contrast') {\n
                         const rgb = new cv.Mat();\n
                         const lab = new cv.Mat();\n
                         const planes = new cv.MatVector();\n
                         const mergedPlanes = new cv.MatVector();\n
                         const resultRGB = new cv.Mat();\n
                         let l = null, a = null, b = null, clahe = null;\n
\n
                         try {\n
                             cv.cvtColor(src, rgb, cv.COLOR_RGBA2RGB);\n
                             cv.cvtColor(rgb, lab, cv.COLOR_RGB2Lab);\n
                             cv.split(lab, planes);\n
\n
                             l = planes.get(0);\n
                             a = planes.get(1);\n
                             b = planes.get(2);\n
\n
                             // CLAHE Constructor Check\n
                             if (cv.CLAHE) {\n
                                 clahe = new cv.CLAHE(3.0, new cv.Size(8, 8));\n
                                 clahe.apply(l, l);\n
                             } else {\n
                                 // Fallback if CLAHE missing\n
                                 console.warn("CLAHE not available");\n
                             }\n
\n
                             mergedPlanes.push_back(l);\n
                             mergedPlanes.push_back(a);\n
                             mergedPlanes.push_back(b);\n
\n
                             cv.merge(mergedPlanes, lab);\n
                             cv.cvtColor(lab, resultRGB, cv.COLOR_Lab2RGB);\n
                             cv.cvtColor(resultRGB, dst, cv.COLOR_RGB2RGBA);\n
                         } finally {\n
                             if(rgb) rgb.delete();\n
                             if(lab) lab.delete();\n
                             if(planes) planes.delete();\n
                             if(mergedPlanes) mergedPlanes.delete();\n
                             if(l) l.delete();\n
                             if(a) a.delete();\n
                             if(b) b.delete();\n
                             if(clahe) clahe.delete();\n
                             if(resultRGB) resultRGB.delete();\n
                         }\n
                    }\n
                    else if (type === 'gray') {\n
                        cv.cvtColor(src, dst, cv.COLOR_RGBA2GRAY);\n
                    }\n
                    else if (type === 'bw') {\n
                        const gray = new cv.Mat();\n
                        try {\n
                            cv.cvtColor(src, gray, cv.COLOR_RGBA2GRAY);\n
                            cv.adaptiveThreshold(gray, dst, 255, cv.ADAPTIVE_THRESH_GAUSSIAN_C, cv.THRESH_BINARY, 15, 10);\n
                        } finally {\n
                            gray.delete();\n
                        }\n
                    }\n
                    else if (type === 'magic') {\n
                         if (src.cols < 105 || src.rows < 105) {\n
                             src.copyTo(dst);\n
                             return dst;\n
                         }\n
\n
                         const rgb = new cv.Mat();\n
                         const hsv = new cv.Mat();\n
                         const planes = new cv.MatVector();\n
                         const newPlanes = new cv.MatVector();\n
                         const bg = new cv.Mat();\n
                         const blurredV = new cv.Mat();\n
                         const resultRGB = new cv.Mat();\n
                         let h = null, s = null, v = null;\n
\n
                         try {\n
                             cv.cvtColor(src, rgb, cv.COLOR_RGBA2RGB);\n
                             cv.cvtColor(rgb, hsv, cv.COLOR_RGB2HSV);\n
                             cv.split(hsv, planes);\n
\n
                             h = planes.get(0);\n
                             s = planes.get(1);\n
                             v = planes.get(2);\n
\n
                             // 1. Illumination Normalization\n
                             cv.GaussianBlur(v, bg, new cv.Size(101, 101), 0, 0, cv.BORDER_DEFAULT);\n
                             cv.divide(v, bg, v, 255);\n
\n
                             // 2. Sharpening\n
                             cv.GaussianBlur(v, blurredV, new cv.Size(5, 5), 0, 0, cv.BORDER_DEFAULT);\n
                             cv.addWeighted(v, 1.5, blurredV, -0.5, 0, v);\n
\n
                             newPlanes.push_back(h);\n
                             newPlanes.push_back(s);\n
                             newPlanes.push_back(v);\n
\n
                             cv.merge(newPlanes, hsv);\n
                             cv.cvtColor(hsv, resultRGB, cv.COLOR_HSV2RGB);\n
                             cv.cvtColor(resultRGB, dst, cv.COLOR_RGB2RGBA);\n
                         } finally {\n
                             if(rgb) rgb.delete();\n
                             if(hsv) hsv.delete();\n
                             if(planes) planes.delete();\n
                             if(newPlanes) newPlanes.delete();\n
                             if(bg) bg.delete();\n
                             if(blurredV) blurredV.delete();\n
                             if(resultRGB) resultRGB.delete();\n
                             if(h) h.delete();\n
                             if(s) s.delete();\n
                             if(v) v.delete();\n
                         }\n
                    }\n
                    else {\n
                        src.copyTo(dst);\n
                    }\n
                } catch (e) {\n
                    console.error("Filter Error (" + type + "):", e);\n
                    try {\n
                        if (dst && !dst.isDeleted()) {\n
                             src.copyTo(dst); // Fallback to original\n
                        }\n
                    } catch (err) {\n
                        console.error("Fallback failed:", err);\n
                    }\n
                }\n
                return dst;\n
            },\n
\n
            // --- UTILS ---\n
\n
            sortPoints(points) {\n
                // Sort by Y to separate Top/Bottom pairs\n
                points.sort((a,b) => a.y - b.y);\n
\n
                // Top 2 (TL, TR) - Sort by X\n
                const top = points.slice(0, 2).sort((a,b) => a.x - b.x);\n
\n
                // Bottom 2 (BL, BR) - Sort by X (BL is left, BR is right)\n
                // My performWarp expects [TL, TR, BR, BL] based on the destination mapping.\n
                // Dest: [0,0] (TL), [w,0] (TR), [w,h] (BR), [0,h] (BL)\n
                // So index 2 must be BR (largest X in bottom pair), index 3 must be BL (smallest X in bottom pair).\n
\n
                const bottom = points.slice(2, 4).sort((a,b) => a.x - b.x);\n
\n
                // top[0]=TL, top[1]=TR\n
                // bottom[0]=BL, bottom[1]=BR\n
                // Return Order: TL, TR, BR, BL\n
                return [top[0], top[1], bottom[1], bottom[0]];\n
            },\n
\n
            getPolygonPoints() {\n
                return this.corners.map(c => `${c.x},${c.y}`).join(' ');\n
            },\n
\n
            startDrag(type, index, e) {\n
                e.preventDefault();\n
                e.stopPropagation();\n
\n
                const clientX = e.type.includes('touch') ? e.touches[0].clientX : e.clientX;\n
                const clientY = e.type.includes('touch') ? e.touches[0].clientY : e.clientY;\n
\n
                this.previousMousePosition = { x: clientX, y: clientY };\n
\n
                if (type === 'corner') {\n
                    this.activeDragIndex = index;\n
                    this.activeDragEdge = -1;\n
                } else if (type === 'edge') {\n
                    this.activeDragEdge = index;\n
                    this.activeDragIndex = -1;\n
                }\n
            },\n
\n
            onDrag(e) {\n
                if (this.activeDragIndex === -1 && this.activeDragEdge === -1) return;\n
                e.preventDefault();\n
\n
                const clientX = e.type.includes('touch') ? e.touches[0].clientX : e.clientX;\n
                const clientY = e.type.includes('touch') ? e.touches[0].clientY : e.clientY;\n
\n
                // Calculate Delta\n
                const dx = clientX - this.previousMousePosition.x;\n
                const dy = clientY - this.previousMousePosition.y;\n
\n
                // Update prev position for next frame\n
                this.previousMousePosition = { x: clientX, y: clientY };\n
\n
                // Get Canvas Rect to check bounds relative to canvas\n
                const canvasRect = this.$refs.cropCanvas.getBoundingClientRect();\n
\n
                // Helper to move a point with bounds check\n
                const movePoint = (idx, deltaX, deltaY) => {\n
                     let newX = this.corners[idx].x + deltaX;\n
                     let newY = this.corners[idx].y + deltaY;\n
\n
                     // Clamping\n
                     newX = Math.max(0, Math.min(newX, this.canvasWidth));\n
                     newY = Math.max(0, Math.min(newY, this.canvasHeight));\n
\n
                     this.corners[idx] = { x: newX, y: newY };\n
                };\n
\n
                if (this.activeDragIndex !== -1) {\n
                    // Moving a Corner: Absolute position calculation is smoother for corners than delta,\n
                    // but delta is consistent with edge dragging.\n
                    // Let's switch corner dragging to absolute position like before to prevent drift?\n
                    // Actually, "snap to mouse" is better for corners.\n
\n
                    let x = clientX - canvasRect.left;\n
                    let y = clientY - canvasRect.top;\n
                    x = Math.max(0, Math.min(x, this.canvasWidth));\n
                    y = Math.max(0, Math.min(y, this.canvasHeight));\n
                    this.corners[this.activeDragIndex] = {x, y};\n
\n
                } else if (this.activeDragEdge !== -1) {\n
                    // Moving an Edge: Apply delta to both endpoints\n
                    const edgeIdx = this.activeDragEdge;\n
                    // Edge 0: 0-1, Edge 1: 1-2, Edge 2: 2-3, Edge 3: 3-0\n
                    const p1 = edgeIdx;\n
                    const p2 = (edgeIdx + 1) % 4;\n
\n
                    movePoint(p1, dx, dy);\n
                    movePoint(p2, dx, dy);\n
                }\n
            },\n
\n
            stopDrag() {\n
                this.activeDragIndex = -1;\n
                this.activeDragEdge = -1;\n
            },\n
\n
            // --- FINALIZATION ---\n
\n
            async finalizeProcess() {\n
                this.isLoading = true;\n
                this.loadingMessage = 'Generating Output...';\n
\n
                try {\n
                    // 1. Validate Target Input\n
                    if (!this.targetInputId) {\n
                        throw new Error("Target input ID is missing.");\n
                    }\n
                    const input = document.getElementById(this.targetInputId);\n
                    if (!input) {\n
                        throw new Error(`Target input element (#${this.targetInputId}) not found.`);\n
                    }\n
\n
                    const dt = new DataTransfer();\n
\n
                    // Standard Logic: Bundle everything into the input\n
                    // If 1 image -> JPG\n
                    // If > 1 image -> PDF\n
                    // Note: If user created a Layout, it is just another image in the list.\n
                    // The user is expected to delete source images if they only want the layout.\n
\n
                    if (this.capturedImages.length === 1) {\n
                        // Check if we should generate PDF for single image to enforce A4 placement\n
                        // For now, we continue to return JPG for single images unless they are specifically from a layout.\n
                        // However, to ensure "Fit to A4" behavior is consistent, we might want to consider PDF.\n
                        // But sticking to JPG for single image is standard for file inputs.\n
                        const file = await this.urlToFile(this.capturedImages[0].cropped, 'scanned_doc.jpg', 'image/jpeg');\n
                        dt.items.add(file);\n
\n
                    } else if (this.capturedImages.length > 1) {\n
                        // Check if jsPDF is loaded\n
                        if (!window.jspdf) {\n
                            throw new Error("PDF generation library (jsPDF) is not loaded. Please check your internet connection.");\n
                        }\n
\n
                        const { jsPDF } = window.jspdf;\n
                        const doc = new jsPDF(); // A4 Portrait by default\n
\n
                        const pageWidth = doc.internal.pageSize.getWidth();\n
                        const pageHeight = doc.internal.pageSize.getHeight();\n
\n
                        for (let i = 0; i < this.capturedImages.length; i++) {\n
                            const imgData = this.capturedImages[i].cropped;\n
                            if (i > 0) doc.addPage();\n
\n
                            const props = doc.getImageProperties(imgData);\n
\n
                            // "Fit to Page" Logic (Aspect Fit)\n
                            // Calculate scale factors for both dimensions\n
                            const scaleW = pageWidth / props.width;\n
                            const scaleH = pageHeight / props.height;\n
\n
                            // Use the smaller scale to ensure the image fits entirely within the page\n
                            const scale = Math.min(scaleW, scaleH);\n
\n
                            const finalW = props.width * scale;\n
                            const finalH = props.height * scale;\n
\n
                            // Center the image on the page\n
                            const x = (pageWidth - finalW) / 2;\n
                            const y = (pageHeight - finalH) / 2;\n
\n
                            doc.addImage(imgData, 'JPEG', x, y, finalW, finalH);\n
                        }\n
\n
                        const pdfBlob = doc.output('blob');\n
                        const file = new File([pdfBlob], "scanned_document.pdf", { type: "application/pdf" });\n
                        dt.items.add(file);\n
                    }\n
\n
                    // Assign to Input\n
                    // Flag the input so the interceptor knows this change comes from the scanner\n
                    input.dataset.scannerSource = 'true';\n
                    input.files = dt.files;\n
                    input.dispatchEvent(new Event('change', { bubbles: true }));\n
\n
                    // Handle Preview\n
                    if (this.targetPreviewId && dt.files.length > 0) {\n
                         const preview = document.getElementById(this.targetPreviewId);\n
                         if(preview) {\n
                             const reader = new FileReader();\n
                             reader.onload = (e) => preview.src = e.target.result;\n
                             reader.readAsDataURL(dt.files[0]);\n
                         }\n
                    }\n
\n
                    this.closeScanner();\n
\n
                } catch (e) {\n
                    console.error("Finalize Error", e);\n
                    alert("Failed to save documents: " + e.message);\n
                } finally {\n
                    this.isLoading = false;\n
                }\n
            },\n
\n
            loadImage(src) {\n
                return new Promise((resolve, reject) => {\n
                    const img = new Image();\n
                    img.onload = () => resolve(img);\n
                    img.onerror = reject;\n
                    img.src = src;\n
                });\n
            },\n
\n
            async urlToFile(url, filename, mimeType) {\n
                const res = await fetch(url);\n
                const buf = await res.arrayBuffer();\n
                return new File([buf], filename, { type: mimeType });\n
            }\n
        }))\n
    });\n
</script>\n
\n
    <link rel="preload" as="style" href="http://localhost/build/assets/app-123.css" /><link rel="modulepreload" as="script" href="http://localhost/build/assets/app-123.js" /><link rel="modulepreload" as="script" href="http://localhost/build/assets/central-delete-handler-123.js" /><link rel="stylesheet" href="http://localhost/build/assets/app-123.css" /><script type="module" src="http://localhost/build/assets/app-123.js"></script><script type="module" src="http://localhost/build/assets/central-delete-handler-123.js"></script>\n
    <script>\n
    // Global Drag Helper\n
    window.startDragGlobal = function(e, type, data) {\n
        const payload = {\n
            type: type,\n
            title: data.name || data.title || 'Item',\n
            subtitle: data.subtitle || data.code || '',\n
            url: data.url || window.location.href,\n
            source_menu: data.source_menu || document.title, // Default to page title if not provided\n
            ...data\n
        };\n
        e.dataTransfer.effectAllowed = 'copy';\n
        const jsonPayload = JSON.stringify(payload);\n
        e.dataTransfer.setData('application/json', jsonPayload);\n
        e.dataTransfer.setData('text/plain', jsonPayload); // Fallback for broader compatibility\n
    }\n
\n
    // Register PWA Service Worker & Push Subscription\n
    if ('serviceWorker' in navigator) {\n
        window.addEventListener('load', () => {\n
            navigator.serviceWorker.register('/sw.js')\n
                .then(registration => {\n
                    console.log('ServiceWorker registration successful with scope: ', registration.scope);\n
                    initializePushSubscription(registration);\n
                })\n
                .catch(err => {\n
                    console.log('ServiceWorker registration failed: ', err);\n
                });\n
        });\n
    }\n
\n
    // Helper to convert VAPID key\n
    function urlBase64ToUint8Array(base64String) {\n
        const padding = '='.repeat((4 - base64String.length % 4) % 4);\n
        const base64 = (base64String + padding)\n
            .replace(/\-/g, '+')\n
            .replace(/_/g, '/');\n
\n
        const rawData = window.atob(base64);\n
        const outputArray = new Uint8Array(rawData.length);\n
\n
        for (let i = 0; i < rawData.length; ++i) {\n
            outputArray[i] = rawData.charCodeAt(i);\n
        }\n
        return outputArray;\n
    }\n
\n
    function initializePushSubscription(registration) {\n
        // Check if push is supported\n
        if (!('PushManager' in window)) {\n
            console.log('Push messaging isn\'t supported.');\n
            return;\n
        }\n
\n
        // Check permission state\n
        if (Notification.permission === 'denied') {\n
            console.log('The user has blocked notifications.');\n
            return;\n
        }\n
\n
        // We can request permission here, or let the user click a button.\n
        // For PWA experience, we often ask on load or interaction.\n
        // Let's ask on load for now as per requirement "like a modern app".\n
\n
        // Use a dummy VAPID public key if we don't have a real one yet from .env\n
        // In a real scenario, this comes from config.\n
        // I will use a placeholder or check if one is injected.\n
        const vapidPublicKey = 'BCmti7ScwxxVAlB7WAzMMSiwV4-D1_5z509i546e4k7e4k7e4k7e4k7e4k7e4k7e4k7e4k7e4k7e4k7e4k4';\n
\n
        // If key is invalid placeholder, we can't really subscribe securely, but we'll try standard subscribe\n
        // For local testing without VAPID, push might not work fully in all browsers.\n
\n
        // Ideally:\n
        const convertedVapidKey = urlBase64ToUint8Array(vapidPublicKey);\n
\n
        // Check if already subscribed\n
        registration.pushManager.getSubscription()\n
            .then(function(subscription) {\n
                if (subscription) {\n
                    console.log('User is already subscribed:', subscription);\n
                    sendSubscriptionToBackEnd(subscription);\n
                    return subscription;\n
                }\n
\n
                return registration.pushManager.subscribe({\n
                    userVisibleOnly: true,\n
                    applicationServerKey: convertedVapidKey\n
                });\n
            })\n
            .then(function(subscription) {\n
                if (subscription) {\n
                    console.log('User is subscribed:', subscription);\n
                    sendSubscriptionToBackEnd(subscription);\n
                }\n
            })\n
            .catch(function(err) {\n
                console.log('Failed to subscribe the user: ', err);\n
            });\n
    }\n
\n
    function sendSubscriptionToBackEnd(subscription) {\n
        const csrfToken = document.querySelector('meta[name="csrf-token"]').getAttribute('content');\n
\n
        fetch('http://localhost/push/subscribe', {\n
            method: 'POST',\n
            headers: {\n
                'Content-Type': 'application/json',\n
                'X-CSRF-TOKEN': csrfToken\n
            },\n
            body: JSON.stringify(subscription)\n
        })\n
        .then(function(response) {\n
            if (!response.ok) {\n
                throw new Error('Bad status code from server.');\n
            }\n
            return response.json();\n
        })\n
        .then(function(responseData) {\n
            if (!responseData.success) {\n
                throw new Error('Bad response from server.');\n
            }\n
        });\n
    }\n
    </script>\n
\n
    <script>\n
        document.addEventListener('DOMContentLoaded', function () {\n
            const renewModal = document.getElementById('renewNotificationModal');\n
            if (renewModal) {\n
                renewModal.addEventListener('show.bs.modal', function (event) {\n
                    const button = event.relatedTarget;\n
                    const notificationId = button.getAttribute('data-notification-id');\n
                    const notificationType = button.getAttribute('data-notification-type');\n
\n
                    const form = document.getElementById('renew-form');\n
                    const modalTitle = document.getElementById('renewModalLabel');\n
                    const pinkCardGroup = document.getElementById('pink_card_number_group');\n
                    const dueDateGroup = document.getElementById('new_due_date_group');\n
                    const dueDateInput = document.getElementById('new_due_date');\n
                    const attachmentLabel = document.getElementById('attachment_label');\n
                    const attachmentInput = document.getElementById('attachment');\n
                    const pinkCardInput = document.getElementById('pink_card_number');\n
\n
                    // Reset Fields\n
                    pinkCardGroup.classList.add('d-none');\n
                    dueDateGroup.classList.remove('d-none');\n
                    dueDateInput.required = true;\n
                    pinkCardInput.required = false;\n
                    attachmentInput.required = false; // Default\n
                    attachmentLabel.textContent = 'แนบไฟล์เอกสาร (ถ้ามี):';\n
\n
                    if(notificationId) {\n
                        form.action = `/notifications/${notificationId}/renew`;\n
                    }\n
\n
                    // Adjust modal based on type\n
                    if (notificationType === 'pink_card_missing') {\n
                        modalTitle.textContent = 'อัพเดตข้อมูลบัตรชมพู';\n
                        pinkCardGroup.classList.remove('d-none');\n
                        pinkCardInput.required = true;\n
                        dueDateGroup.classList.add('d-none');\n
                        dueDateInput.required = false;\n
                        attachmentLabel.innerHTML = 'แนบไฟล์บัตรชมพู <span class="text-danger">*</span>';\n
                        attachmentInput.required = true;\n
                    } else if (notificationType === 'residence_permit_missing') {\n
                        modalTitle.textContent = 'อัพเดตใบแจ้งที่พักอาศัย';\n
                        dueDateGroup.classList.add('d-none');\n
                        dueDateInput.required = false;\n
                        attachmentLabel.innerHTML = 'แนบไฟล์ใบแจ้งที่พักอาศัย <span class="text-danger">*</span>';\n
                        attachmentInput.required = true;\n
                    } else {\n
                        modalTitle.textContent = 'ต่ออายุการแจ้งเตือน';\n
                    }\n
                });\n
            }\n
\n
            const cancelModal = document.getElementById('cancelNotificationModal');\n
            if (cancelModal) {\n
                cancelModal.addEventListener('show.bs.modal', function (event) {\n
                    const button = event.relatedTarget;\n
                    const notificationId = button.getAttribute('data-notification-id');\n
                    const form = document.getElementById('cancel-form');\n
                    if(notificationId) {\n
                        form.action = `/notifications/${notificationId}/cancel`;\n
                    }\n
                });\n
            }\n
        });\n
    </script>\n
    <script>\n
    document.addEventListener('DOMContentLoaded', function () {\n
        const jobOwnerModalEl = document.getElementById('jobOwnerModal');\n
        if (!jobOwnerModalEl) return;\n
\n
        const jobOwnerModal = new bootstrap.Modal(jobOwnerModalEl);\n
        const jobOwnerList = document.getElementById('jobOwnerList');\n
        const newJobOwnerNameInput = document.getElementById('newJobOwnerName');\n
        const saveNewJobOwnerBtn = document.getElementById('saveNewJobOwnerBtn');\n
        const jobOwnerError = document.getElementById('jobOwnerError');\n
        const mainJobOwnerSelect = document.getElementById('job_owner_id');\n
        const deleteJobOwnerBtn = document.getElementById('deleteJobOwnerBtn');\n
\n
        // --- Main Logic ---\n
\n
        // 1. Open Modal: Fetch and display all current job owners\n
        jobOwnerModalEl.addEventListener('show.bs.modal', function () {\n
            fetchJobOwners();\n
        });\n
\n
        // 2. Add Owner: Handle click on "Save New Owner" button\n
        saveNewJobOwnerBtn.addEventListener('click', function () {\n
            const name = newJobOwnerNameInput.value.trim();\n
            if (!name) {\n
                showError('กรุณาใส่ชื่อเจ้าของงาน');\n
                return;\n
            }\n
\n
            fetch('http://localhost/job-owners', {\n
                method: 'POST',\n
                headers: {\n
                    'Content-Type': 'application/json',\n
                    'X-CSRF-TOKEN': 'bsHLc7eBpLWbvdc25nzyym5lb7gVho07H9avRWNs',\n
                    'Accept': 'application/json'\n
                },\n
                body: JSON.stringify({ name: name })\n
            })\n
            .then(response => {\n
                if (!response.ok) {\n
                    return response.json().then(err => { throw err; });\n
                }\n
                return response.json();\n
            })\n
            .then(data => {\n
                if (data.success) {\n
                    // Add to modal list\n
                    appendOwnerToList(data.jobOwner);\n
                    // Add to main dropdown and select it\n
                    if (mainJobOwnerSelect) {\n
                        const newOption = new Option(data.jobOwner.name, data.jobOwner.id, true, true);\n
                        mainJobOwnerSelect.add(newOption, null);\n
                    }\n
                    newJobOwnerNameInput.value = '';\n
                    hideError();\n
                }\n
            })\n
            .catch(error => {\n
                if (error.errors && error.errors.name) {\n
                    showError(error.errors.name[0]);\n
                } else {\n
                    showError('เกิดข้อผิดพลาดในการบันทึก');\n
                }\n
            });\n
        });\n
\n
        // 3. Delete Owner: Handle clicks on delete icons in the modal\n
        jobOwnerList.addEventListener('click', function(e) {\n
            if (e.target.classList.contains('delete-job-owner-icon')) {\n
                const ownerId = e.target.dataset.id;\n
                if (confirm('คุณแน่ใจหรือไม่ว่าต้องการลบเจ้าของงานนี้?')) {\n
                    deleteOwner(ownerId);\n
                }\n
            }\n
        });\n
\n
        // 4. Delete selected owner from the main form\n
        if (deleteJobOwnerBtn && mainJobOwnerSelect) {\n
            deleteJobOwnerBtn.addEventListener('click', function() {\n
                const selectedOwnerId = mainJobOwnerSelect.value;\n
                if (selectedOwnerId && selectedOwnerId !== '--- เลือกเจ้าของงาน ---') { // Note: This check might be fragile if translation changes, using ID is better but logic is based on value\n
                     if (confirm('คุณแน่ใจหรือไม่ว่าต้องการลบเจ้าของงานนี้?')) {\n
                        deleteOwner(selectedOwnerId);\n
                    }\n
                } else {\n
                    alert('กรุณาเลือกเจ้าของงานที่ต้องการลบ');\n
                }\n
            });\n
        }\n
\n
\n
        // --- Helper Functions ---\n
\n
        function fetchJobOwners() {\n
            jobOwnerList.innerHTML = '<li class="list-group-item text-muted">กำลังโหลด...</li>';\n
            fetch('http://localhost/job-owners')\n
                .then(response => response.json())\n
                .then(data => {\n
                    jobOwnerList.innerHTML = '';\n
                    if (data.length === 0) {\n
                        jobOwnerList.innerHTML = '<li class="list-group-item text-muted">ไม่มีข้อมูลเจ้าของงาน</li>';\n
                    } else {\n
                        data.forEach(owner => appendOwnerToList(owner));\n
                    }\n
                });\n
        }\n
\n
        function appendOwnerToList(owner) {\n
             // Check if "no data" placeholder exists and remove it\n
            const placeholder = jobOwnerList.querySelector('.text-muted');\n
            if (placeholder) {\n
                placeholder.parentElement.innerHTML = '';\n
            }\n
            const li = document.createElement('li');\n
            li.className = 'list-group-item d-flex justify-content-between align-items-center';\n
            li.id = `job-owner-${owner.id}`;\n
            li.textContent = owner.name;\n
            const deleteIcon = document.createElement('i');\n
            deleteIcon.className = 'bi bi-trash-fill text-danger delete-job-owner-icon';\n
            deleteIcon.style.cursor = 'pointer';\n
            deleteIcon.dataset.id = owner.id;\n
            li.appendChild(deleteIcon);\n
            jobOwnerList.appendChild(li);\n
        }\n
\n
        function deleteOwner(ownerId) {\n
            fetch(`/job-owners/${ownerId}`, {\n
                method: 'DELETE',\n
                headers: {\n
                    'X-CSRF-TOKEN': 'bsHLc7eBpLWbvdc25nzyym5lb7gVho07H9avRWNs',\n
                    'Accept': 'application/json'\n
                }\n
            })\n
            .then(response => response.json())\n
            .then(data => {\n
                if (data.success) {\n
                    // Remove from modal list\n
                    const listItem = document.getElementById(`job-owner-${ownerId}`);\n
                    if (listItem) listItem.remove();\n
\n
                    // Remove from main dropdown\n
                    if (mainJobOwnerSelect) {\n
                        const optionToRemove = mainJobOwnerSelect.querySelector(`option[value='${ownerId}']`);\n
                        if (optionToRemove) optionToRemove.remove();\n
                    }\n
                } else {\n
                    alert(data.message || 'ไม่สามารถลบข้อมูลได้');\n
                }\n
            });\n
        }\n
\n
        function showError(message) {\n
            jobOwnerError.textContent = message;\n
            jobOwnerError.style.display = 'block';\n
            newJobOwnerNameInput.classList.add('is-invalid');\n
        }\n
\n
        function hideError() {\n
            jobOwnerError.textContent = '';\n
            jobOwnerError.style.display = 'none';\n
            newJobOwnerNameInput.classList.remove('is-invalid');\n
        }\n
    });\n
    </script>\n
    <script>\n
    function showToast(message, type = 'success') {\n
        const toastEl = document.getElementById('liveToast');\n
        const toastBody = document.getElementById('toast-body-content');\n
        const toastIcon = toastEl.querySelector('.toast-header i');\n
\n
        // Reset classes\n
        toastIcon.className = 'rounded me-2';\n
\n
        if (type === 'success') {\n
            toastIcon.classList.add('bi', 'bi-check-circle-fill', 'text-success');\n
        } else if (type === 'danger') {\n
            toastIcon.classList.add('bi', 'bi-exclamation-triangle-fill', 'text-danger');\n
        }\n
\n
        toastBody.textContent = message;\n
        const toast = new bootstrap.Toast(toastEl);\n
        toast.show();\n
    }\n
    </script>\n
    <script src="https://cdn.jsdelivr.net/npm/sweetalert2@11"></script>\n
    <script src="https://cdnjs.cloudflare.com/ajax/libs/cropperjs/1.6.1/cropper.min.js" crossorigin="anonymous" referrerpolicy="no-referrer"></script>\n
\n
    <!-- Flatpickr JS -->\n
    <script src="https://cdn.jsdelivr.net/npm/flatpickr"></script>\n
    <script src="https://npmcdn.com/flatpickr/dist/l10n/th.js"></script>\n
\n
    <script>\n
    document.addEventListener('DOMContentLoaded', function () {\n
        // Function to initialize Flatpickr on a given element\n
        function initFlatpickr(element) {\n
            if (element._flatpickr) return; // Already initialized\n
\n
            // Check if element is readonly or disabled, if so, we might want to respect that\n
            // Flatpickr handles this automatically usually.\n
\n
            flatpickr(element, {\n
                locale: 'th',\n
                dateFormat: 'Y-m-d',\n
                altInput: true,\n
                altFormat: 'd/m/Y',\n
                allowInput: true,\n
                disableMobile: true, // Force Flatpickr UI on mobile for consistency\n
                onChange: function(selectedDates, dateStr, instance) {\n
                    // Dispatch native input event for frameworks like Alpine.js or Vue\n
                    // and 'change' event for standard listeners\n
                    instance.element.dispatchEvent(new Event('input', {bubbles: true}));\n
                    instance.element.dispatchEvent(new Event('change', {bubbles: true}));\n
                }\n
            });\n
        }\n
\n
        // 1. Initialize on existing elements\n
        const dateInputs = document.querySelectorAll('input[type="date"]');\n
        dateInputs.forEach(input => initFlatpickr(input));\n
\n
        // 2. Observe for new elements (e.g. via Alpine or AJAX)\n
        const observer = new MutationObserver(function(mutations) {\n
            mutations.forEach(function(mutation) {\n
                mutation.addedNodes.forEach(function(node) {\n
                    if (node.nodeType === 1) { // Element node\n
                        if (node.tagName === 'INPUT' && node.type === 'date') {\n
                            initFlatpickr(node);\n
                        } else if (node.querySelectorAll) {\n
                             // Check children\n
                            const inputs = node.querySelectorAll('input[type="date"]');\n
                            inputs.forEach(input => initFlatpickr(input));\n
                        }\n
                    }\n
                });\n
            });\n
        });\n
\n
        observer.observe(document.body, {\n
            childList: true,\n
            subtree: true\n
        });\n
    });\n
    </script>\n
\n
    <!-- Download Options Modal -->\n
<div class="modal fade" id="downloadOptionsModal" tabindex="-1" aria-labelledby="downloadOptionsModalLabel" aria-hidden="true">\n
    <div class="modal-dialog">\n
        <div class="modal-content">\n
            <div class="modal-header">\n
                <h5 class="modal-title" id="downloadOptionsModalLabel">Download Employee Files</h5>\n
                <button type="button" class="btn-close" data-bs-dismiss="modal" aria-label="Close"></button>\n
            </div>\n
            <div class="modal-body">\n
                <form id="downloadOptionsForm">\n
                    <div class="mb-3">\n
                        <label class="form-label fw-bold">Download Mode</label>\n
                        <div class="form-check">\n
                            <input class="form-check-input" type="radio" name="download_type" id="dlTypeZip" value="zip" checked>\n
                            <label class="form-check-label" for="dlTypeZip">\n
                                Separate Files (ZIP)\n
                                <small class="d-block text-muted">Creates folders for each employee with individual files.</small>\n
                            </label>\n
                        </div>\n
                        <div class="form-check mt-2">\n
                            <input class="form-check-input" type="radio" name="download_type" id="dlTypePdf" value="pdf">\n
                            <label class="form-check-label" for="dlTypePdf">\n
                                Merged PDF\n
                                <small class="d-block text-muted">Combines all selected files into a single PDF per employee (or one giant PDF).</small>\n
                            </label>\n
                        </div>\n
                        <div class="form-check mt-2">\n
                            <input class="form-check-input" type="radio" name="download_type" id="dlTypeZipSingle" value="zip_single">\n
                            <label class="form-check-label" for="dlTypeZipSingle">\n
                                Single Folder (ZIP)\n
                                <small class="d-block text-muted">Combines all files from all selected employees into one single folder.</small>\n
                            </label>\n
                        </div>\n
                    </div>\n
\n
                    <hr>\n
\n
                    <div class="mb-3">\n
                        <label class="form-label fw-bold">Select Files to Include</label>\n
                        <div class="row">\n
                            <!-- Column 1 -->\n
                            <div class="col-6">\n
                                <div class="form-check">\n
                                    <input class="form-check-input" type="checkbox" name="files[]" value="photo" id="chkPhoto" checked>\n
                                    <label class="form-check-label" for="chkPhoto">รูปถ่าย (Photo)</label>\n
                                </div>\n
                                <div class="form-check">\n
                                    <input class="form-check-input" type="checkbox" name="files[]" value="insurance" id="chkInsurance" checked>\n
                                    <label class="form-check-label" for="chkInsurance">ไฟล์แนบประกัน (Insurance)</label>\n
                                </div>\n
                                <div class="form-check">\n
                                    <input class="form-check-input" type="checkbox" name="files[]" value="passport" id="chkPassport" checked>\n
                                    <label class="form-check-label" for="chkPassport">1. พาสปอร์ต (Passport)</label>\n
                                </div>\n
                                <div class="form-check">\n
                                    <input class="form-check-input" type="checkbox" name="files[]" value="visa" id="chkVisa" checked>\n
                                    <label class="form-check-label" for="chkVisa">2. วีซ่า (Visa)</label>\n
                                </div>\n
                                <div class="form-check">\n
                                    <input class="form-check-input" type="checkbox" name="files[]" value="work_permit" id="chkWorkPermit" checked>\n
                                    <label class="form-check-label" for="chkWorkPermit">3. ใบอนุญาต Work Permit</label>\n
                                </div>\n
                                <div class="form-check">\n
                                    <input class="form-check-input" type="checkbox" name="files[]" value="pink_card" id="chkPinkCard" checked>\n
                                    <label class="form-check-label" for="chkPinkCard">4. บัตรชมพู (Pink Card)</label>\n
                                </div>\n
                                <div class="form-check">\n
                                    <input class="form-check-input" type="checkbox" name="files[]" value="tor_ror_38" id="chkTorRor38">\n
                                    <label class="form-check-label" for="chkTorRor38">5. ทร. 38</label>\n
                                </div>\n
                            </div>\n
                            <!-- Column 2 -->\n
                            <div class="col-6">\n
                                <div class="form-check">\n
                                    <input class="form-check-input" type="checkbox" name="files[]" value="report_90_day" id="chkReport90Day">\n
                                    <label class="form-check-label" for="chkReport90Day">6. รายงานตัว 90 วัน</label>\n
                                </div>\n
                                <div class="form-check">\n
                                    <input class="form-check-input" type="checkbox" name="files[]" value="residence_notification" id="chkResidenceNotification">\n
                                    <label class="form-check-label" for="chkResidenceNotification">7. ใบแจ้งที่พักอาศัย</label>\n
                                </div>\n
                                <div class="form-check">\n
                                    <input class="form-check-input" type="checkbox" name="files[]" value="hometown_doc" id="chkHometownDoc">\n
                                    <label class="form-check-label" for="chkHometownDoc">8. เอกสารบ้านเกิด</label>\n
                                </div>\n
                                <div class="form-check">\n
                                    <input class="form-check-input" type="checkbox" name="files[]" value="other_doc_1" id="chkOther1">\n
                                    <label class="form-check-label" for="chkOther1">9. เอกสารอื่นๆ 1</label>\n
                                </div>\n
                                <div class="form-check">\n
                                    <input class="form-check-input" type="checkbox" name="files[]" value="other_doc_2" id="chkOther2">\n
                                    <label class="form-check-label" for="chkOther2">10. เอกสารอื่นๆ 2</label>\n
                                </div>\n
                                <div class="form-check">\n
                                    <input class="form-check-input" type="checkbox" name="files[]" value="other_doc_3" id="chkOther3">\n
                                    <label class="form-check-label" for="chkOther3">11. เอกสารอื่นๆ 3</label>\n
                                </div>\n
                                <div class="form-check">\n
                                    <input class="form-check-input" type="checkbox" name="files[]" value="other_doc_4" id="chkOther4">\n
                                    <label class="form-check-label" for="chkOther4">12. เอกสารอื่นๆ 4</label>\n
                                </div>\n
                                <div class="form-check">\n
                                    <input class="form-check-input" type="checkbox" name="files[]" value="other_doc_5" id="chkOther5">\n
                                    <label class="form-check-label" for="chkOther5">13. เอกสารอื่นๆ 5</label>\n
                                </div>\n
                                <div class="form-check">\n
                                    <input class="form-check-input" type="checkbox" name="files[]" value="other_doc_6" id="chkOther6">\n
                                    <label class="form-check-label" for="chkOther6">14. เอกสารอื่นๆ 6</label>\n
                                </div>\n
                                <div class="form-check">\n
                                    <input class="form-check-input" type="checkbox" name="files[]" value="other_doc_7" id="chkOther7">\n
                                    <label class="form-check-label" for="chkOther7">15. เอกสารอื่นๆ 7</label>\n
                                </div>\n
                                <div class="form-check">\n
                                    <input class="form-check-input" type="checkbox" name="files[]" value="other_doc_8" id="chkOther8">\n
                                    <label class="form-check-label" for="chkOther8">16. เอกสารอื่นๆ 8</label>\n
                                </div>\n
                                <div class="form-check">\n
                                    <input class="form-check-input" type="checkbox" name="files[]" value="other_doc_9" id="chkOther9">\n
                                    <label class="form-check-label" for="chkOther9">17. เอกสารอื่นๆ 9</label>\n
                                </div>\n
                                <div class="form-check">\n
                                    <input class="form-check-input" type="checkbox" name="files[]" value="other_doc_10" id="chkOther10">\n
                                    <label class="form-check-label" for="chkOther10">18. เอกสารอื่นๆ 10</label>\n
                                </div>\n
                            </div>\n
                        </div>\n
                    </div>\n
                    <input type="hidden" id="downloadEmployeeIds">\n
                </form>\n
            </div>\n
            <div class="modal-footer">\n
                <button type="button" class="btn btn-secondary" data-bs-dismiss="modal">Cancel</button>\n
                <button type="button" class="btn btn-primary" id="btnConfirmDownload">Start Download</button>\n
            </div>\n
        </div>\n
    </div>\n
</div>\n
\n
<!-- Download Center Modal -->\n
<div class="modal fade" id="downloadCenterModal" tabindex="-1" aria-labelledby="downloadCenterModalLabel" aria-hidden="true">\n
    <div class="modal-dialog modal-lg">\n
        <div class="modal-content">\n
            <div class="modal-header">\n
                <h5 class="modal-title" id="downloadCenterModalLabel">Download Center</h5>\n
                <button type="button" class="btn-close" data-bs-dismiss="modal" aria-label="Close"></button>\n
            </div>\n
            <div class="modal-body">\n
                <p class="text-muted">Background tasks are listed here. Click 'Download' when ready.</p>\n
                <div class="table-responsive">\n
                    <table class="table table-sm table-hover">\n
                        <thead>\n
                            <tr>\n
                                <th>ID</th>\n
                                <th>Type</th>\n
                                <th>Date</th>\n
                                <th>Status</th>\n
                                <th>Action</th>\n
                            </tr>\n
                        </thead>\n
                        <tbody id="downloadTasksTableBody">\n
                            <tr><td colspan="5" class="text-center">Loading...</td></tr>\n
                        </tbody>\n
                    </table>\n
                </div>\n
            </div>\n
            <div class="modal-footer">\n
                <button type="button" class="btn btn-secondary" data-bs-dismiss="modal">Close</button>\n
                <button type="button" class="btn btn-outline-primary" id="btnRefreshDownloads">Refresh</button>\n
            </div>\n
        </div>\n
    </div>\n
</div>\n
\n
    <!-- @imgly/background-removal CDN via ESM (Modern) -->\n
<script type="module">\n
    import { removeBackground } from 'https://cdn.jsdelivr.net/npm/@imgly/background-removal@1.7.0/+esm';\n
    window.imglyRemoveBackground = removeBackground;\n
    console.log('Background Removal Library (ESM) loaded.');\n
</script>\n
\n
<script>\n
    window.backgroundRemoval = {\n
        cache: {\n
            originalFile: null,\n
            transparentBlob: null\n
        },\n
\n
        // Colors\n
        colors: {\n
            'white': '#FFFFFF',\n
            'blue': '#65a5ff' // Standard ID card blue-ish\n
        },\n
\n
        // Main function to process image\n
        async process(file, colorType, onProgress, cancellationToken, skipAi = false) {\n
            // 1. Reset cache if file changed\n
            if (this.cache.originalFile !== file) {\n
                this.cache.originalFile = file;\n
                this.cache.transparentBlob = null;\n
            }\n
\n
            // 2. Handle 'original'\n
            if (colorType === 'original') {\n
                return file;\n
            }\n
\n
            // 3. Get Transparent Blob (Cached or New)\n
            let transparentBlob = this.cache.transparentBlob;\n
\n
            // If we are skipping AI (e.g. manually edited image), treat the file as the transparent source\n
            if (skipAi && !transparentBlob) {\n
                transparentBlob = file;\n
                this.cache.transparentBlob = file;\n
            }\n
\n
            if (!transparentBlob) {\n
                try {\n
                    if (onProgress) onProgress(true, 'Initializing AI Model...');\n
\n
                    // Check if library is loaded (Wait up to 10 seconds)\n
                    const removeBackgroundFn = await this.waitForLibrary(cancellationToken);\n
\n
                    if (cancellationToken && cancellationToken.cancelled) {\n
                        throw new Error('Cancelled by user');\n
                    }\n
\n
                    // --- OPTIMIZATION: Resize large images ---\n
                    // Downscaling to 1200px max dimension significantly speeds up processing (e.g. 10x faster for 12MP photos)\n
                    // while retaining enough quality for ID cards.\n
                    if (onProgress) onProgress(true, 'Optimizing image size...');\n
                    const resizedFile = await this.resizeImage(file, 1200);\n
\n
                    if (onProgress) onProgress(true, 'Removing background (this may take a moment)...');\n
\n
                    // Configuration for better quality and progress tracking\n
                    const config = {\n
                        debug: true,\n
                        device: 'gpu', // Hint to use GPU if available\n
                        progress: (key, current, total) => {\n
                            if (onProgress) {\n
                                const percent = Math.round((current / total) * 100);\n
                                onProgress(true, `Processing: ${percent}%`);\n
                            }\n
                        },\n
                        // model: 'medium', // Default (isnet_fp16) is accurate. We rely on resizing for speed.\n
                        output: {\n
                            format: 'image/png',\n
                            quality: 0.95\n
                        }\n
                    };\n
\n
                    // Execute removal with timeout and cancellation race\n
                    // Use resizedFile instead of original file\n
                    const processPromise = removeBackgroundFn(resizedFile, config);\n
\n
                    const timeoutPromise = new Promise((_, reject) =>\n
                        setTimeout(() => reject(new Error('Processing timed out (60s). Please check your connection.')), 60000)\n
                    );\n
\n
                    const cancellationPromise = new Promise((_, reject) => {\n
                        if (cancellationToken) {\n
                            cancellationToken.onCancel = () => reject(new Error('Cancelled by user'));\n
                            if (cancellationToken.cancelled) reject(new Error('Cancelled by user'));\n
                        }\n
                    });\n
\n
                    transparentBlob = await Promise.race([processPromise, timeoutPromise, cancellationPromise]);\n
\n
                    this.cache.transparentBlob = transparentBlob;\n
                } catch (error) {\n
                    console.error('Background removal failed:', error);\n
                    // Provide user-friendly error\n
                    if (error.message === 'Cancelled by user') {\n
                        throw error; // Propagate cancellation\n
                    }\n
                    if (error.message && error.message.includes('fetch')) {\n
                        throw new Error('Failed to download AI model. Please check your internet connection.');\n
                    }\n
                    throw error;\n
                } finally {\n
                    if (onProgress) onProgress(false);\n
                }\n
            }\n
\n
            // 4. Return based on color type\n
            if (colorType === 'transparent') {\n
                return transparentBlob;\n
            }\n
\n
            // 5. Composite for colors\n
            if (onProgress) onProgress(true, 'Applying background color...');\n
            try {\n
                // Check cancellation before compositing\n
                if (cancellationToken && cancellationToken.cancelled) throw new Error('Cancelled by user');\n
\n
                const color = this.colors[colorType] || '#FFFFFF';\n
                return await this.compositeBackground(transparentBlob, color);\n
            } finally {\n
                if (onProgress) onProgress(false);\n
            }\n
        },\n
\n
        // Helper to resize image\n
        resizeImage(file, maxDimension) {\n
            return new Promise((resolve, reject) => {\n
                if (!file.type.match(/image.*/)) {\n
                    resolve(file); // Not an image, return original\n
                    return;\n
                }\n
\n
                const reader = new FileReader();\n
                reader.onload = (readerEvent) => {\n
                    const image = new Image();\n
                    image.onload = () => {\n
                        let width = image.width;\n
                        let height = image.height;\n
\n
                        if (width <= maxDimension && height <= maxDimension) {\n
                            resolve(file); // No need to resize\n
                            return;\n
                        }\n
\n
                        if (width > height) {\n
                            if (width > maxDimension) {\n
                                height *= maxDimension / width;\n
                                width = maxDimension;\n
                            }\n
                        } else {\n
                            if (height > maxDimension) {\n
                                width *= maxDimension / height;\n
                                height = maxDimension;\n
                            }\n
                        }\n
\n
                        const canvas = document.createElement('canvas');\n
                        canvas.width = width;\n
                        canvas.height = height;\n
                        const ctx = canvas.getContext('2d');\n
                        ctx.drawImage(image, 0, 0, width, height);\n
\n
                        canvas.toBlob((blob) => {\n
                            if (!blob) {\n
                                resolve(file); // Fallback\n
                                return;\n
                            }\n
                            resolve(new File([blob], file.name, {\n
                                type: file.type,\n
                                lastModified: Date.now(),\n
                            }));\n
                        }, file.type, 0.95);\n
                    };\n
                    image.onerror = () => resolve(file); // Fallback\n
                    image.src = readerEvent.target.result;\n
                };\n
                reader.onerror = () => resolve(file); // Fallback\n
                reader.readAsDataURL(file);\n
            });\n
        },\n
\n
        // Helper to wait for the ESM module to load\n
        waitForLibrary(cancellationToken) {\n
            return new Promise((resolve, reject) => {\n
                if (window.imglyRemoveBackground) {\n
                    resolve(window.imglyRemoveBackground);\n
                    return;\n
                }\n
\n
                let retries = 0;\n
                const interval = setInterval(() => {\n
                    if (cancellationToken && cancellationToken.cancelled) {\n
                        clearInterval(interval);\n
                        reject(new Error('Cancelled by user'));\n
                        return;\n
                    }\n
                    if (window.imglyRemoveBackground) {\n
                        clearInterval(interval);\n
                        resolve(window.imglyRemoveBackground);\n
                    }\n
                    retries++;\n
                    if (retries > 100) { // 10 seconds\n
                        clearInterval(interval);\n
                        reject(new Error('Background Removal Library failed to load. Please refresh the page.'));\n
                    }\n
                }, 100);\n
            });\n
        },\n
\n
        // Helper to draw blob on colored canvas\n
        compositeBackground(imageBlob, colorHex) {\n
            return new Promise((resolve, reject) => {\n
                const img = new Image();\n
                img.onload = () => {\n
                    const canvas = document.createElement('canvas');\n
                    canvas.width = img.width;\n
                    canvas.height = img.height;\n
                    const ctx = canvas.getContext('2d');\n
\n
                    // Fill background\n
                    ctx.fillStyle = colorHex;\n
                    ctx.fillRect(0, 0, canvas.width, canvas.height);\n
\n
                    // Draw image\n
                    ctx.drawImage(img, 0, 0);\n
\n
                    // Export as JPEG (since no transparency needed)\n
                    canvas.toBlob((blob) => {\n
                        resolve(blob);\n
                    }, 'image/jpeg', 0.95);\n
                };\n
                img.onerror = reject;\n
                img.src = URL.createObjectURL(imageBlob);\n
            });\n
        }\n
    };\n
</script>\n
    <script>\n
document.addEventListener('DOMContentLoaded', function() {\n
    const maxItems = 15;\n
    const checkboxes = document.querySelectorAll('.export-checkbox');\n
    const counter = document.getElementById('selection-counter');\n
\n
    function updateCounter() {\n
        const checkedCount = document.querySelectorAll('.export-checkbox:checked').length;\n
        counter.textContent = `${checkedCount}/${maxItems}`;\n
\n
        if (checkedCount >= maxItems) {\n
            checkboxes.forEach(cb => {\n
                if (!cb.checked) cb.disabled = true;\n
            });\n
            counter.classList.add('text-danger');\n
        } else {\n
            checkboxes.forEach(cb => cb.disabled = false);\n
            counter.classList.remove('text-danger');\n
        }\n
    }\n
\n
    checkboxes.forEach(cb => {\n
        cb.addEventListener('change', updateCounter);\n
    });\n
\n
    // Reset form when modal closes\n
    const modalEl = document.getElementById('advancedExportModal');\n
    if (modalEl) {\n
        modalEl.addEventListener('hidden.bs.modal', function () {\n
            document.getElementById('advancedExportForm').reset();\n
            updateCounter();\n
        });\n
    }\n
});\n
</script>\n
<script>\n
document.addEventListener('DOMContentLoaded', function() {\n
    const searchInput = document.getElementById('target_employer_search');\n
    const resultsContainer = document.getElementById('target_employer_results');\n
    const selectedDisplay = document.getElementById('selected_target_employer_display');\n
    const selectedInput = document.getElementById('selected_target_employer_id');\n
    const confirmBtn = document.getElementById('confirmTargetEmployerBtn');\n
\n
    let debounceTimer;\n
\n
    searchInput.addEventListener('input', function() {\n
        clearTimeout(debounceTimer);\n
        const query = this.value.trim();\n
\n
        if (query.length < 2) {\n
            resultsContainer.style.display = 'none';\n
            return;\n
        }\n
\n
        debounceTimer = setTimeout(() => {\n
            fetchEmployers(query);\n
        }, 300);\n
    });\n
\n
    function fetchEmployers(query) {\n
        // Use existing API endpoint or similar\n
        fetch(`http://localhost/api-web/employers/list?q=${encodeURIComponent(query)}`)\n
            .then(response => response.json())\n
            .then(data => {\n
                resultsContainer.innerHTML = '';\n
                if (data.length > 0) {\n
                    data.forEach(emp => {\n
                        const item = document.createElement('a');\n
                        item.href = '#';\n
                        item.className = 'list-group-item list-group-item-action';\n
                        item.textContent = `${emp.employerNameTh || ''} ${emp.employerNameEn || ''} (${emp.employerId || 'N/A'})`;\n
                        item.dataset.id = emp.id;\n
                        item.dataset.name = `${emp.employerNameTh || ''} ${emp.employerNameEn || ''}`;\n
\n
                        item.addEventListener('click', function(e) {\n
                            e.preventDefault();\n
                            selectEmployer(this.dataset.id, this.dataset.name);\n
                        });\n
\n
                        resultsContainer.appendChild(item);\n
                    });\n
                    resultsContainer.style.display = 'block';\n
                } else {\n
                    resultsContainer.innerHTML = '<div class="list-group-item text-muted">No employers found</div>';\n
                    resultsContainer.style.display = 'block';\n
                }\n
            })\n
            .catch(err => console.error('Error fetching employers:', err));\n
    }\n
\n
    function selectEmployer(id, name) {\n
        selectedInput.value = id;\n
        selectedDisplay.textContent = name;\n
        confirmBtn.disabled = false;\n
        resultsContainer.style.display = 'none';\n
        searchInput.value = ''; // Clear search\n
    }\n
\n
    confirmBtn.addEventListener('click', function() {\n
        const targetEmployerId = selectedInput.value;\n
        const employeeIds = window.pendingTicketEmployeeIds;\n
\n
        if (!targetEmployerId || !employeeIds || employeeIds.length === 0) {\n
            alert('Missing data');\n
            return;\n
        }\n
\n
        // Create form and submit\n
        const form = document.createElement('form');\n
        form.method = 'POST';\n
        form.action = 'http://localhost/employees/bulk-to-ticket';\n
\n
        const csrfToken = document.querySelector('meta[name="csrf-token"]').getAttribute('content');\n
        const csrfInput = document.createElement('input');\n
        csrfInput.type = 'hidden';\n
        csrfInput.name = '_token';\n
        csrfInput.value = csrfToken;\n
        form.appendChild(csrfInput);\n
\n
        // Add selected Employee IDs\n
        employeeIds.forEach(id => {\n
            const input = document.createElement('input');\n
            input.type = 'hidden';\n
            input.name = 'employee_ids[]';\n
            input.value = id;\n
            form.appendChild(input);\n
        });\n
\n
        // Add Target Employer ID\n
        const empInput = document.createElement('input');\n
        empInput.type = 'hidden';\n
        empInput.name = 'target_employer_id';\n
        empInput.value = targetEmployerId;\n
        form.appendChild(empInput);\n
\n
        document.body.appendChild(form);\n
        form.submit();\n
    });\n
\n
    // Reset modal on close\n
    const modalEl = document.getElementById('selectTargetEmployerModal');\n
    modalEl.addEventListener('hidden.bs.modal', function () {\n
        searchInput.value = '';\n
        selectedInput.value = '';\n
        selectedDisplay.textContent = '-- None Selected --';\n
        confirmBtn.disabled = true;\n
        resultsContainer.style.display = 'none';\n
        // Clean up global variable\n
        window.pendingTicketEmployeeIds = null;\n
    });\n
});\n
</script>\n
<script>\n
    document.addEventListener('DOMContentLoaded', function () {\n
        // Advanced Edit\n
        const bulkEditBtn = document.getElementById('incomplete-bulk-advanced-edit-btn');\n
        if (bulkEditBtn) {\n
            bulkEditBtn.addEventListener('click', function(e) {\n
                e.preventDefault();\n
                const selected = Array.from(document.querySelectorAll('.employee-checkbox:checked')).map(cb => cb.value);\n
\n
                if (selected.length === 0) {\n
                    showToast('กรุณาเลือกลูกจ้างก่อน', 'danger');\n
                    return;\n
                }\n
\n
                // Create a form dynamically and submit POST\n
                const form = document.createElement('form');\n
                form.method = 'POST';\n
                form.action = 'http://localhost/employees/bulk-edit/select-fields';\n
\n
                const csrfToken = document.querySelector('meta[name="csrf-token"]').getAttribute('content');\n
                const csrfInput = document.createElement('input');\n
                csrfInput.type = 'hidden';\n
                csrfInput.name = '_token';\n
                csrfInput.value = csrfToken;\n
                form.appendChild(csrfInput);\n
\n
                const redirectInput = document.createElement('input');\n
                redirectInput.type = 'hidden';\n
                redirectInput.name = 'redirect_to';\n
                redirectInput.value = window.location.href;\n
                form.appendChild(redirectInput);\n
\n
                selected.forEach(id => {\n
                    const input = document.createElement('input');\n
                    input.type = 'hidden';\n
                    input.name = 'employee_ids[]';\n
                    input.value = id;\n
                    form.appendChild(input);\n
                });\n
\n
                document.body.appendChild(form);\n
                form.submit();\n
            });\n
        }\n
\n
        // Advanced Export\n
        const bulkExportBtn = document.getElementById('incomplete-bulk-advanced-export-btn');\n
        if (bulkExportBtn) {\n
            bulkExportBtn.addEventListener('click', function(e) {\n
                e.preventDefault();\n
                const selected = Array.from(document.querySelectorAll('.employee-checkbox:checked')).map(cb => cb.value);\n
\n
                if (selected.length === 0) {\n
                    showToast('กรุณาเลือกลูกจ้างก่อน', 'danger');\n
                    return;\n
                }\n
\n
                document.getElementById('export_employee_ids').value = JSON.stringify(selected);\n
                const modalEl = document.getElementById('advancedExportModal');\n
                const modal = new bootstrap.Modal(modalEl);\n
                modal.show();\n
            });\n
        }\n
\n
        // Send Data\n
        const bulkSendDataBtn = document.getElementById('incomplete-bulk-send-data-btn');\n
        if (bulkSendDataBtn) {\n
            bulkSendDataBtn.addEventListener('click', function(e) {\n
                e.preventDefault();\n
                const checkboxes = document.querySelectorAll('.employee-checkbox:checked');\n
                const selected = Array.from(checkboxes).map(cb => cb.value);\n
\n
                if (selected.length === 0) {\n
                    showToast('กรุณาเลือกลูกจ้างก่อน', 'danger');\n
                    return;\n
                }\n
\n
                let employerIds = new Set();\n
                checkboxes.forEach(cb => {\n
                    // Note: Incomplete view might not have data-employer-id on checkbox\n
                    // We should add it to the view if needed, or skip the check.\n
                    // For now, let's assume simple ID passing.\n
                    // Ideally we add data-employer-id to the checkbox in the view above.\n
                });\n
\n
                // Assuming mixed employers is allowed or handled by modal\n
                window.pendingTicketEmployeeIds = selected;\n
                const modalEl = document.getElementById('selectTargetEmployerModal');\n
                const modal = new bootstrap.Modal(modalEl);\n
                modal.show();\n
            });\n
        }\n
\n
        // Automated PDF\n
        const bulkGeneratePdfBtn = document.getElementById('incomplete-bulk-generate-pdf-btn');\n
        if (bulkGeneratePdfBtn) {\n
            bulkGeneratePdfBtn.addEventListener('click', function(e) {\n
                e.preventDefault();\n
                const selected = Array.from(document.querySelectorAll('.employee-checkbox:checked')).map(cb => cb.value);\n
\n
                if (selected.length === 0) {\n
                    showToast('กรุณาเลือกลูกจ้างก่อน', 'danger');\n
                    return;\n
                }\n
\n
                // Create form to post to generation modal setup\n
                const form = document.createElement('form');\n
                form.method = 'POST';\n
                // Use relative path to avoid protocol mismatch (http vs https) redirects which strip POST data\n
                form.action = '/admin/pdf-templates/generate';\n
\n
                const csrf = document.createElement('input');\n
                csrf.type = 'hidden';\n
                csrf.name = '_token';\n
                csrf.value = document.querySelector('meta[name="csrf-token"]').content;\n
                form.appendChild(csrf);\n
\n
                selected.forEach(id => {\n
                    const input = document.createElement('input');\n
                    input.type = 'hidden';\n
                    input.name = 'employees[]';\n
                    input.value = id;\n
                    form.appendChild(input);\n
                });\n
\n
                document.body.appendChild(form);\n
                form.submit();\n
            });\n
        }\n
    });\n
</script>\n
<script>\n
document.addEventListener('DOMContentLoaded', function() {\n
    let downloadModal = new bootstrap.Modal(document.getElementById('downloadOptionsModal'));\n
    let downloadCenterModal = new bootstrap.Modal(document.getElementById('downloadCenterModal'));\n
    let downloadCenterInterval = null;\n
\n
    // --- 1. Handle Triggering Download Options ---\n
    // From Single Action\n
    document.querySelectorAll('.btn-download-single').forEach(btn => {\n
        btn.addEventListener('click', function(e) {\n
            e.preventDefault();\n
            const empId = this.dataset.employeeId;\n
            document.getElementById('downloadEmployeeIds').value = JSON.stringify([empId]);\n
            downloadModal.show();\n
        });\n
    });\n
\n
    // From Bulk Action (This function should be called by your bulk action handler)\n
    window.openBulkDownloadModal = function(employeeIds) {\n
        if (!employeeIds || employeeIds.length === 0) {\n
            showToast('Please select employees first.', 'danger');\n
            return;\n
        }\n
        document.getElementById('downloadEmployeeIds').value = JSON.stringify(employeeIds);\n
        downloadModal.show();\n
    };\n
\n
    // --- 2. Handle Confirm Download ---\n
    document.getElementById('btnConfirmDownload').addEventListener('click', function() {\n
        const type = document.querySelector('input[name="download_type"]:checked').value;\n
        const files = Array.from(document.querySelectorAll('input[name="files[]"]:checked')).map(cb => cb.value);\n
        const empIds = JSON.parse(document.getElementById('downloadEmployeeIds').value || '[]');\n
\n
        if (files.length === 0) {\n
            showToast('Please select at least one file type.', 'danger');\n
            return;\n
        }\n
\n
        const btn = this;\n
        btn.disabled = true;\n
        btn.innerText = 'Starting...';\n
\n
        fetch('http://localhost/admin/downloads/initiate', {\n
            method: 'POST',\n
            headers: {\n
                'Content-Type': 'application/json',\n
                'X-CSRF-TOKEN': 'bsHLc7eBpLWbvdc25nzyym5lb7gVho07H9avRWNs'\n
            },\n
            body: JSON.stringify({\n
                employee_ids: empIds,\n
                selected_files: files,\n
                type: type\n
            })\n
        })\n
        .then(res => res.json())\n
        .then(data => {\n
            if (data.success) {\n
                downloadModal.hide();\n
                showToast(data.message, 'success');\n
\n
                // Open Download Center to show progress\n
                loadDownloadTasks();\n
                downloadCenterModal.show();\n
\n
                // Auto download if ready (using iframe to avoid popup blockers/replacing page)\n
                if (data.download_url) {\n
                    const iframe = document.createElement('iframe');\n
                    iframe.style.display = 'none';\n
                    iframe.src = data.download_url;\n
                    document.body.appendChild(iframe);\n
                    // Cleanup iframe after a bit\n
                    setTimeout(() => document.body.removeChild(iframe), 60000);\n
                }\n
            } else {\n
                showToast('Error starting download.', 'danger');\n
            }\n
        })\n
        .catch(err => {\n
            console.error(err);\n
            showToast('An unexpected error occurred.', 'danger');\n
        })\n
        .finally(() => {\n
            btn.disabled = false;\n
            btn.innerText = 'Start Download';\n
        });\n
    });\n
\n
    // --- 3. Handle Download Center ---\n
    function loadDownloadTasks() {\n
        const tbody = document.getElementById('downloadTasksTableBody');\n
        // Only show loading if empty, to avoid flickering on refresh\n
        if (!tbody.innerHTML.trim() || tbody.innerText.includes('Loading') || tbody.innerText.includes('No tasks')) {\n
             tbody.innerHTML = '<tr><td colspan="5" class="text-center">Loading...</td></tr>';\n
        }\n
\n
        fetch('http://localhost/admin/downloads/tasks')\n
            .then(res => res.json())\n
            .then(tasks => {\n
                tbody.innerHTML = '';\n
                if (tasks.length === 0) {\n
                    tbody.innerHTML = '<tr><td colspan="5" class="text-center">No tasks found.</td></tr>';\n
                    return;\n
                }\n
                tasks.forEach(task => {\n
                    let badgeClass = 'bg-secondary';\n
                    if (task.status === 'completed') badgeClass = 'bg-success';\n
                    else if (task.status === 'processing') badgeClass = 'bg-warning text-dark';\n
                    else if (task.status === 'failed') badgeClass = 'bg-danger';\n
\n
                    let actionBtn = '';\n
                    if (task.status === 'completed') {\n
                        const url = 'http://localhost/admin/downloads/:id/file'.replace(':id', task.id);\n
                        actionBtn = `<a href="${url}" class="btn btn-sm btn-success" target="_blank"><i class="bi bi-download"></i> Download</a>`;\n
                    } else if (task.status === 'failed') {\n
                        actionBtn = `\n
                            <span class="text-danger fw-bold">Failed</span>\n
                            <i class="bi bi-info-circle ms-1 text-muted" data-bs-toggle="tooltip" title="${task.error_message}"></i>\n
                        `;\n
                    } else {\n
                        actionBtn = `<span class="text-muted spinner-border spinner-border-sm" role="status" aria-hidden="true"></span> <span class="text-muted">Processing...</span>`;\n
                    }\n
\n
                    const date = new Date(task.created_at).toLocaleString('th-TH');\n
                    // Pretty type\n
                    let displayType = task.type.toUpperCase();\n
                    if(task.type === 'zip_single') displayType = 'ZIP (Single Folder)';\n
\n
                    tbody.innerHTML += `\n
                        <tr>\n
                            <td>${task.id}</td>\n
                            <td>${displayType}</td>\n
                            <td>${date}</td>\n
                            <td><span class="badge ${badgeClass}">${task.status}</span></td>\n
                            <td>${actionBtn}</td>\n
                        </tr>\n
                    `;\n
                });\n
\n
                // Initialize tooltips\n
                var tooltipTriggerList = [].slice.call(document.querySelectorAll('[data-bs-toggle="tooltip"]'));\n
                var tooltipList = tooltipTriggerList.map(function (tooltipTriggerEl) {\n
                    return new bootstrap.Tooltip(tooltipTriggerEl);\n
                });\n
            })\n
            .catch(err => {\n
                console.error(err);\n
                // Only show error if list is empty, otherwise keep old list\n
                if(tbody.children.length === 1 && tbody.innerText.includes('Loading')) {\n
                     tbody.innerHTML = '<tr><td colspan="5" class="text-center text-danger">Error loading tasks.</td></tr>';\n
                }\n
            });\n
    }\n
\n
    document.getElementById('btnRefreshDownloads').addEventListener('click', loadDownloadTasks);\n
\n
    // Auto-refresh when modal is open\n
    const centerModalEl = document.getElementById('downloadCenterModal');\n
    centerModalEl.addEventListener('shown.bs.modal', function () {\n
        loadDownloadTasks();\n
        // Poll every 3 seconds\n
        downloadCenterInterval = setInterval(loadDownloadTasks, 3000);\n
    });\n
\n
    centerModalEl.addEventListener('hidden.bs.modal', function () {\n
        if (downloadCenterInterval) {\n
            clearInterval(downloadCenterInterval);\n
            downloadCenterInterval = null;\n
        }\n
    });\n
\n
    // Expose function globally if needed or just rely on button click\n
    window.openDownloadCenter = function() {\n
        loadDownloadTasks();\n
        downloadCenterModal.show();\n
    };\n
\n
    // Listen for a custom event (optional, if you add a navbar link)\n
    document.addEventListener('open-download-center', function() {\n
        window.openDownloadCenter();\n
    });\n
});\n
</script>\n
\n
<!-- Universal Preview Modal -->\n
<div class="modal fade" id="universalPreviewModal" tabindex="-1" aria-labelledby="universalPreviewModalLabel" aria-hidden="true">\n
    <div class="modal-dialog modal-xl modal-dialog-centered">\n
        <div class="modal-content">\n
            <div class="modal-header">\n
                <h5 class="modal-title" id="universalPreviewModalLabel">พรีวิวข้อมูล</h5>\n
                <button type="button" class="btn-close" data-bs-dismiss="modal" aria-label="Close"></button>\n
            </div>\n
            <div class="modal-body">\n
                <div class="d-flex justify-content-center align-items-center" style="min-height: 200px;">\n
                    <div class="spinner-border text-primary" role="status">\n
                        <span class="visually-hidden">กำลังโหลด...</span>\n
                    </div>\n
                </div>\n
            </div>\n
        </div>\n
    </div>\n
</div>\n
\n
<script>\n
// Full-Featured Address Management Script\n
document.addEventListener('DOMContentLoaded', function () {\n
    // --- Configuration & Global State ---\n
    const thaiDataUrl = "/thai-addresses"; // Hardcoded URL\n
    let thaiAddressData = [];\n
    let dataLoaded = false;\n
    const addressModalEl = document.getElementById('addressModal');\n
    if (!addressModalEl) return; // Exit if the modal isn't on the page\n
\n
    const addressModal = new bootstrap.Modal(addressModalEl);\n
    const addressForm = document.getElementById('addressForm');\n
    const saveBtn = document.getElementById('saveAddressBtn');\n
    const csrfToken = document.querySelector('meta[name="csrf-token"]').getAttribute('content');\n
    await fetchThaiAddressData();\n
    // --- Form Fields ---\n
    const fields = {\n
        id: document.getElementById('address_id'),\n
        addressable_id: document.getElementById('addressable_id'),\n
        addressable_type: document.getElementById('addressable_type'),\n
        type: document.getElementById('address_type'),\n
        addrNo: document.getElementById('addrNo'),\n
        addrNoEn: document.getElementById('addrNoEn'),\n
        addrMoo: document.getElementById('addrMoo'),\n
        addrMooEn: document.getElementById('addrMooEn'),\n
        addrSoi: document.getElementById('addrSoi'),\n
        addrSoiEn: document.getElementById('addrSoiEn'),\n
        addrRoad: document.getElementById('addrRoad'),\n
        addrRoadEn: document.getElementById('addrRoadEn'),\n
        addrProvince: document.getElementById('addrProvince'),\n
        addrProvinceEn: document.getElementById('addrProvinceEn'),\n
        addrDistrict: document.getElementById('addrDistrict'),\n
        addrDistrictEn: document.getElementById('addrDistrictEn'),\n
        addrSubDistrict: document.getElementById('addrSubDistrict'),\n
        addrSubDistrictEn: document.getElementById('addrSubDistrictEn'),\n
        addrZipCode: document.getElementById('addrZipCode')\n
    };\n
\n
    // --- Data Loading ---\n
    async function fetchThaiAddressData() {\n
        if (dataLoaded) return;\n
        try {\n
            const response = await fetch(thaiDataUrl);\n
            if (!response.ok) throw new Error('Network response was not ok.');\n
            thaiAddressData = await response.json();\n
            dataLoaded = true;\n
            populateProvinces();\n
        } catch (error) {\n
            console.error('Failed to fetch Thai address data:', error);\n
            showToast('ไม่สามารถโหลดข้อมูลที่อยู่ได้', 'danger');\n
        }\n
    }\n
\n
    // --- Dropdown Population ---\n
    function populateProvinces() {\n
        fields.addrProvince.innerHTML = '<option value="">-- เลือกจังหวัด --</option>';\n
        const uniqueProvinces = [...new Map(thaiAddressData.map(item => [item['province_th'], item])).values()];\n
        uniqueProvinces.sort((a, b) => a.province_th.localeCompare(b.province_th, 'th'));\n
        uniqueProvinces.forEach(item => {\n
            const option = new Option(item.province_th, item.province_th);\n
            fields.addrProvince.add(option);\n
        });\n
    }\n
\n
    function populateDistricts(province) {\n
        fields.addrDistrict.innerHTML = '<option value="">-- เลือกอำเภอ/เขต --</option>';\n
        fields.addrSubDistrict.innerHTML = '<option value="">-- เลือกตำบล/แขวง --</option>'; // Reset sub-districts\n
        if (!province) return;\n
\n
        const districts = [...new Set(thaiAddressData.filter(d => d.province_th === province).map(d => d.district_th))];\n
        districts.sort((a, b) => a.localeCompare(b, 'th'));\n
        districts.forEach(district => {\n
            const option = new Option(district, district);\n
            fields.addrDistrict.add(option);\n
        });\n
    }\n
\n
    function populateSubDistricts(province, district) {\n
        fields.addrSubDistrict.innerHTML = '<option value="">-- เลือกตำบล/แขวง --</option>';\n
        if (!province || !district) return;\n
\n
        const subDistricts = thaiAddressData.filter(d => d.province_th === province && d.district_th === district);\n
        subDistricts.sort((a, b) => a.subdistrict_th.localeCompare(b.subdistrict_th, 'th'));\n
        subDistricts.forEach(sub => {\n
            const option = new Option(sub.subdistrict_th, sub.subdistrict_th);\n
            fields.addrSubDistrict.add(option);\n
        });\n
    }\n
\n
    // --- Event Listeners for Dropdowns ---\n
    fields.addrProvince.addEventListener('change', function() {\n
        populateDistricts(this.value);\n
        const selectedData = thaiAddressData.find(d => d.province_th === this.value);\n
        fields.addrProvinceEn.value = selectedData ? selectedData.province_en : '';\n
        fields.addrDistrictEn.value = '';\n
        fields.addrSubDistrictEn.value = '';\n
        fields.addrZipCode.value = '';\n
    });\n
\n
    fields.addrDistrict.addEventListener('change', function() {\n
        populateSubDistricts(fields.addrProvince.value, this.value);\n
        const selectedData = thaiAddressData.find(d => d.province_th === fields.addrProvince.value && d.district_th === this.value);\n
        fields.addrDistrictEn.value = selectedData ? selectedData.district_en : '';\n
        fields.addrSubDistrictEn.value = '';\n
        fields.addrZipCode.value = '';\n
    });\n
\n
    fields.addrSubDistrict.addEventListener('change', function() {\n
        const selectedData = thaiAddressData.find(d =>\n
            d.province_th === fields.addrProvince.value &&\n
            d.district_th === fields.addrDistrict.value &&\n
            d.subdistrict_th === this.value\n
        );\n
        if (selectedData) {\n
            fields.addrSubDistrictEn.value = selectedData.subdistrict_en;\n
            fields.addrZipCode.value = selectedData.zip_code;\n
        }\n
    });\n
\n
    // --- Modal Opening Logic ---\n
    addressModalEl.addEventListener('show.bs.modal', async function(e) {\n
        // await fetchThaiAddressData();\n
        const button = e.relatedTarget;\n
        if (!button) return;\n
\n
        const isAddButton = button.matches('.add-address-btn');\n
        const isEditButton = button.matches('.edit-address-btn');\n
\n
        if (isAddButton) {\n
            addressForm.reset();\n
            fields.id.value = '';\n
            fields.addressable_id.value = button.dataset.addressableId;\n
            fields.addressable_type.value = 'App\\Models\\Employer';\n
            fields.type.value = button.dataset.type;\n
            document.getElementById('addressModalLabel').textContent = 'เพิ่มที่อยู่ใหม่';\n
        } else if (isEditButton) {\n
            const addressId = button.dataset.addressId;\n
            document.getElementById('addressModalLabel').textContent = 'กำลังโหลด...';\n
            try {\n
                const response = await fetch(`/addresses/${addressId}`);\n
                if (!response.ok) throw new Error('Failed to fetch address data.');\n
                const data = await response.json();\n
\n
                addressForm.reset();\n
                for (const key in data) {\n
                    if (fields[key]) {\n
                       fields[key].value = data[key];\n
                    }\n
                }\n
\n
                populateDistricts(data.addrProvince);\n
                fields.addrDistrict.value = data.addrDistrict;\n
                populateSubDistricts(data.addrProvince, data.addrDistrict);\n
                fields.addrSubDistrict.value = data.addrSubDistrict;\n
\n
                document.getElementById('addressModalLabel').textContent = 'แก้ไขที่อยู่';\n
            } catch (error) {\n
                console.error('Error fetching address for edit:', error);\n
                showToast('ไม่สามารถโหลดข้อมูลที่อยู่เพื่อแก้ไขได้', 'danger');\n
                addressModal.hide();\n
            }\n
        }\n
    });\n
\n
    // --- Save Logic ---\n
    saveBtn.addEventListener('click', async function() {\n
        const formData = new FormData(addressForm);\n
        const addressId = fields.id.value;\n
        const url = addressId ? `/addresses/${addressId}` : '/addresses';\n
        const method = 'POST';\n
\n
        if (addressId) {\n
            formData.append('_method', 'PUT');\n
        }\n
\n
        try {\n
            saveBtn.disabled = true;\n
            saveBtn.innerHTML = `<span class="spinner-border spinner-border-sm" role="status" aria-hidden="true"></span> กำลังบันทึก...`;\n
\n
            const response = await fetch(url, {\n
                method: method,\n
                body: formData,\n
                headers: { 'X-CSRF-TOKEN': csrfToken, 'Accept': 'application/json' }\n
            });\n
\n
            const result = await response.json();\n
\n
            if (!response.ok) {\n
                if (response.status === 422 && result.errors) {\n
                     let errorMsg = Object.values(result.errors).flat().join('\\n');\n
                     throw new Error(errorMsg);\n
                }\n
                throw new Error(result.message || 'เกิดข้อผิดพลาดที่ไม่ทราบสาเหตุ');\n
            }\n
\n
            showToast(result.message || 'บันทึกที่อยู่เรียบร้อยแล้ว', 'success');\n
            addressModal.hide();\n
\n
            setTimeout(() => location.reload(), 1500);\n
\n
        } catch (error) {\n
            console.error('Save address error:', error);\n
            showToast(error.message || 'เกิดข้อผิดพลาดในการบันทึก', 'danger');\n
        } finally {\n
            saveBtn.disabled = false;\n
            saveBtn.innerHTML = 'บันทึก';\n
        }\n
    });\n
\n
    addressModalEl.addEventListener('hidden.bs.modal', function () {\n
        addressForm.reset();\n
        populateDistricts('');\n
        document.getElementById('addressModalLabel').textContent = 'เพิ่มที่อยู่ใหม่';\n
    });\n
});\n
</script>\n
\n
<script>\n
// --- Global Selection Manager (Persists across pages/searches) ---\n
const STORAGE_KEY = 'selectedEmployeeData';\n
\n
// Helper: Get all stored data\n
window.getGlobalSelectedData = function() {\n
    const stored = sessionStorage.getItem(STORAGE_KEY);\n
    try {\n
        return stored ? JSON.parse(stored) : [];\n
    } catch (e) {\n
        console.error('Error parsing selectedEmployeeData', e);\n
        return [];\n
    }\n
};\n
\n
// Helper: Get just IDs (compatibility)\n
window.getGlobalSelectedIds = function() {\n
    return window.getGlobalSelectedData().map(item => item.id);\n
};\n
\n
document.addEventListener('DOMContentLoaded', function () {\n
    // Stores array of objects: { id: "1", employer_id: "5" }\n
    const selectAllCheckbox = document.getElementById('select-all-checkbox');\n
    const employeeCheckboxes = document.querySelectorAll('.employee-checkbox');\n
    const bulkActionBar = document.querySelector('.bulk-action-bar');\n
    const selectedCountSpan = document.getElementById('selected-count');\n
    const bulkActionButton = bulkActionBar ? bulkActionBar.querySelector('button') : null;\n
\n
    // Helper: Save data\n
    window.setGlobalSelectedData = function(data) {\n
        // Ensure uniqueness by ID\n
        const unique = [];\n
        const map = new Map();\n
        for (const item of data) {\n
            if(!map.has(String(item.id))) {\n
                map.set(String(item.id), true);\n
                unique.push(item);\n
            }\n
        }\n
        sessionStorage.setItem(STORAGE_KEY, JSON.stringify(unique));\n
        updateUI();\n
    };\n
\n
    // Helper: Add items (accepts array of {id, employer_id})\n
    function addItems(newItems) {\n
        const current = window.getGlobalSelectedData();\n
        // Filter out existing items that are being re-added (to update them with potentially newer data)\n
        const newIds = newItems.map(i => String(i.id));\n
        const currentFiltered = current.filter(i => !newIds.includes(String(i.id)));\n
        const combined = [...currentFiltered, ...newItems];\n
        window.setGlobalSelectedData(combined);\n
    }\n
\n
    // Helper: Remove items by ID\n
    function removeItemsByIds(idsToRemove) {\n
        const current = window.getGlobalSelectedData();\n
        const filtered = current.filter(item => !idsToRemove.includes(String(item.id)));\n
        window.setGlobalSelectedData(filtered);\n
    }\n
\n
    // Clear all selections\n
    window.clearGlobalSelection = function() {\n
        sessionStorage.removeItem(STORAGE_KEY);\n
        // Uncheck all visible\n
        document.querySelectorAll('.employee-checkbox').forEach(cb => cb.checked = false);\n
        if(selectAllCheckbox) selectAllCheckbox.checked = false;\n
        updateUI();\n
    };\n
\n
    // UI Updater\n
    function updateUI() {\n
        const allData = window.getGlobalSelectedData();\n
        const count = allData.length;\n
        const allIds = allData.map(item => String(item.id));\n
\n
        if (bulkActionBar) {\n
            if (count > 0) {\n
                bulkActionBar.style.display = 'flex';\n
                if (selectedCountSpan) selectedCountSpan.textContent = count;\n
                if (bulkActionButton) bulkActionButton.disabled = false;\n
            } else {\n
                bulkActionBar.style.display = 'none';\n
                if (bulkActionButton) bulkActionButton.disabled = true;\n
            }\n
        }\n
\n
        // Sync individual checkboxes\n
        if (employeeCheckboxes) {\n
            employeeCheckboxes.forEach(cb => {\n
                cb.checked = allIds.includes(String(cb.value));\n
            });\n
        }\n
\n
        // Sync "Select All" checkbox state based on VISIBLE items\n
        // If all visible items are in the selected set, check "Select All"\n
        if (selectAllCheckbox && employeeCheckboxes.length > 0) {\n
            const allVisibleSelected = Array.from(employeeCheckboxes).every(cb => allIds.includes(String(cb.value)));\n
            selectAllCheckbox.checked = allVisibleSelected;\n
        } else if (selectAllCheckbox) {\n
            selectAllCheckbox.checked = false;\n
        }\n
    }\n
\n
    // --- Initialization ---\n
\n
    // Note: We use Event Delegation for the individual checkboxes to support dynamic content (AJAX)\n
    // The 'employeeCheckboxes' variable defined above is static. We will re-query it when needed inside updateUI.\n
\n
    // Helper to extract rich data\n
    function getEmployeeData(cb) {\n
        return {\n
            id: cb.value,\n
            employer_id: cb.dataset.employerId || '',\n
            name_th: cb.dataset.nameTh || '',\n
            name_en: cb.dataset.nameEn || '',\n
            photo: cb.dataset.photo || '',\n
            employer_name: cb.dataset.employerName || ''\n
        };\n
    }\n
\n
    // Expose UI refresh globally (for AJAX loaded content)\n
    window.refreshGlobalSelectionUI = function() {\n
        const savedIds = window.getGlobalSelectedIds();\n
        // Re-query checkboxes to include newly added ones\n
        const currentCheckboxes = document.querySelectorAll('.employee-checkbox');\n
        currentCheckboxes.forEach(cb => {\n
            if (savedIds.includes(String(cb.value))) {\n
                cb.checked = true;\n
            } else {\n
                cb.checked = false; // Ensure unchecked if not in state\n
            }\n
        });\n
        updateUI();\n
    };\n
\n
    // 1. Restore state from storage on load\n
    window.refreshGlobalSelectionUI();\n
\n
    // 2. Handle Individual Checkbox Changes (Event Delegation)\n
    document.body.addEventListener('change', function (e) {\n
        if (e.target.matches('.employee-checkbox')) {\n
            const checkbox = e.target;\n
            const data = getEmployeeData(checkbox);\n
            if (checkbox.checked) {\n
                addItems([data]);\n
            } else {\n
                removeItemsByIds([data.id]);\n
            }\n
        }\n
    });\n
\n
    // 3. Handle "Select All" Checkbox\n
    if (selectAllCheckbox) {\n
        selectAllCheckbox.addEventListener('change', function () {\n
            // Re-query currently visible checkboxes\n
            const currentCheckboxes = document.querySelectorAll('.employee-checkbox');\n
            const visibleItems = Array.from(currentCheckboxes).map(cb => getEmployeeData(cb));\n
            const visibleIds = visibleItems.map(item => item.id);\n
\n
            if (this.checked) {\n
                // Check all visible and add to storage\n
                currentCheckboxes.forEach(cb => cb.checked = true);\n
                addItems(visibleItems);\n
            } else {\n
                // Uncheck all visible and remove from storage\n
                currentCheckboxes.forEach(cb => cb.checked = false);\n
                removeItemsByIds(visibleIds);\n
            }\n
        });\n
    }\n
});\n
</script>\n
\n
<script>\n
document.addEventListener('DOMContentLoaded', function () {\n
    document.body.addEventListener('submit', function(e) {\n
        if (e.target.matches('.delete-employee-form')) {\n
            e.preventDefault();\n
            const form = e.target;\n
\n
            Swal.fire({\n
                title: 'คุณแน่ใจหรือไม่?',\n
                text: "การกระทำนี้จะย้ายลูกจ้างไปที่ถังขยะกลาง คุณสามารถกู้คืนได้ในภายหลัง",\n
                icon: 'warning',\n
                showCancelButton: true,\n
                confirmButtonColor: '#d33',\n
                cancelButtonColor: '#6c757d',\n
                confirmButtonText: 'ใช่, ย้ายไปถังขยะ!',\n
                cancelButtonText: 'ยกเลิก'\n
            }).then((result) => {\n
                if (result.isConfirmed) {\n
                    const action = form.getAttribute('action');\n
                    const csrfToken = document.querySelector('meta[name="csrf-token"]').getAttribute('content');\n
\n
                    fetch(action, {\n
                        method: 'POST',\n
                        headers: {\n
                            'X-CSRF-TOKEN': csrfToken,\n
                            'Accept': 'application/json'\n
                        },\n
                        body: new FormData(form)\n
                    })\n
                    .then(response => response.json())\n
                    .then(data => {\n
                        if (data.success) {\n
                             window.location.reload();\n
                        } else {\n
                            showToast(data.message || 'เกิดข้อผิดพลาดขณะพยายามลบลูกจ้าง', 'danger');\n
                        }\n
                    })\n
                    .catch(error => {\n
                        console.error('Delete Error:', error);\n
                        showToast('เกิดข้อผิดพลาดทางเครือข่าย โปรดลองอีกครั้ง', 'danger');\n
                    });\n
                }\n
            });\n
        }\n
    });\n
});\n
</script>\n
\n
<!-- Scroll to Top Buttons -->\n
<div class="scroll-to-top left" id="scrollToTopLeft"><i class="bi bi-chevron-up"></i></div>\n
<div class="scroll-to-top right" id="scrollToTopRight"><i class="bi bi-chevron-up"></i></div>\n
\n
<!-- Side Drawer Handle -->\n
<div id="drawer-handle" class="drawer-handle" title="Open Menu">\n
    <i class="bi bi-chevron-right"></i>\n
</div>\n
\n
<script>\n
document.addEventListener('DOMContentLoaded', function () {\n
    // --- Scroll to Top Logic ---\n
    const scrollToTopLeft = document.getElementById('scrollToTopLeft');\n
    const scrollToTopRight = document.getElementById('scrollToTopRight');\n
\n
    function checkScroll() {\n
        if (window.scrollY > 200) {\n
            scrollToTopLeft.classList.add('show');\n
            scrollToTopRight.classList.add('show');\n
        } else {\n
            scrollToTopLeft.classList.remove('show');\n
            scrollToTopRight.classList.remove('show');\n
        }\n
    }\n
\n
    function scrollToTop() {\n
        window.scrollTo({\n
            top: 0,\n
            behavior: 'smooth'\n
        });\n
    }\n
\n
    window.addEventListener('scroll', checkScroll);\n
    scrollToTopLeft.addEventListener('click', scrollToTop);\n
    scrollToTopRight.addEventListener('click', scrollToTop);\n
\n
    // --- Drawer Handle Logic ---\n
    const drawerHandle = document.getElementById('drawer-handle');\n
    const sidebarElement = document.getElementById('sidebar');\n
\n
    if (drawerHandle && sidebarElement) {\n
        // Show handle when scrolled down\n
        window.addEventListener('scroll', function() {\n
            // Check if sidebar is currently open to avoid showing handle over it (though CSS z-index/transform handles visibility mostly)\n
            const isSidebarOpen = sidebarElement.classList.contains('show');\n
\n
            if (window.scrollY > 100 && !isSidebarOpen) {\n
                drawerHandle.classList.add('show');\n
            } else {\n
                drawerHandle.classList.remove('show');\n
            }\n
        });\n
\n
        // Open sidebar on click\n
        drawerHandle.addEventListener('click', function() {\n
            const bsOffcanvas = bootstrap.Offcanvas.getOrCreateInstance(sidebarElement);\n
            bsOffcanvas.show();\n
        });\n
\n
        // Hide handle when sidebar is open\n
        sidebarElement.addEventListener('show.bs.offcanvas', function () {\n
            drawerHandle.classList.remove('show');\n
        });\n
\n
        // Re-check scroll position when sidebar closes\n
        sidebarElement.addEventListener('hidden.bs.offcanvas', function () {\n
            if (window.scrollY > 100) {\n
                drawerHandle.classList.add('show');\n
            }\n
        });\n
    }\n
});\n
</script>\n
\n
<script>\n
    // Global Logout Handler for SweetAlert\n
    document.addEventListener('DOMContentLoaded', function() {\n
        const logoutBtn = document.getElementById('btn-logout');\n
        if(logoutBtn) {\n
            logoutBtn.addEventListener('click', function(e) {\n
                e.preventDefault();\n
                Swal.fire({\n
                    title: 'Ready to Leave?',\n
                    text: "Select &quot;Logout&quot; below if you are ready to end your current session.",\n
                    icon: 'question',\n
                    showCancelButton: true,\n
                    confirmButtonColor: '#F97316',\n
                    cancelButtonColor: '#6c757d',\n
                    confirmButtonText: 'ออกจากระบบ',\n
                    cancelButtonText: 'ยกเลิก'\n
                }).then((result) => {\n
                    if (result.isConfirmed) {\n
                        document.getElementById('logout-form').submit();\n
                    }\n
                });\n
            });\n
        }\n
    });\n
\n
    // Global Highlight & Scroll Handler\n
    document.addEventListener('DOMContentLoaded', function() {\n
        if (window.location.hash) {\n
            // Decouple from execution flow to ensure DOM is fully ready\n
            setTimeout(() => {\n
                const id = window.location.hash.substring(1);\n
                const el = document.getElementById(id);\n
                if (el) {\n
                    el.scrollIntoView({ behavior: 'smooth', block: 'center' });\n
                    el.classList.add('highlight');\n
                    setTimeout(() => {\n
                        el.classList.remove('highlight');\n
                    }, 5000);\n
                }\n
            }, 300);\n
        }\n
    });\n
</script>\n
\n
</body>\n
</html>\n
""" // vendor/laravel/framework/src/Illuminate/Testing/TestResponse.php:1810

   FAIL  Tests\Feature\Admin\IncompleteEmployeeFixTest
  ⨯ incomplete employee page loads with workflows                       36.76s
  ────────────────────────────────────────────────────────────────────────────
   FAILED  Tests\Feature\Admin\IncompleteEmployeeFixTest > incomplete employ…
  Expected: <!DOCTYPE html>\n
  <html lang="th">\n
  <head>\n
  ... (6535 more lines)

  To contain: http://localhost/workflow?tab=test-workflow&order=1&item=1

  at tests/Feature/Admin/IncompleteEmployeeFixTest.php:85
     81▕             'item' => $item->id
     82▕         ]);
     83▕
     84▕         $response->dump();
  ➜  85▕         $response->assertSee($expectedStandardUrl, false);
     86▕
     87▕         // Verify Registration Resolution Link
     88▕         // URL should be: /production/registration?highlight_employer_id={empId}&highlight_employee_id={id}
     89▕         $expectedResolutionUrl = route('production.registration.index', [


  Tests:    1 failed (2 assertions)
  Duration: 36.83s
